========================================================================
Running Quick Fix Method on All Visual ROIs
========================================================================
Job ID: 64171
Node: node2
Start time: 2025. 11. 07. (금) 00:50:37 KST
========================================================================

========================================================================
Processing ROI: V1
Time: 2025. 11. 07. (금) 00:50:38 KST
========================================================================
======================================================================
Universal HRF Reconstruction Pipeline (B&H 2009)
======================================================================
Subject: sub-01
ROI: V1
Method: Two-stage universal HRF
Use PCA: True
PCA components: 20
Output directory: derivatives/sub-01/fir_reconstruction/V1_universal_hrf

[1/8] Loading ROI mask: V1
  Path: derivatives/sub-01/roi/sub-01_V1_mask.nii.gz
  Number of voxels: 511

[2/8] Loading 6 runs of functional data and events
  Run 1: (97, 115, 97, 284), 72 events
  Run 2: (97, 115, 97, 271), 72 events
  Run 3: (97, 115, 97, 271), 72 events
  Run 4: (97, 115, 97, 271), 72 events
  Run 5: (97, 115, 97, 271), 72 events
  Run 6: (97, 115, 97, 271), 72 events
  Total: 6 runs loaded

[3/8] Fitting FIR model (may take 5-10 minutes)
  Using hrf_model='fir' with 10 time bins
  Each voxel gets its own response curve
/scratch/connectome/haba6030/colorBlind/fir_reconstruction_universal_hrf.py:226: UserWarning: Mean values of 0 observed. The data have probably been centered. Scaling might not work as expected.
  fir_model.fit(func_imgs, events_list, confounds_list)
  FIR model fitted successfully!

[4/8] Visualizing mean HRF estimated from FIR
/scratch/connectome/haba6030/colorBlind/fir_reconstruction_universal_hrf.py:248: RuntimeWarning: The same contrast will be used for all 6 runs. If the design matrices are not the same for all runs, (for example with different column names or column order across runs) you should pass contrast as an expression using the name of the conditions as they appear in the design matrices.
  contrast_map = fir_model.compute_contrast(contrast_name, output_type='effect_size')

  === Universal HRF Analysis (CORRECTED) ===
  Universal HRF (averaged across 8 colors and 511 voxels):
  Full HRF curve: [ 0.20108058  0.40164368  2.10097605 -0.10791028 -0.91697263 -3.0632455
 -1.32141366 -2.37691832  0.49491913 -0.43676268]
  Absolute values: [0.20108058 0.40164368 2.10097605 0.10791028 0.91697263 3.0632455
 1.32141366 2.37691832 0.49491913 0.43676268]
  Optimal delay: 5 TRs (7.5s)
  Peak amplitude: -3.0632
  Peak absolute amplitude: 3.0632
  Original PEAK_DELAY: 3 TRs (4.5s)

  >>> Using optimal delay 5 TRs (7.5s) for all voxels

  Saved: derivatives/sub-01/fir_reconstruction/V1_universal_hrf/figures/V1_universal_hrf.png

[5/8] Extracting beta estimates for 8 colors
/scratch/connectome/haba6030/colorBlind/fir_reconstruction_universal_hrf.py:334: RuntimeWarning: The same contrast will be used for all 6 runs. If the design matrices are not the same for all runs, (for example with different column names or column order across runs) you should pass contrast as an expression using the name of the conditions as they appear in the design matrices.
  contrast_map = fir_model.compute_contrast(contrast_name, output_type='effect_size')
/scratch/connectome/haba6030/colorBlind/fir_reconstruction_universal_hrf.py:340: RuntimeWarning: The same contrast will be used for all 6 runs. If the design matrices are not the same for all runs, (for example with different column names or column order across runs) you should pass contrast as an expression using the name of the conditions as they appear in the design matrices.
  z_map = fir_model.compute_contrast(contrast_name, output_type='z_score')
  Run 1: Extracted 8 color betas
  Run 2: Extracted 8 color betas
  Run 3: Extracted 8 color betas
  Run 4: Extracted 8 color betas
  Run 5: Extracted 8 color betas
  Run 6: Extracted 8 color betas
  Total shape: (6, 8, 511)

  Saving z-maps for each color...
  Saved z-maps to: derivatives/sub-01/fir_reconstruction/V1_universal_hrf/zmaps

Creating z-map matrix visualization...
  Saved: derivatives/sub-01/fir_reconstruction/V1_universal_hrf/figures/V1_zscores_matrix.png
/scratch/connectome/haba6030/colorBlind/fir_reconstruction_universal_hrf.py:499: UserWarning: This figure includes Axes that are not compatible with tight_layout, so results might be incorrect.
  plt.tight_layout()
  Saved: derivatives/sub-01/fir_reconstruction/V1_universal_hrf/figures/V1_top_voxels_per_color.png
  Saved: derivatives/sub-01/fir_reconstruction/V1_universal_hrf/figures/V1_color_preference_wheel.png

Z-Score Matrix Statistics:
  Voxels: 511
  Colors: 8
  Z-score range: [-3.96, 3.87]
  Selective voxels (|z|>2.3 for any color): 44 (8.6%)
  Mean |z| per color: [0.88 0.98 0.66 0.68 0.93 0.46 0.84 0.8 ]

[6/8] Classification with diagonal LDA (leave-one-run-out)
  Using PCA: 20 components
  Test run 1: 1.000 (100.0%)
  Test run 2: 1.000 (100.0%)
  Test run 3: 1.000 (100.0%)
  Test run 4: 1.000 (100.0%)
  Test run 5: 1.000 (100.0%)
  Test run 6: 1.000 (100.0%)

Mean classification accuracy: 1.000 (100.0%)
Baseline (chance): 0.125 (12.5%)

Confusion matrix (aggregated across runs):
        c  1c  2c  3c  4c  5c  6c  7c  8
  c1:   6   0   0   0   0   0   0   0 
  c2:   0   6   0   0   0   0   0   0 
  c3:   0   0   6   0   0   0   0   0 
  c4:   0   0   0   6   0   0   0   0 
  c5:   0   0   0   0   6   0   0   0 
  c6:   0   0   0   0   0   6   0   0 
  c7:   0   0   0   0   0   0   6   0 
  c8:   0   0   0   0   0   0   0   6 

Per-color classification accuracy:
  color_1: 1.000 (6/6)
  color_2: 1.000 (6/6)
  color_3: 1.000 (6/6)
  color_4: 1.000 (6/6)
  color_5: 1.000 (6/6)
  color_6: 1.000 (6/6)
  color_7: 1.000 (6/6)
  color_8: 1.000 (6/6)

[7/8] Reconstruction with B&H forward model

  === Detailed reconstruction for test run 1 ===
  color_1 (true: 182.1°):
    Reconstructed: 194° (error: 11.9°)
    Estimated channels: [-0.251, -0.346, -0.160, 0.775, 0.281, -0.090]
    Top 5 correlations: 194°(0.981) 195°(0.981) 193°(0.980) 196°(0.980) 192°(0.980) 
  color_2 (true: 288.0°):
    Reconstructed: 281° (error: 7.0°)
    Estimated channels: [-0.128, -0.190, -0.238, -0.236, 0.279, 0.532]
    Top 5 correlations: 281°(0.996) 282°(0.995) 280°(0.995) 283°(0.995) 279°(0.994) 
  color_3 (true: 305.2°):
    Reconstructed: 303° (error: 2.2°)
    Estimated channels: [0.105, -0.167, -0.341, -0.275, 0.047, 0.551]
    Top 5 correlations: 303°(0.963) 304°(0.963) 302°(0.963) 305°(0.962) 301°(0.962) 
  color_4 (true: 330.2°):
    Reconstructed: 322° (error: 8.2°)
    Estimated channels: [0.429, -0.446, -0.420, -0.267, -0.034, 0.616]
    Top 5 correlations: 322°(0.950) 321°(0.949) 323°(0.949) 320°(0.949) 324°(0.949) 
  color_5 (true: 35.3°):
    Reconstructed: 38° (error: 2.7°)
    Estimated channels: [0.510, 0.773, -0.183, -0.222, -0.193, -0.523]
    Top 5 correlations: 38°(0.969) 37°(0.969) 39°(0.969) 36°(0.968) 40°(0.968) 
  color_6 (true: 73.4°):
    Reconstructed: 71° (error: 2.4°)
    Estimated channels: [-0.193, 0.588, 0.102, -0.245, -0.055, -0.182]
    Top 5 correlations: 71°(0.968) 70°(0.967) 72°(0.967) 69°(0.966) 73°(0.966) 
  color_7 (true: 125.6°):
    Reconstructed: 133° (error: 7.4°)
    Estimated channels: [-0.308, -0.257, 0.486, 0.061, 0.020, -0.100]
    Top 5 correlations: 133°(0.888) 132°(0.888) 134°(0.888) 131°(0.887) 135°(0.886) 
  color_8 (true: 143.9°):
    Reconstructed: 136° (error: 7.9°)
    Estimated channels: [-0.166, 0.045, 0.754, 0.410, -0.345, -0.805]
    Top 5 correlations: 136°(0.875) 135°(0.875) 137°(0.875) 134°(0.875) 138°(0.874) 

  Test run 1: Mean error = 6.2°
  Test run 2: Mean error = 6.2°
  Test run 3: Mean error = 6.2°
  Test run 4: Mean error = 6.2°
  Test run 5: Mean error = 6.2°
  Test run 6: Mean error = 6.2°

Mean reconstruction error: 6.2°
Chance level (expected): 90.0° (uniform circular distribution)

[8/8] Leave-one-color-out reconstruction (novel colors)
  color_1: Mean error = 94.9°
  color_2: Mean error = 8.0°
  color_3: Mean error = 8.2°
  color_4: Mean error = 41.2°
  color_5: Mean error = 64.7°
  color_6: Mean error = 37.4°
  color_7: Mean error = 150.4°
  color_8: Mean error = 107.9°

Mean error (novel colors): 64.1°

Saving results...
  Saved: derivatives/sub-01/fir_reconstruction/V1_universal_hrf/results.pkl
  Saved: derivatives/sub-01/fir_reconstruction/V1_universal_hrf/summary.csv

Creating reconstruction visualizations...
  Saved: derivatives/sub-01/fir_reconstruction/V1_universal_hrf/figures/V1_reconstruction_per_run.png
  Saved: derivatives/sub-01/fir_reconstruction/V1_universal_hrf/figures/V1_confusion_matrix.png
Traceback (most recent call last):
  File "/scratch/connectome/haba6030/colorBlind/fir_reconstruction_universal_hrf.py", line 1049, in <module>
    from skimage import color
ModuleNotFoundError: No module named 'skimage'
✗ V1 failed with exit code 1

========================================================================
Processing ROI: V2
Time: 2025. 11. 07. (금) 01:00:22 KST
========================================================================
======================================================================
Universal HRF Reconstruction Pipeline (B&H 2009)
======================================================================
Subject: sub-01
ROI: V2
Method: Two-stage universal HRF
Use PCA: True
PCA components: 20
Output directory: derivatives/sub-01/fir_reconstruction/V2_universal_hrf

[1/8] Loading ROI mask: V2
  Path: derivatives/sub-01/roi/sub-01_V2_mask.nii.gz
  Number of voxels: 310

[2/8] Loading 6 runs of functional data and events
  Run 1: (97, 115, 97, 284), 72 events
  Run 2: (97, 115, 97, 271), 72 events
  Run 3: (97, 115, 97, 271), 72 events
  Run 4: (97, 115, 97, 271), 72 events
  Run 5: (97, 115, 97, 271), 72 events
  Run 6: (97, 115, 97, 271), 72 events
  Total: 6 runs loaded

[3/8] Fitting FIR model (may take 5-10 minutes)
  Using hrf_model='fir' with 10 time bins
  Each voxel gets its own response curve
/scratch/connectome/haba6030/colorBlind/fir_reconstruction_universal_hrf.py:226: UserWarning: Mean values of 0 observed. The data have probably been centered. Scaling might not work as expected.
  fir_model.fit(func_imgs, events_list, confounds_list)
  FIR model fitted successfully!

[4/8] Visualizing mean HRF estimated from FIR
/scratch/connectome/haba6030/colorBlind/fir_reconstruction_universal_hrf.py:248: RuntimeWarning: The same contrast will be used for all 6 runs. If the design matrices are not the same for all runs, (for example with different column names or column order across runs) you should pass contrast as an expression using the name of the conditions as they appear in the design matrices.
  contrast_map = fir_model.compute_contrast(contrast_name, output_type='effect_size')

  === Universal HRF Analysis (CORRECTED) ===
  Universal HRF (averaged across 8 colors and 310 voxels):
  Full HRF curve: [-0.43704855 -0.45164522 -0.86694317 -1.68348012 -1.69738195 -2.30509877
 -1.61428582 -1.97193908 -0.78342149 -1.0425632 ]
  Absolute values: [0.43704855 0.45164522 0.86694317 1.68348012 1.69738195 2.30509877
 1.61428582 1.97193908 0.78342149 1.0425632 ]
  Optimal delay: 5 TRs (7.5s)
  Peak amplitude: -2.3051
  Peak absolute amplitude: 2.3051
  Original PEAK_DELAY: 3 TRs (4.5s)

  >>> Using optimal delay 5 TRs (7.5s) for all voxels

  Saved: derivatives/sub-01/fir_reconstruction/V2_universal_hrf/figures/V2_universal_hrf.png

[5/8] Extracting beta estimates for 8 colors
/scratch/connectome/haba6030/colorBlind/fir_reconstruction_universal_hrf.py:334: RuntimeWarning: The same contrast will be used for all 6 runs. If the design matrices are not the same for all runs, (for example with different column names or column order across runs) you should pass contrast as an expression using the name of the conditions as they appear in the design matrices.
  contrast_map = fir_model.compute_contrast(contrast_name, output_type='effect_size')
/scratch/connectome/haba6030/colorBlind/fir_reconstruction_universal_hrf.py:340: RuntimeWarning: The same contrast will be used for all 6 runs. If the design matrices are not the same for all runs, (for example with different column names or column order across runs) you should pass contrast as an expression using the name of the conditions as they appear in the design matrices.
  z_map = fir_model.compute_contrast(contrast_name, output_type='z_score')
  Run 1: Extracted 8 color betas
  Run 2: Extracted 8 color betas
  Run 3: Extracted 8 color betas
  Run 4: Extracted 8 color betas
  Run 5: Extracted 8 color betas
  Run 6: Extracted 8 color betas
  Total shape: (6, 8, 310)

  Saving z-maps for each color...
  Saved z-maps to: derivatives/sub-01/fir_reconstruction/V2_universal_hrf/zmaps

Creating z-map matrix visualization...
  Saved: derivatives/sub-01/fir_reconstruction/V2_universal_hrf/figures/V2_zscores_matrix.png
/scratch/connectome/haba6030/colorBlind/fir_reconstruction_universal_hrf.py:499: UserWarning: This figure includes Axes that are not compatible with tight_layout, so results might be incorrect.
  plt.tight_layout()
  Saved: derivatives/sub-01/fir_reconstruction/V2_universal_hrf/figures/V2_top_voxels_per_color.png
  Saved: derivatives/sub-01/fir_reconstruction/V2_universal_hrf/figures/V2_color_preference_wheel.png

Z-Score Matrix Statistics:
  Voxels: 310
  Colors: 8
  Z-score range: [-3.43, 4.67]
  Selective voxels (|z|>2.3 for any color): 30 (9.7%)
  Mean |z| per color: [0.58 0.93 0.8  0.58 0.68 0.73 0.57 0.85]

[6/8] Classification with diagonal LDA (leave-one-run-out)
  Using PCA: 20 components
  Test run 1: 1.000 (100.0%)
  Test run 2: 1.000 (100.0%)
  Test run 3: 1.000 (100.0%)
  Test run 4: 1.000 (100.0%)
  Test run 5: 1.000 (100.0%)
  Test run 6: 1.000 (100.0%)

Mean classification accuracy: 1.000 (100.0%)
Baseline (chance): 0.125 (12.5%)

Confusion matrix (aggregated across runs):
        c  1c  2c  3c  4c  5c  6c  7c  8
  c1:   6   0   0   0   0   0   0   0 
  c2:   0   6   0   0   0   0   0   0 
  c3:   0   0   6   0   0   0   0   0 
  c4:   0   0   0   6   0   0   0   0 
  c5:   0   0   0   0   6   0   0   0 
  c6:   0   0   0   0   0   6   0   0 
  c7:   0   0   0   0   0   0   6   0 
  c8:   0   0   0   0   0   0   0   6 

Per-color classification accuracy:
  color_1: 1.000 (6/6)
  color_2: 1.000 (6/6)
  color_3: 1.000 (6/6)
  color_4: 1.000 (6/6)
  color_5: 1.000 (6/6)
  color_6: 1.000 (6/6)
  color_7: 1.000 (6/6)
  color_8: 1.000 (6/6)

[7/8] Reconstruction with B&H forward model

  === Detailed reconstruction for test run 1 ===
  color_1 (true: 182.1°):
    Reconstructed: 192° (error: 9.9°)
    Estimated channels: [-0.210, -0.231, -0.117, 0.725, 0.222, -0.185]
    Top 5 correlations: 192°(0.999) 191°(0.999) 193°(0.999) 190°(0.998) 194°(0.998) 
  color_2 (true: 288.0°):
    Reconstructed: 280° (error: 8.0°)
    Estimated channels: [-0.135, -0.214, -0.244, -0.197, 0.297, 0.524]
    Top 5 correlations: 280°(0.996) 279°(0.996) 281°(0.996) 278°(0.995) 282°(0.995) 
  color_3 (true: 305.2°):
    Reconstructed: 299° (error: 6.2°)
    Estimated channels: [0.059, -0.289, -0.393, -0.296, 0.095, 0.719]
    Top 5 correlations: 299°(0.980) 298°(0.980) 300°(0.980) 297°(0.980) 301°(0.979) 
  color_4 (true: 330.2°):
    Reconstructed: 333° (error: 2.8°)
    Estimated channels: [0.499, -0.254, -0.344, -0.291, -0.121, 0.403]
    Top 5 correlations: 333°(0.980) 334°(0.980) 332°(0.980) 335°(0.979) 331°(0.978) 
  color_5 (true: 35.3°):
    Reconstructed: 35° (error: 0.3°)
    Estimated channels: [0.450, 0.606, -0.248, -0.189, -0.115, -0.348]
    Top 5 correlations: 35°(0.981) 34°(0.981) 36°(0.981) 33°(0.980) 37°(0.980) 
  color_6 (true: 73.4°):
    Reconstructed: 70° (error: 3.4°)
    Estimated channels: [-0.146, 0.715, 0.153, -0.260, -0.112, -0.324]
    Top 5 correlations: 70°(0.983) 69°(0.983) 71°(0.983) 68°(0.982) 72°(0.982) 
  color_7 (true: 125.6°):
    Reconstructed: 125° (error: 0.6°)
    Estimated channels: [-0.268, -0.141, 0.526, -0.023, -0.046, -0.164]
    Top 5 correlations: 125°(0.951) 124°(0.951) 126°(0.951) 123°(0.950) 127°(0.950) 
  color_8 (true: 143.9°):
    Reconstructed: 146° (error: 2.1°)
    Estimated channels: [-0.249, -0.191, 0.668, 0.531, -0.220, -0.626]
    Top 5 correlations: 146°(0.950) 145°(0.950) 147°(0.949) 144°(0.949) 148°(0.949) 

  Test run 1: Mean error = 4.1°
  Test run 2: Mean error = 4.1°
  Test run 3: Mean error = 4.1°
  Test run 4: Mean error = 4.1°
  Test run 5: Mean error = 4.1°
  Test run 6: Mean error = 4.1°

Mean reconstruction error: 4.1°
Chance level (expected): 90.0° (uniform circular distribution)

[8/8] Leave-one-color-out reconstruction (novel colors)
  color_1: Mean error = 81.9°
  color_2: Mean error = 11.0°
  color_3: Mean error = 9.2°
  color_4: Mean error = 36.2°
  color_5: Mean error = 117.7°
  color_6: Mean error = 58.6°
  color_7: Mean error = 31.6°
  color_8: Mean error = 72.9°

Mean error (novel colors): 52.4°

Saving results...
  Saved: derivatives/sub-01/fir_reconstruction/V2_universal_hrf/results.pkl
  Saved: derivatives/sub-01/fir_reconstruction/V2_universal_hrf/summary.csv

Creating reconstruction visualizations...
  Saved: derivatives/sub-01/fir_reconstruction/V2_universal_hrf/figures/V2_reconstruction_per_run.png
  Saved: derivatives/sub-01/fir_reconstruction/V2_universal_hrf/figures/V2_confusion_matrix.png
Traceback (most recent call last):
  File "/scratch/connectome/haba6030/colorBlind/fir_reconstruction_universal_hrf.py", line 1049, in <module>
    from skimage import color
ModuleNotFoundError: No module named 'skimage'
✗ V2 failed with exit code 1

========================================================================
Processing ROI: V3
Time: 2025. 11. 07. (금) 01:10:29 KST
========================================================================
======================================================================
Universal HRF Reconstruction Pipeline (B&H 2009)
======================================================================
Subject: sub-01
ROI: V3
Method: Two-stage universal HRF
Use PCA: True
PCA components: 20
Output directory: derivatives/sub-01/fir_reconstruction/V3_universal_hrf

[1/8] Loading ROI mask: V3
  Path: derivatives/sub-01/roi/sub-01_V3_mask.nii.gz
  Number of voxels: 89

[2/8] Loading 6 runs of functional data and events
  Run 1: (97, 115, 97, 284), 72 events
  Run 2: (97, 115, 97, 271), 72 events
  Run 3: (97, 115, 97, 271), 72 events
  Run 4: (97, 115, 97, 271), 72 events
  Run 5: (97, 115, 97, 271), 72 events
  Run 6: (97, 115, 97, 271), 72 events
  Total: 6 runs loaded

[3/8] Fitting FIR model (may take 5-10 minutes)
  Using hrf_model='fir' with 10 time bins
  Each voxel gets its own response curve
/scratch/connectome/haba6030/colorBlind/fir_reconstruction_universal_hrf.py:226: UserWarning: Mean values of 0 observed. The data have probably been centered. Scaling might not work as expected.
  fir_model.fit(func_imgs, events_list, confounds_list)
  FIR model fitted successfully!

[4/8] Visualizing mean HRF estimated from FIR
/scratch/connectome/haba6030/colorBlind/fir_reconstruction_universal_hrf.py:248: RuntimeWarning: The same contrast will be used for all 6 runs. If the design matrices are not the same for all runs, (for example with different column names or column order across runs) you should pass contrast as an expression using the name of the conditions as they appear in the design matrices.
  contrast_map = fir_model.compute_contrast(contrast_name, output_type='effect_size')

  === Universal HRF Analysis (CORRECTED) ===
  Universal HRF (averaged across 8 colors and 89 voxels):
  Full HRF curve: [-0.22853314 -0.20714519  0.48918185  0.27524623  1.71639456 -1.7861877
  1.21319138 -0.67534219  1.4825654   1.79321797]
  Absolute values: [0.22853314 0.20714519 0.48918185 0.27524623 1.71639456 1.7861877
 1.21319138 0.67534219 1.4825654  1.79321797]
  Optimal delay: 9 TRs (13.5s)
  Peak amplitude: 1.7932
  Peak absolute amplitude: 1.7932
  Original PEAK_DELAY: 3 TRs (4.5s)

  >>> Using optimal delay 9 TRs (13.5s) for all voxels

  Saved: derivatives/sub-01/fir_reconstruction/V3_universal_hrf/figures/V3_universal_hrf.png

[5/8] Extracting beta estimates for 8 colors
/scratch/connectome/haba6030/colorBlind/fir_reconstruction_universal_hrf.py:334: RuntimeWarning: The same contrast will be used for all 6 runs. If the design matrices are not the same for all runs, (for example with different column names or column order across runs) you should pass contrast as an expression using the name of the conditions as they appear in the design matrices.
  contrast_map = fir_model.compute_contrast(contrast_name, output_type='effect_size')
/scratch/connectome/haba6030/colorBlind/fir_reconstruction_universal_hrf.py:340: RuntimeWarning: The same contrast will be used for all 6 runs. If the design matrices are not the same for all runs, (for example with different column names or column order across runs) you should pass contrast as an expression using the name of the conditions as they appear in the design matrices.
  z_map = fir_model.compute_contrast(contrast_name, output_type='z_score')
  Run 1: Extracted 8 color betas
  Run 2: Extracted 8 color betas
  Run 3: Extracted 8 color betas
  Run 4: Extracted 8 color betas
  Run 5: Extracted 8 color betas
  Run 6: Extracted 8 color betas
  Total shape: (6, 8, 89)

  Saving z-maps for each color...
  Saved z-maps to: derivatives/sub-01/fir_reconstruction/V3_universal_hrf/zmaps

Creating z-map matrix visualization...
  Saved: derivatives/sub-01/fir_reconstruction/V3_universal_hrf/figures/V3_zscores_matrix.png
/scratch/connectome/haba6030/colorBlind/fir_reconstruction_universal_hrf.py:499: UserWarning: This figure includes Axes that are not compatible with tight_layout, so results might be incorrect.
  plt.tight_layout()
  Saved: derivatives/sub-01/fir_reconstruction/V3_universal_hrf/figures/V3_top_voxels_per_color.png
  Saved: derivatives/sub-01/fir_reconstruction/V3_universal_hrf/figures/V3_color_preference_wheel.png

Z-Score Matrix Statistics:
  Voxels: 89
  Colors: 8
  Z-score range: [-2.97, 2.86]
  Selective voxels (|z|>2.3 for any color): 18 (20.2%)
  Mean |z| per color: [0.71 0.83 0.65 0.77 0.78 0.92 0.74 0.73]

[6/8] Classification with diagonal LDA (leave-one-run-out)
  Using PCA: 20 components
  Test run 1: 1.000 (100.0%)
  Test run 2: 1.000 (100.0%)
  Test run 3: 1.000 (100.0%)
  Test run 4: 1.000 (100.0%)
  Test run 5: 1.000 (100.0%)
  Test run 6: 1.000 (100.0%)

Mean classification accuracy: 1.000 (100.0%)
Baseline (chance): 0.125 (12.5%)

Confusion matrix (aggregated across runs):
        c  1c  2c  3c  4c  5c  6c  7c  8
  c1:   6   0   0   0   0   0   0   0 
  c2:   0   6   0   0   0   0   0   0 
  c3:   0   0   6   0   0   0   0   0 
  c4:   0   0   0   6   0   0   0   0 
  c5:   0   0   0   0   6   0   0   0 
  c6:   0   0   0   0   0   6   0   0 
  c7:   0   0   0   0   0   0   6   0 
  c8:   0   0   0   0   0   0   0   6 

Per-color classification accuracy:
  color_1: 1.000 (6/6)
  color_2: 1.000 (6/6)
  color_3: 1.000 (6/6)
  color_4: 1.000 (6/6)
  color_5: 1.000 (6/6)
  color_6: 1.000 (6/6)
  color_7: 1.000 (6/6)
  color_8: 1.000 (6/6)

[7/8] Reconstruction with B&H forward model

  === Detailed reconstruction for test run 1 ===
  color_1 (true: 182.1°):
    Reconstructed: 189° (error: 6.9°)
    Estimated channels: [-0.207, -0.234, -0.058, 0.759, 0.190, -0.256]
    Top 5 correlations: 189°(0.998) 188°(0.998) 190°(0.998) 187°(0.997) 191°(0.997) 
  color_2 (true: 288.0°):
    Reconstructed: 281° (error: 7.0°)
    Estimated channels: [-0.164, -0.208, -0.262, -0.292, 0.321, 0.620]
    Top 5 correlations: 281°(0.996) 282°(0.996) 280°(0.995) 283°(0.995) 279°(0.994) 
  color_3 (true: 305.2°):
    Reconstructed: 302° (error: 3.2°)
    Estimated channels: [0.125, -0.298, -0.442, -0.111, 0.086, 0.591]
    Top 5 correlations: 302°(0.927) 303°(0.927) 301°(0.927) 304°(0.927) 300°(0.927) 
  color_4 (true: 330.2°):
    Reconstructed: 330° (error: 0.2°)
    Estimated channels: [0.448, -0.249, -0.256, -0.413, -0.138, 0.450]
    Top 5 correlations: 330°(0.973) 329°(0.973) 331°(0.973) 328°(0.972) 332°(0.972) 
  color_5 (true: 35.3°):
    Reconstructed: 33° (error: 2.3°)
    Estimated channels: [0.483, 0.603, -0.327, -0.119, -0.093, -0.356]
    Top 5 correlations: 33°(0.966) 34°(0.966) 32°(0.965) 35°(0.965) 31°(0.964) 
  color_6 (true: 73.4°):
    Reconstructed: 73° (error: 0.4°)
    Estimated channels: [-0.181, 0.719, 0.211, -0.343, -0.123, -0.290]
    Top 5 correlations: 73°(0.983) 72°(0.983) 74°(0.983) 71°(0.982) 75°(0.982) 
  color_7 (true: 125.6°):
    Reconstructed: 130° (error: 4.4°)
    Estimated channels: [-0.232, -0.150, 0.592, 0.113, -0.098, -0.328]
    Top 5 correlations: 130°(0.975) 131°(0.975) 129°(0.974) 132°(0.974) 128°(0.973) 
  color_8 (true: 143.9°):
    Reconstructed: 145° (error: 1.1°)
    Estimated channels: [-0.273, -0.182, 0.542, 0.406, -0.145, -0.431]
    Top 5 correlations: 145°(0.969) 144°(0.968) 146°(0.968) 143°(0.968) 147°(0.967) 

  Test run 1: Mean error = 3.2°
  Test run 2: Mean error = 3.2°
  Test run 3: Mean error = 3.2°
  Test run 4: Mean error = 3.2°
  Test run 5: Mean error = 3.2°
  Test run 6: Mean error = 3.2°

Mean reconstruction error: 3.2°
Chance level (expected): 90.0° (uniform circular distribution)

[8/8] Leave-one-color-out reconstruction (novel colors)
  color_1: Mean error = 96.9°
  color_2: Mean error = 161.0°
  color_3: Mean error = 110.8°
  color_4: Mean error = 141.8°
  color_5: Mean error = 126.7°
  color_6: Mean error = 125.4°
  color_7: Mean error = 154.6°
  color_8: Mean error = 146.9°

Mean error (novel colors): 133.0°

Saving results...
  Saved: derivatives/sub-01/fir_reconstruction/V3_universal_hrf/results.pkl
  Saved: derivatives/sub-01/fir_reconstruction/V3_universal_hrf/summary.csv

Creating reconstruction visualizations...
  Saved: derivatives/sub-01/fir_reconstruction/V3_universal_hrf/figures/V3_reconstruction_per_run.png
  Saved: derivatives/sub-01/fir_reconstruction/V3_universal_hrf/figures/V3_confusion_matrix.png
Traceback (most recent call last):
  File "/scratch/connectome/haba6030/colorBlind/fir_reconstruction_universal_hrf.py", line 1049, in <module>
    from skimage import color
ModuleNotFoundError: No module named 'skimage'
✗ V3 failed with exit code 1

========================================================================
Processing ROI: V4
Time: 2025. 11. 07. (금) 01:20:06 KST
========================================================================
======================================================================
Universal HRF Reconstruction Pipeline (B&H 2009)
======================================================================
Subject: sub-01
ROI: V4
Method: Two-stage universal HRF
Use PCA: True
PCA components: 20
Output directory: derivatives/sub-01/fir_reconstruction/V4_universal_hrf

ERROR: ROI mask not found: derivatives/sub-01/roi/sub-01_V4_mask.nii.gz
✗ V4 failed with exit code 1

========================================================================
Processing ROI: hV4
Time: 2025. 11. 07. (금) 01:20:13 KST
========================================================================
======================================================================
Universal HRF Reconstruction Pipeline (B&H 2009)
======================================================================
Subject: sub-01
ROI: hV4
Method: Two-stage universal HRF
Use PCA: True
PCA components: 20
Output directory: derivatives/sub-01/fir_reconstruction/hV4_universal_hrf

[1/8] Loading ROI mask: hV4
  Path: derivatives/sub-01/roi/sub-01_hV4_mask.nii.gz
  Number of voxels: 55

[2/8] Loading 6 runs of functional data and events
  Run 1: (97, 115, 97, 284), 72 events
  Run 2: (97, 115, 97, 271), 72 events
  Run 3: (97, 115, 97, 271), 72 events
  Run 4: (97, 115, 97, 271), 72 events
  Run 5: (97, 115, 97, 271), 72 events
  Run 6: (97, 115, 97, 271), 72 events
  Total: 6 runs loaded

[3/8] Fitting FIR model (may take 5-10 minutes)
  Using hrf_model='fir' with 10 time bins
  Each voxel gets its own response curve
/scratch/connectome/haba6030/colorBlind/fir_reconstruction_universal_hrf.py:226: UserWarning: Mean values of 0 observed. The data have probably been centered. Scaling might not work as expected.
  fir_model.fit(func_imgs, events_list, confounds_list)
  FIR model fitted successfully!

[4/8] Visualizing mean HRF estimated from FIR
/scratch/connectome/haba6030/colorBlind/fir_reconstruction_universal_hrf.py:248: RuntimeWarning: The same contrast will be used for all 6 runs. If the design matrices are not the same for all runs, (for example with different column names or column order across runs) you should pass contrast as an expression using the name of the conditions as they appear in the design matrices.
  contrast_map = fir_model.compute_contrast(contrast_name, output_type='effect_size')

  === Universal HRF Analysis (CORRECTED) ===
  Universal HRF (averaged across 8 colors and 55 voxels):
  Full HRF curve: [ 1.53630661 -0.16864518  0.3158818  -0.32307397 -1.29092865 -2.39750133
 -0.56027749 -2.23383665  0.58682001 -0.42622528]
  Absolute values: [1.53630661 0.16864518 0.3158818  0.32307397 1.29092865 2.39750133
 0.56027749 2.23383665 0.58682001 0.42622528]
  Optimal delay: 5 TRs (7.5s)
  Peak amplitude: -2.3975
  Peak absolute amplitude: 2.3975
  Original PEAK_DELAY: 3 TRs (4.5s)

  >>> Using optimal delay 5 TRs (7.5s) for all voxels

  Saved: derivatives/sub-01/fir_reconstruction/hV4_universal_hrf/figures/hV4_universal_hrf.png

[5/8] Extracting beta estimates for 8 colors
/scratch/connectome/haba6030/colorBlind/fir_reconstruction_universal_hrf.py:334: RuntimeWarning: The same contrast will be used for all 6 runs. If the design matrices are not the same for all runs, (for example with different column names or column order across runs) you should pass contrast as an expression using the name of the conditions as they appear in the design matrices.
  contrast_map = fir_model.compute_contrast(contrast_name, output_type='effect_size')
/scratch/connectome/haba6030/colorBlind/fir_reconstruction_universal_hrf.py:340: RuntimeWarning: The same contrast will be used for all 6 runs. If the design matrices are not the same for all runs, (for example with different column names or column order across runs) you should pass contrast as an expression using the name of the conditions as they appear in the design matrices.
  z_map = fir_model.compute_contrast(contrast_name, output_type='z_score')
  Run 1: Extracted 8 color betas
  Run 2: Extracted 8 color betas
  Run 3: Extracted 8 color betas
  Run 4: Extracted 8 color betas
  Run 5: Extracted 8 color betas
  Run 6: Extracted 8 color betas
  Total shape: (6, 8, 55)

  Saving z-maps for each color...
/scratch/connectome/haba6030/colorBlind/fir_reconstruction_universal_hrf.py:370: UserWarning: empty mask
  display = plotting.plot_stat_map(
  Saved z-maps to: derivatives/sub-01/fir_reconstruction/hV4_universal_hrf/zmaps

Creating z-map matrix visualization...
  Saved: derivatives/sub-01/fir_reconstruction/hV4_universal_hrf/figures/hV4_zscores_matrix.png
/scratch/connectome/haba6030/colorBlind/fir_reconstruction_universal_hrf.py:499: UserWarning: This figure includes Axes that are not compatible with tight_layout, so results might be incorrect.
  plt.tight_layout()
  Saved: derivatives/sub-01/fir_reconstruction/hV4_universal_hrf/figures/hV4_top_voxels_per_color.png
  Saved: derivatives/sub-01/fir_reconstruction/hV4_universal_hrf/figures/hV4_color_preference_wheel.png

Z-Score Matrix Statistics:
  Voxels: 55
  Colors: 8
  Z-score range: [-4.79, 2.75]
  Selective voxels (|z|>2.3 for any color): 10 (18.2%)
  Mean |z| per color: [0.89 0.9  0.87 0.94 0.9  0.85 0.86 0.92]

[6/8] Classification with diagonal LDA (leave-one-run-out)
  Using PCA: 20 components
  Test run 1: 1.000 (100.0%)
  Test run 2: 1.000 (100.0%)
  Test run 3: 1.000 (100.0%)
  Test run 4: 1.000 (100.0%)
  Test run 5: 1.000 (100.0%)
  Test run 6: 1.000 (100.0%)

Mean classification accuracy: 1.000 (100.0%)
Baseline (chance): 0.125 (12.5%)

Confusion matrix (aggregated across runs):
        c  1c  2c  3c  4c  5c  6c  7c  8
  c1:   6   0   0   0   0   0   0   0 
  c2:   0   6   0   0   0   0   0   0 
  c3:   0   0   6   0   0   0   0   0 
  c4:   0   0   0   6   0   0   0   0 
  c5:   0   0   0   0   6   0   0   0 
  c6:   0   0   0   0   0   6   0   0 
  c7:   0   0   0   0   0   0   6   0 
  c8:   0   0   0   0   0   0   0   6 

Per-color classification accuracy:
  color_1: 1.000 (6/6)
  color_2: 1.000 (6/6)
  color_3: 1.000 (6/6)
  color_4: 1.000 (6/6)
  color_5: 1.000 (6/6)
  color_6: 1.000 (6/6)
  color_7: 1.000 (6/6)
  color_8: 1.000 (6/6)

[7/8] Reconstruction with B&H forward model

  === Detailed reconstruction for test run 1 ===
  color_1 (true: 182.1°):
    Reconstructed: 192° (error: 9.9°)
    Estimated channels: [-0.142, -0.140, -0.143, 0.673, 0.185, -0.225]
    Top 5 correlations: 192°(0.993) 191°(0.993) 193°(0.993) 190°(0.992) 194°(0.992) 
  color_2 (true: 288.0°):
    Reconstructed: 279° (error: 9.0°)
    Estimated channels: [-0.217, -0.262, -0.229, -0.191, 0.335, 0.586]
    Top 5 correlations: 279°(0.998) 278°(0.998) 280°(0.998) 277°(0.997) 281°(0.997) 
  color_3 (true: 305.2°):
    Reconstructed: 305° (error: 0.2°)
    Estimated channels: [0.156, -0.312, -0.391, -0.229, 0.059, 0.628]
    Top 5 correlations: 305°(0.960) 304°(0.960) 306°(0.960) 303°(0.960) 307°(0.959) 
  color_4 (true: 330.2°):
    Reconstructed: 331° (error: 0.8°)
    Estimated channels: [0.476, -0.162, -0.366, -0.387, -0.121, 0.445]
    Top 5 correlations: 331°(0.962) 332°(0.962) 330°(0.961) 333°(0.961) 329°(0.960) 
  color_5 (true: 35.3°):
    Reconstructed: 32° (error: 3.3°)
    Estimated channels: [0.443, 0.513, -0.225, -0.108, -0.103, -0.363]
    Top 5 correlations: 32°(0.965) 33°(0.965) 31°(0.964) 34°(0.964) 30°(0.963) 
  color_6 (true: 73.4°):
    Reconstructed: 69° (error: 4.4°)
    Estimated channels: [-0.164, 0.775, 0.138, -0.324, -0.111, -0.294]
    Top 5 correlations: 69°(0.983) 70°(0.982) 68°(0.982) 71°(0.982) 67°(0.981) 
  color_7 (true: 125.6°):
    Reconstructed: 117° (error: 8.6°)
    Estimated channels: [-0.121, -0.016, 0.489, -0.070, -0.118, -0.266]
    Top 5 correlations: 117°(0.976) 118°(0.976) 116°(0.975) 119°(0.975) 115°(0.974) 
  color_8 (true: 143.9°):
    Reconstructed: 148° (error: 4.1°)
    Estimated channels: [-0.431, -0.396, 0.726, 0.635, -0.126, -0.511]
    Top 5 correlations: 148°(0.973) 147°(0.972) 149°(0.972) 146°(0.971) 150°(0.971) 

  Test run 1: Mean error = 5.0°
  Test run 2: Mean error = 5.0°
  Test run 3: Mean error = 5.0°
  Test run 4: Mean error = 5.0°
  Test run 5: Mean error = 5.0°
  Test run 6: Mean error = 5.0°

Mean reconstruction error: 5.0°
Chance level (expected): 90.0° (uniform circular distribution)

[8/8] Leave-one-color-out reconstruction (novel colors)
  color_1: Mean error = 93.1°
  color_2: Mean error = 95.0°
  color_3: Mean error = 10.8°
  color_4: Mean error = 31.2°
  color_5: Mean error = 112.7°
  color_6: Mean error = 36.6°
  color_7: Mean error = 94.6°
  color_8: Mean error = 126.1°

Mean error (novel colors): 75.0°

Saving results...
  Saved: derivatives/sub-01/fir_reconstruction/hV4_universal_hrf/results.pkl
  Saved: derivatives/sub-01/fir_reconstruction/hV4_universal_hrf/summary.csv

Creating reconstruction visualizations...
  Saved: derivatives/sub-01/fir_reconstruction/hV4_universal_hrf/figures/hV4_reconstruction_per_run.png
  Saved: derivatives/sub-01/fir_reconstruction/hV4_universal_hrf/figures/hV4_confusion_matrix.png
Traceback (most recent call last):
  File "/scratch/connectome/haba6030/colorBlind/fir_reconstruction_universal_hrf.py", line 1049, in <module>
    from skimage import color
ModuleNotFoundError: No module named 'skimage'
✗ hV4 failed with exit code 1

========================================================================
Processing ROI: VO1
Time: 2025. 11. 07. (금) 01:29:44 KST
========================================================================
======================================================================
Universal HRF Reconstruction Pipeline (B&H 2009)
======================================================================
Subject: sub-01
ROI: VO1
Method: Two-stage universal HRF
Use PCA: True
PCA components: 20
Output directory: derivatives/sub-01/fir_reconstruction/VO1_universal_hrf

ERROR: ROI mask not found: derivatives/sub-01/roi/sub-01_VO1_mask.nii.gz
✗ VO1 failed with exit code 1


========================================================================
ALL ROIs COMPLETE - SUMMARY RESULTS
========================================================================

----------------------------------------
V1:
----------------------------------------
  Voxels: 511
  Optimal delay: 5 TRs
  Classification: 100%
  Novel error: 64.08596884825141°

----------------------------------------
V2:
----------------------------------------
  Voxels: 310
  Optimal delay: 5 TRs
  Classification: 100%
  Novel error: 52.39623334774552°

----------------------------------------
V3:
----------------------------------------
  Voxels: 89
  Optimal delay: 9 TRs
  Classification: 100%
  Novel error: 132.99943823404323°

V4: FAILED - no results file

----------------------------------------
hV4:
----------------------------------------
  Voxels: 55
  Optimal delay: 5 TRs
  Classification: 100%
  Novel error: 75.01759294405298°

VO1: FAILED - no results file

========================================================================
End time: 2025. 11. 07. (금) 01:29:50 KST
========================================================================
