========================================================================
Running BOTH Universal HRF Methods in Parallel
========================================================================
Job ID: 64158
Node: node2
ROI: V2
========================================================================

Starting Method 2: True Paper Method...
Time: 2025. 11. 06. (목) 22:28:05 KST
Method 2 started (PID: 214571)

Waiting for both methods to complete...

======================================================================
TRUE B&H 2009 Paper Method: Universal HRF as GLM Basis
======================================================================
Subject: sub-01
ROI: V2
Method: Two-stage GLM with universal HRF
Use PCA: True
PCA components: 20
Output directory: derivatives/sub-01/fir_reconstruction/V2_true_paper

[1/9] Loading ROI mask: V2
  Path: derivatives/sub-01/roi/sub-01_V2_mask.nii.gz
  Number of voxels: 310

[2/9] Loading 6 runs of functional data and events
  Run 1: (97, 115, 97, 284), 72 events
  Run 2: (97, 115, 97, 271), 72 events
  Run 3: (97, 115, 97, 271), 72 events
  Run 4: (97, 115, 97, 271), 72 events
  Run 5: (97, 115, 97, 271), 72 events
  Run 6: (97, 115, 97, 271), 72 events
  Total: 6 runs loaded

[3/9] STAGE 1: Estimating universal HRF with FIR
  Using hrf_model='fir' with 8 time bins
  This estimates per-voxel HRFs to be averaged
/scratch/connectome/haba6030/colorBlind/fir_reconstruction_true_paper.py:221: UserWarning: Mean values of 0 observed. The data have probably been centered. Scaling might not work as expected.
  fir_model.fit(func_imgs, events_list, confounds_list)
  FIR model fitted successfully!

[4/9] Extracting universal HRF by averaging across voxels and colors
/scratch/connectome/haba6030/colorBlind/fir_reconstruction_true_paper.py:243: RuntimeWarning: The same contrast will be used for all 6 runs. If the design matrices are not the same for all runs, (for example with different column names or column order across runs) you should pass contrast as an expression using the name of the conditions as they appear in the design matrices.
  contrast_map = fir_model.compute_contrast(contrast_name, output_type='effect_size')
  Universal HRF shape: (8,)
  Universal HRF values: [ 0.01409645 -0.23496391 -0.41385217 -1.32792353 -1.86394326 -2.09867758
 -1.43646717 -1.39818475]
  Normalized HRF: [ 0.00671682 -0.11195808 -0.19719664 -0.63274299 -0.88815132 -1.
 -0.68446301 -0.6662218 ]
  Peak at delay: 5 TRs (7.5s)

  Saved: derivatives/sub-01/fir_reconstruction/V2_true_paper/figures/V2_universal_hrf_true_paper.png

[5/9] STAGE 2: Re-fitting GLM with universal HRF as custom basis
  This extracts amplitude weights (not delays!) for each voxel×color
  Fitting GLM with custom universal HRF basis...
/scratch/connectome/haba6030/colorBlind/fir_reconstruction_true_paper.py:348: UserWarning: If design matrices are supplied, [t_r] will be ignored.
  glm_model.fit(func_imgs, design_matrices=design_matrices)
/scratch/connectome/haba6030/colorBlind/fir_reconstruction_true_paper.py:348: UserWarning: Mean values of 0 observed. The data have probably been centered. Scaling might not work as expected.
  glm_model.fit(func_imgs, design_matrices=design_matrices)
  GLM refitting complete!

[6/9] Extracting beta amplitudes for 8 colors
  NOTE: No delays - each voxel has 1 amplitude per color!
/scratch/connectome/haba6030/colorBlind/fir_reconstruction_true_paper.py:371: RuntimeWarning: The same contrast will be used for all 6 runs. If the design matrices are not the same for all runs, (for example with different column names or column order across runs) you should pass contrast as an expression using the name of the conditions as they appear in the design matrices.
  contrast_map = glm_model.compute_contrast(color_name, output_type='effect_size')
  Run 1: Extracted 8 color amplitudes
  Run 2: Extracted 8 color amplitudes
  Run 3: Extracted 8 color amplitudes
  Run 4: Extracted 8 color amplitudes
  Run 5: Extracted 8 color amplitudes
  Run 6: Extracted 8 color amplitudes
  Total shape: (6, 8, 310)
  Parameters: 8 HRF + 2480 amplitudes = 2488

======================================================================
TRUE PAPER METHOD IMPLEMENTATION COMPLETE!
Continuing with same classification/reconstruction pipeline...
======================================================================

[7/9] Classification with diagonal LDA (leave-one-run-out)
  Using PCA: 20 components
  Test run 1: 1.000 (100.0%)
  Test run 2: 1.000 (100.0%)
  Test run 3: 1.000 (100.0%)
  Test run 4: 1.000 (100.0%)
  Test run 5: 1.000 (100.0%)
  Test run 6: 1.000 (100.0%)

Mean classification accuracy: 1.000 (100.0%)
Baseline (chance): 0.125 (12.5%)

Confusion matrix (aggregated across runs):
        c  1c  2c  3c  4c  5c  6c  7c  8
  c1:   6   0   0   0   0   0   0   0 
  c2:   0   6   0   0   0   0   0   0 
  c3:   0   0   6   0   0   0   0   0 
  c4:   0   0   0   6   0   0   0   0 
  c5:   0   0   0   0   6   0   0   0 
  c6:   0   0   0   0   0   6   0   0 
  c7:   0   0   0   0   0   0   6   0 
  c8:   0   0   0   0   0   0   0   6 

Per-color classification accuracy:
  color_1: 1.000 (6/6)
  color_2: 1.000 (6/6)
  color_3: 1.000 (6/6)
  color_4: 1.000 (6/6)
  color_5: 1.000 (6/6)
  color_6: 1.000 (6/6)
  color_7: 1.000 (6/6)
  color_8: 1.000 (6/6)

[8/9] Reconstruction with B&H forward model

  === Detailed reconstruction for test run 1 ===
  color_1 (true: 182.1°):
    Reconstructed: 188° (error: 5.9°)
    Estimated channels: [-0.192, -0.225, -0.053, 0.716, 0.156, -0.234]
    Top 5 correlations: 188°(0.999) 187°(0.999) 189°(0.998) 186°(0.998) 190°(0.997) 
  color_2 (true: 288.0°):
    Reconstructed: 277° (error: 11.0°)
    Estimated channels: [-0.133, -0.182, -0.343, -0.157, 0.376, 0.536]
    Top 5 correlations: 277°(0.979) 276°(0.979) 278°(0.978) 275°(0.978) 279°(0.977) 
  color_3 (true: 305.2°):
    Reconstructed: 301° (error: 4.2°)
    Estimated channels: [0.025, -0.379, -0.246, -0.383, 0.002, 0.767]
    Top 5 correlations: 301°(0.990) 300°(0.989) 302°(0.989) 299°(0.989) 303°(0.988) 
  color_4 (true: 330.2°):
    Reconstructed: 339° (error: 8.8°)
    Estimated channels: [0.542, -0.176, -0.411, -0.227, -0.098, 0.324]
    Top 5 correlations: 339°(0.960) 338°(0.960) 340°(0.960) 337°(0.959) 341°(0.959) 
  color_5 (true: 35.3°):
    Reconstructed: 35° (error: 0.3°)
    Estimated channels: [0.415, 0.551, -0.224, -0.229, -0.109, -0.279]
    Top 5 correlations: 35°(0.988) 34°(0.988) 36°(0.988) 33°(0.987) 37°(0.986) 
  color_6 (true: 73.4°):
    Reconstructed: 67° (error: 6.4°)
    Estimated channels: [-0.118, 0.768, 0.106, -0.217, -0.095, -0.376]
    Top 5 correlations: 67°(0.974) 68°(0.974) 66°(0.974) 69°(0.973) 65°(0.973) 
  color_7 (true: 125.6°):
    Reconstructed: 123° (error: 2.6°)
    Estimated channels: [-0.256, -0.173, 0.690, -0.076, -0.188, -0.215]
    Top 5 correlations: 123°(0.979) 122°(0.979) 124°(0.979) 121°(0.978) 125°(0.978) 
  color_8 (true: 143.9°):
    Reconstructed: 154° (error: 10.1°)
    Estimated channels: [-0.283, -0.184, 0.482, 0.573, -0.044, -0.524]
    Top 5 correlations: 154°(0.934) 153°(0.934) 155°(0.934) 152°(0.934) 156°(0.933) 

  Test run 1: Mean error = 6.1°
  Test run 2: Mean error = 6.1°
  Test run 3: Mean error = 6.1°
  Test run 4: Mean error = 6.1°
  Test run 5: Mean error = 6.1°
  Test run 6: Mean error = 6.1°

Mean reconstruction error: 6.1°
Chance level (expected): 90.0° (uniform circular distribution)

[9/9] Leave-one-color-out reconstruction (novel colors)
  color_1: Mean error = 144.9°
  color_2: Mean error = 103.0°
  color_3: Mean error = 140.8°
  color_4: Mean error = 73.8°
  color_5: Mean error = 166.7°
  color_6: Mean error = 106.4°
  color_7: Mean error = 35.4°
  color_8: Mean error = 69.9°

Mean error (novel colors): 105.1°

Saving results...
  Saved: derivatives/sub-01/fir_reconstruction/V2_true_paper/results.pkl
  Saved: derivatives/sub-01/fir_reconstruction/V2_true_paper/summary.csv

======================================================================
TRUE B&H 2009 Paper Method Complete!
======================================================================

ROI: V2
Method: Universal HRF as GLM basis (full curve)
  - Stage 1: FIR estimation → universal HRF (8 time points)
  - Stage 2: GLM refitting with universal HRF basis
  - Extracts amplitude weights (not delays!)
  - HRF peak at: 5 TRs (7.5s)
Voxels: 310
PCA: 20 components

Results:
  Classification accuracy: 100.0% (chance: 12.5%)
  Reconstruction error: 6.1° (chance: 90.0°)
  Novel color error: 105.1°

Output directory: derivatives/sub-01/fir_reconstruction/V2_true_paper
======================================================================
Exception ignored in: Exception ignored in sys.unraisablehookMethod 2 (True Paper) completed with exit code: 120

========================================================================
RESULTS COMPARISON
========================================================================

Method 1 (Quick Fix - Corrected Delay):
ROI,Method,N_voxels,Optimal_delay_TRs,Use_PCA,N_components,Classification_accuracy,Reconstruction_error_deg,Novel_color_error_deg
V2,universal_hrf,310,5,True,20,1.0,4.146176376135031,52.39623334774552

Method 2 (True Paper - GLM Basis):
ROI,Method,N_voxels,HRF_type,Peak_delay_TRs,Use_PCA,N_components,Classification_accuracy,Reconstruction_error_deg,Novel_color_error_deg
V2,true_paper,310,full_curve_basis,5,True,20,1.0,6.146176376135031,105.10315182420945

========================================================================
End time: 2025. 11. 06. (목) 22:37:15 KST
========================================================================
