/scratch/connectome/haba6030/colorBlind/build_roi_masks.py:200: FutureWarning: 'force_resample' will be set to 'True' by default in Nilearn 0.13.0.
Use 'force_resample=True' to suppress this warning.
  roi_resampled = image.resample_img(
/scratch/connectome/haba6030/colorBlind/build_roi_masks.py:200: FutureWarning: From release 0.13.0 onwards, this function will, by default, copy the header of the input image to the output. Currently, the header is reset to the default Nifti1Header. To suppress this warning and use the new behavior, set `copy_header=True`.
  roi_resampled = image.resample_img(
/scratch/connectome/haba6030/colorBlind/build_roi_masks.py:217: FutureWarning: 'force_resample' will be set to 'True' by default in Nilearn 0.13.0.
Use 'force_resample=True' to suppress this warning.
  brain_resampled = image.resample_img(
/scratch/connectome/haba6030/colorBlind/build_roi_masks.py:217: FutureWarning: From release 0.13.0 onwards, this function will, by default, copy the header of the input image to the output. Currently, the header is reset to the default Nifti1Header. To suppress this warning and use the new behavior, set `copy_header=True`.
  brain_resampled = image.resample_img(
/scratch/connectome/haba6030/colorBlind/build_roi_masks.py:200: FutureWarning: 'force_resample' will be set to 'True' by default in Nilearn 0.13.0.
Use 'force_resample=True' to suppress this warning.
  roi_resampled = image.resample_img(
/scratch/connectome/haba6030/colorBlind/build_roi_masks.py:200: FutureWarning: From release 0.13.0 onwards, this function will, by default, copy the header of the input image to the output. Currently, the header is reset to the default Nifti1Header. To suppress this warning and use the new behavior, set `copy_header=True`.
  roi_resampled = image.resample_img(
/scratch/connectome/haba6030/colorBlind/build_roi_masks.py:217: FutureWarning: 'force_resample' will be set to 'True' by default in Nilearn 0.13.0.
Use 'force_resample=True' to suppress this warning.
  brain_resampled = image.resample_img(
/scratch/connectome/haba6030/colorBlind/build_roi_masks.py:217: FutureWarning: From release 0.13.0 onwards, this function will, by default, copy the header of the input image to the output. Currently, the header is reset to the default Nifti1Header. To suppress this warning and use the new behavior, set `copy_header=True`.
  brain_resampled = image.resample_img(
/scratch/connectome/haba6030/colorBlind/build_roi_masks.py:200: FutureWarning: 'force_resample' will be set to 'True' by default in Nilearn 0.13.0.
Use 'force_resample=True' to suppress this warning.
  roi_resampled = image.resample_img(
/scratch/connectome/haba6030/colorBlind/build_roi_masks.py:200: FutureWarning: From release 0.13.0 onwards, this function will, by default, copy the header of the input image to the output. Currently, the header is reset to the default Nifti1Header. To suppress this warning and use the new behavior, set `copy_header=True`.
  roi_resampled = image.resample_img(
/scratch/connectome/haba6030/colorBlind/build_roi_masks.py:217: FutureWarning: 'force_resample' will be set to 'True' by default in Nilearn 0.13.0.
Use 'force_resample=True' to suppress this warning.
  brain_resampled = image.resample_img(
/scratch/connectome/haba6030/colorBlind/build_roi_masks.py:217: FutureWarning: From release 0.13.0 onwards, this function will, by default, copy the header of the input image to the output. Currently, the header is reset to the default Nifti1Header. To suppress this warning and use the new behavior, set `copy_header=True`.
  brain_resampled = image.resample_img(
/scratch/connectome/haba6030/colorBlind/build_roi_masks.py:200: FutureWarning: 'force_resample' will be set to 'True' by default in Nilearn 0.13.0.
Use 'force_resample=True' to suppress this warning.
  roi_resampled = image.resample_img(
/scratch/connectome/haba6030/colorBlind/build_roi_masks.py:200: FutureWarning: From release 0.13.0 onwards, this function will, by default, copy the header of the input image to the output. Currently, the header is reset to the default Nifti1Header. To suppress this warning and use the new behavior, set `copy_header=True`.
  roi_resampled = image.resample_img(
/scratch/connectome/haba6030/colorBlind/build_roi_masks.py:217: FutureWarning: 'force_resample' will be set to 'True' by default in Nilearn 0.13.0.
Use 'force_resample=True' to suppress this warning.
  brain_resampled = image.resample_img(
/scratch/connectome/haba6030/colorBlind/build_roi_masks.py:217: FutureWarning: From release 0.13.0 onwards, this function will, by default, copy the header of the input image to the output. Currently, the header is reset to the default Nifti1Header. To suppress this warning and use the new behavior, set `copy_header=True`.
  brain_resampled = image.resample_img(
/scratch/connectome/haba6030/colorBlind/data_sanity_check.py:290: FutureWarning: From release 0.13.0 onwards, this function will, by default, copy the header of the input image to the output. Currently, the header is reset to the default Nifti1Header. To suppress this warning and use the new behavior, set `copy_header=True`.
  mean_img = image.mean_img(func_img)
/scratch/connectome/haba6030/colorBlind/data_sanity_check.py:315: UserWarning: This figure includes Axes that are not compatible with tight_layout, so results might be incorrect.
  plt.tight_layout()
python: can't open file '/scratch/connectome/haba6030/colorBlind/python': [Errno 2] No such file or directory
python: can't open file '/scratch/connectome/haba6030/colorBlind/python': [Errno 2] No such file or directory
