Starting diagnostic analysis...
[INFO] Available ROI masks:
  - brain: output/pilot/sub-01/anat/sub-01_acq-mprage_space-MNI152NLin2009cAsym_res-2_desc-brain_mask.nii.gz
[INFO] Selected ROI 'brain' with mask: output/pilot/sub-01/anat/sub-01_acq-mprage_space-MNI152NLin2009cAsym_res-2_desc-brain_mask.nii.gz
[RUN] sub-01_task-rsvp_run-1_space-MNI152NLin2009cAsym_res-2 | TR=1.500s, n_scans=288
  -> events: pilot/sub-01/func/sub-01_task-rsvp_run-1_events.tsv
  -> conditions: ['color_1', 'color_2', 'color_3', 'color_4', 'color_5', 'color_6', 'color_7', 'color_8', 'blank']
spm
  saved: ./hrf_test_outputs/sub-01_task-rsvp_run-1_space-MNI152NLin2009cAsym_res-2_HRF-spm_fine.png
glover
  saved: ./hrf_test_outputs/sub-01_task-rsvp_run-1_space-MNI152NLin2009cAsym_res-2_HRF-glover_fine.png
  saved: ./hrf_test_outputs/sub-01_task-rsvp_run-1_space-MNI152NLin2009cAsym_res-2_design_ready_HRF-spm.csv
  saved: ./hrf_test_outputs/sub-01_task-rsvp_run-1_space-MNI152NLin2009cAsym_res-2_design_ready_HRF-glover.csv
[RUN] sub-01_task-rsvp_run-2_space-MNI152NLin2009cAsym_res-2 | TR=1.500s, n_scans=275
  -> events: pilot/sub-01/func/sub-01_task-rsvp_run-2_events.tsv
  -> conditions: ['color_1', 'color_2', 'color_3', 'color_4', 'color_5', 'color_6', 'color_7', 'color_8', 'blank']
spm
  saved: ./hrf_test_outputs/sub-01_task-rsvp_run-2_space-MNI152NLin2009cAsym_res-2_HRF-spm_fine.png
glover
  saved: ./hrf_test_outputs/sub-01_task-rsvp_run-2_space-MNI152NLin2009cAsym_res-2_HRF-glover_fine.png
  saved: ./hrf_test_outputs/sub-01_task-rsvp_run-2_space-MNI152NLin2009cAsym_res-2_design_ready_HRF-spm.csv
  saved: ./hrf_test_outputs/sub-01_task-rsvp_run-2_space-MNI152NLin2009cAsym_res-2_design_ready_HRF-glover.csv
[RUN] sub-01_task-rsvp_run-3_space-MNI152NLin2009cAsym_res-2 | TR=1.500s, n_scans=275
  -> events: pilot/sub-01/func/sub-01_task-rsvp_run-3_events.tsv
  -> conditions: ['color_1', 'color_2', 'color_3', 'color_4', 'color_5', 'color_6', 'color_7', 'color_8', 'blank']
spm
  saved: ./hrf_test_outputs/sub-01_task-rsvp_run-3_space-MNI152NLin2009cAsym_res-2_HRF-spm_fine.png
glover
  saved: ./hrf_test_outputs/sub-01_task-rsvp_run-3_space-MNI152NLin2009cAsym_res-2_HRF-glover_fine.png
  saved: ./hrf_test_outputs/sub-01_task-rsvp_run-3_space-MNI152NLin2009cAsym_res-2_design_ready_HRF-spm.csv
  saved: ./hrf_test_outputs/sub-01_task-rsvp_run-3_space-MNI152NLin2009cAsym_res-2_design_ready_HRF-glover.csv
[RUN] sub-01_task-rsvp_run-4_space-MNI152NLin2009cAsym_res-2 | TR=1.500s, n_scans=275
  -> events: pilot/sub-01/func/sub-01_task-rsvp_run-4_events.tsv
  -> conditions: ['color_1', 'color_2', 'color_3', 'color_4', 'color_5', 'color_6', 'color_7', 'color_8', 'blank']
spm
  saved: ./hrf_test_outputs/sub-01_task-rsvp_run-4_space-MNI152NLin2009cAsym_res-2_HRF-spm_fine.png
glover
  saved: ./hrf_test_outputs/sub-01_task-rsvp_run-4_space-MNI152NLin2009cAsym_res-2_HRF-glover_fine.png
  saved: ./hrf_test_outputs/sub-01_task-rsvp_run-4_space-MNI152NLin2009cAsym_res-2_design_ready_HRF-spm.csv
  saved: ./hrf_test_outputs/sub-01_task-rsvp_run-4_space-MNI152NLin2009cAsym_res-2_design_ready_HRF-glover.csv
[RUN] sub-01_task-rsvp_run-5_space-MNI152NLin2009cAsym_res-2 | TR=1.500s, n_scans=275
  -> events: pilot/sub-01/func/sub-01_task-rsvp_run-5_events.tsv
  -> conditions: ['color_1', 'color_2', 'color_3', 'color_4', 'color_5', 'color_6', 'color_7', 'color_8', 'blank']
spm
  saved: ./hrf_test_outputs/sub-01_task-rsvp_run-5_space-MNI152NLin2009cAsym_res-2_HRF-spm_fine.png
glover
  saved: ./hrf_test_outputs/sub-01_task-rsvp_run-5_space-MNI152NLin2009cAsym_res-2_HRF-glover_fine.png
  saved: ./hrf_test_outputs/sub-01_task-rsvp_run-5_space-MNI152NLin2009cAsym_res-2_design_ready_HRF-spm.csv
  saved: ./hrf_test_outputs/sub-01_task-rsvp_run-5_space-MNI152NLin2009cAsym_res-2_design_ready_HRF-glover.csv
[RUN] sub-01_task-rsvp_run-6_space-MNI152NLin2009cAsym_res-2 | TR=1.500s, n_scans=275
  -> events: pilot/sub-01/func/sub-01_task-rsvp_run-6_events.tsv
  -> conditions: ['color_1', 'color_2', 'color_3', 'color_4', 'color_5', 'color_6', 'color_7', 'color_8', 'blank']
spm
  saved: ./hrf_test_outputs/sub-01_task-rsvp_run-6_space-MNI152NLin2009cAsym_res-2_HRF-spm_fine.png
glover
  saved: ./hrf_test_outputs/sub-01_task-rsvp_run-6_space-MNI152NLin2009cAsym_res-2_HRF-glover_fine.png
  saved: ./hrf_test_outputs/sub-01_task-rsvp_run-6_space-MNI152NLin2009cAsym_res-2_design_ready_HRF-spm.csv
  saved: ./hrf_test_outputs/sub-01_task-rsvp_run-6_space-MNI152NLin2009cAsym_res-2_design_ready_HRF-glover.csv

완료: 각 run별 HRF 파형 PNG + TR시점 리그래서 CSV가 생성되었습니다.
※ amplitude 미지정 시 1로 가정했습니다(공식 시그니처: [onset, duration, amplitude]).
Saved: ./hrf_test_outputs/sub-01_rsvp_run-1_design_matrix.csv
Saved: ./hrf_test_outputs/sub-01_rsvp_run-1_design_matrix.png
Saved: ./hrf_test_outputs/sub-01_rsvp_run-2_design_matrix.csv
Saved: ./hrf_test_outputs/sub-01_rsvp_run-2_design_matrix.png
Saved: ./hrf_test_outputs/sub-01_rsvp_run-3_design_matrix.csv
Saved: ./hrf_test_outputs/sub-01_rsvp_run-3_design_matrix.png
Saved: ./hrf_test_outputs/sub-01_rsvp_run-4_design_matrix.csv
Saved: ./hrf_test_outputs/sub-01_rsvp_run-4_design_matrix.png
Saved: ./hrf_test_outputs/sub-01_rsvp_run-5_design_matrix.csv
Saved: ./hrf_test_outputs/sub-01_rsvp_run-5_design_matrix.png
Saved: ./hrf_test_outputs/sub-01_rsvp_run-6_design_matrix.csv
Saved: ./hrf_test_outputs/sub-01_rsvp_run-6_design_matrix.png
Saved: ./hrf_test_outputs/sub-01_rsvp_color_1minusblank_zmap.nii.gz
Saved: ./hrf_test_outputs/sub-01_rsvp_color_1minusblank_zmap.png
Saved: ./hrf_test_outputs/sub-01_rsvp_color_2minusblank_zmap.nii.gz
Saved: ./hrf_test_outputs/sub-01_rsvp_color_2minusblank_zmap.png
Saved: ./hrf_test_outputs/sub-01_rsvp_color_3minusblank_zmap.nii.gz
Saved: ./hrf_test_outputs/sub-01_rsvp_color_3minusblank_zmap.png
Saved: ./hrf_test_outputs/sub-01_rsvp_color_4minusblank_zmap.nii.gz
Saved: ./hrf_test_outputs/sub-01_rsvp_color_4minusblank_zmap.png
Saved: ./hrf_test_outputs/sub-01_rsvp_color_5minusblank_zmap.nii.gz
Saved: ./hrf_test_outputs/sub-01_rsvp_color_5minusblank_zmap.png
Saved: ./hrf_test_outputs/sub-01_rsvp_color_6minusblank_zmap.nii.gz
Saved: ./hrf_test_outputs/sub-01_rsvp_color_6minusblank_zmap.png
Saved: ./hrf_test_outputs/sub-01_rsvp_color_7minusblank_zmap.nii.gz
Saved: ./hrf_test_outputs/sub-01_rsvp_color_7minusblank_zmap.png
Saved: ./hrf_test_outputs/sub-01_rsvp_color_8minusblank_zmap.nii.gz
Saved: ./hrf_test_outputs/sub-01_rsvp_color_8minusblank_zmap.png
Saved: ./hrf_test_outputs/sub-01_rsvp_avg_colorsminusblank_zmap.nii.gz
Saved: ./hrf_test_outputs/sub-01_rsvp_avg_colorsminusblank_zmap.png
Saved model: ./hrf_test_outputs/sub-01_rsvp_firstlevel.joblib
Saved: ./hrf_test_outputs/sub-01_rsvp_brain_run1_observed_predicted_residuals.csv
Saved: ./hrf_test_outputs/sub-01_rsvp_brain_run2_observed_predicted_residuals.csv
Saved: ./hrf_test_outputs/sub-01_rsvp_brain_run3_observed_predicted_residuals.csv
Saved: ./hrf_test_outputs/sub-01_rsvp_brain_run4_observed_predicted_residuals.csv
Saved: ./hrf_test_outputs/sub-01_rsvp_brain_run5_observed_predicted_residuals.csv
Saved: ./hrf_test_outputs/sub-01_rsvp_brain_run6_observed_predicted_residuals.csv
Saved metrics: ./hrf_test_outputs/sub-01_rsvp_brain_observed_predicted_residual_metrics.csv
Diagnostic analysis complete!
