Traceback (most recent call last):
  File "/scratch/connectome/haba6030/colorBlind/build_roi_masks.py", line 376, in <module>
    main()
  File "/scratch/connectome/haba6030/colorBlind/build_roi_masks.py", line 284, in main
    file_prefix = SUB_ID[1:]
NameError: name 'SUB_ID' is not defined
Traceback (most recent call last):
  File "/scratch/connectome/haba6030/colorBlind/fix_roi_overlap.py", line 278, in <module>
    main()
  File "/scratch/connectome/haba6030/colorBlind/fix_roi_overlap.py", line 228, in main
    nib.save(func_mask_img, func_mask_path)
  File "/home/connectome/haba6030/.conda/envs/nilearn/lib/python3.10/site-packages/nibabel/loadsave.py", line 164, in save
    img.to_filename(filename, **kwargs)
  File "/home/connectome/haba6030/.conda/envs/nilearn/lib/python3.10/site-packages/nibabel/filebasedimages.py", line 308, in to_filename
    self.to_file_map(**kwargs)
  File "/home/connectome/haba6030/.conda/envs/nilearn/lib/python3.10/site-packages/nibabel/nifti1.py", line 2377, in to_file_map
    super().to_file_map(file_map, dtype)
  File "/home/connectome/haba6030/.conda/envs/nilearn/lib/python3.10/site-packages/nibabel/analyze.py", line 1040, in to_file_map
    hdrf = hdr_fh.get_prepare_fileobj(mode='wb')
  File "/home/connectome/haba6030/.conda/envs/nilearn/lib/python3.10/site-packages/nibabel/fileholders.py", line 77, in get_prepare_fileobj
    obj = ImageOpener(self.filename, *args, **kwargs)
  File "/home/connectome/haba6030/.conda/envs/nilearn/lib/python3.10/site-packages/nibabel/openers.py", line 181, in __init__
    self.fobj = opener(fileish, *args, **kwargs)
  File "/home/connectome/haba6030/.conda/envs/nilearn/lib/python3.10/site-packages/nibabel/openers.py", line 89, in _gzip_open
    gzip_file = DeterministicGzipFile(filename, mode, compresslevel, mtime=mtime)
  File "/home/connectome/haba6030/.conda/envs/nilearn/lib/python3.10/site-packages/nibabel/openers.py", line 71, in __init__
    fileobj = self.myfileobj = ty.cast(io.FileIO, open(filename, modestr))
FileNotFoundError: [Errno 2] No such file or directory: '/scratch/connectome/haba6030/colorBlind/derivatives/sub-P01/roi/sub-P01_functional_mask.nii.gz'
python: can't open file '/scratch/connectome/haba6030/colorBlind/python': [Errno 2] No such file or directory
python: can't open file '/scratch/connectome/haba6030/colorBlind/python': [Errno 2] No such file or directory
