/scratch/connectome/haba6030/colorBlind/build_roi_masks.py:231: FutureWarning: 'force_resample' will be set to 'True' by default in Nilearn 0.13.0.
Use 'force_resample=True' to suppress this warning.
  roi_resampled = image.resample_img(
/scratch/connectome/haba6030/colorBlind/build_roi_masks.py:231: FutureWarning: From release 0.13.0 onwards, this function will, by default, copy the header of the input image to the output. Currently, the header is reset to the default Nifti1Header. To suppress this warning and use the new behavior, set `copy_header=True`.
  roi_resampled = image.resample_img(
/scratch/connectome/haba6030/colorBlind/build_roi_masks.py:248: FutureWarning: 'force_resample' will be set to 'True' by default in Nilearn 0.13.0.
Use 'force_resample=True' to suppress this warning.
  brain_resampled = image.resample_img(
/scratch/connectome/haba6030/colorBlind/build_roi_masks.py:248: FutureWarning: From release 0.13.0 onwards, this function will, by default, copy the header of the input image to the output. Currently, the header is reset to the default Nifti1Header. To suppress this warning and use the new behavior, set `copy_header=True`.
  brain_resampled = image.resample_img(
/scratch/connectome/haba6030/colorBlind/build_roi_masks.py:231: FutureWarning: 'force_resample' will be set to 'True' by default in Nilearn 0.13.0.
Use 'force_resample=True' to suppress this warning.
  roi_resampled = image.resample_img(
/scratch/connectome/haba6030/colorBlind/build_roi_masks.py:231: FutureWarning: From release 0.13.0 onwards, this function will, by default, copy the header of the input image to the output. Currently, the header is reset to the default Nifti1Header. To suppress this warning and use the new behavior, set `copy_header=True`.
  roi_resampled = image.resample_img(
/scratch/connectome/haba6030/colorBlind/build_roi_masks.py:248: FutureWarning: 'force_resample' will be set to 'True' by default in Nilearn 0.13.0.
Use 'force_resample=True' to suppress this warning.
  brain_resampled = image.resample_img(
/scratch/connectome/haba6030/colorBlind/build_roi_masks.py:248: FutureWarning: From release 0.13.0 onwards, this function will, by default, copy the header of the input image to the output. Currently, the header is reset to the default Nifti1Header. To suppress this warning and use the new behavior, set `copy_header=True`.
  brain_resampled = image.resample_img(
/scratch/connectome/haba6030/colorBlind/build_roi_masks.py:231: FutureWarning: 'force_resample' will be set to 'True' by default in Nilearn 0.13.0.
Use 'force_resample=True' to suppress this warning.
  roi_resampled = image.resample_img(
/scratch/connectome/haba6030/colorBlind/build_roi_masks.py:231: FutureWarning: From release 0.13.0 onwards, this function will, by default, copy the header of the input image to the output. Currently, the header is reset to the default Nifti1Header. To suppress this warning and use the new behavior, set `copy_header=True`.
  roi_resampled = image.resample_img(
/scratch/connectome/haba6030/colorBlind/build_roi_masks.py:248: FutureWarning: 'force_resample' will be set to 'True' by default in Nilearn 0.13.0.
Use 'force_resample=True' to suppress this warning.
  brain_resampled = image.resample_img(
/scratch/connectome/haba6030/colorBlind/build_roi_masks.py:248: FutureWarning: From release 0.13.0 onwards, this function will, by default, copy the header of the input image to the output. Currently, the header is reset to the default Nifti1Header. To suppress this warning and use the new behavior, set `copy_header=True`.
  brain_resampled = image.resample_img(
/scratch/connectome/haba6030/colorBlind/build_roi_masks.py:231: FutureWarning: 'force_resample' will be set to 'True' by default in Nilearn 0.13.0.
Use 'force_resample=True' to suppress this warning.
  roi_resampled = image.resample_img(
/scratch/connectome/haba6030/colorBlind/build_roi_masks.py:231: FutureWarning: From release 0.13.0 onwards, this function will, by default, copy the header of the input image to the output. Currently, the header is reset to the default Nifti1Header. To suppress this warning and use the new behavior, set `copy_header=True`.
  roi_resampled = image.resample_img(
/scratch/connectome/haba6030/colorBlind/build_roi_masks.py:248: FutureWarning: 'force_resample' will be set to 'True' by default in Nilearn 0.13.0.
Use 'force_resample=True' to suppress this warning.
  brain_resampled = image.resample_img(
/scratch/connectome/haba6030/colorBlind/build_roi_masks.py:248: FutureWarning: From release 0.13.0 onwards, this function will, by default, copy the header of the input image to the output. Currently, the header is reset to the default Nifti1Header. To suppress this warning and use the new behavior, set `copy_header=True`.
  brain_resampled = image.resample_img(
python: can't open file '/scratch/connectome/haba6030/colorBlind/python': [Errno 2] No such file or directory
python: can't open file '/scratch/connectome/haba6030/colorBlind/python': [Errno 2] No such file or directory
