======================================================================
FIR Test with Feature Selection + Regularization (Option A)
======================================================================
Subject: sub-01

Overfitting mitigation:
  1. SelectKBest: Top 30 most discriminative voxels
  2. Strong L2 regularization: C=0.01
  3. Expected parameters: ~203 (vs 40 samples)

[1/5] Loading ROI mask: V2
  Path: derivatives/sub-01/roi/sub-01_V2_mask.nii.gz
  ROI fitted successfully

[2/5] Loading 6 runs of functional data and events
  Run 1: (97, 115, 97, 284), 72 events
  Run 2: (97, 115, 97, 271), 72 events
  Run 3: (97, 115, 97, 271), 72 events
  Run 4: (97, 115, 97, 271), 72 events
  Run 5: (97, 115, 97, 271), 72 events
  Run 6: (97, 115, 97, 271), 72 events
  Total: 6 runs loaded

[3/5] Fitting FIR model (this may take 5-10 minutes)
  Using hrf_model='fir' with 10 time bins
  Each voxel gets its own response curve
  Fitting model...
/scratch/connectome/haba6030/colorBlind/fir_test_regularized.py:143: UserWarning: Mean values of 0 observed. The data have probably been centered. Scaling might not work as expected.
  fir_model.fit(func_imgs, events_list, confounds_list)
  FIR model fitted successfully!

[4/5] Extracting beta estimates for 8 colors
/scratch/connectome/haba6030/colorBlind/fir_test_regularized.py:167: RuntimeWarning: The same contrast will be used for all 6 runs. If the design matrices are not the same for all runs, (for example with different column names or column order across runs) you should pass contrast as an expression using the name of the conditions as they appear in the design matrices.
  contrast_map = fir_model.compute_contrast(contrast_name, output_type='effect_size')
  Run 1: Extracted 8 color betas
  Run 2: Extracted 8 color betas
  Run 3: Extracted 8 color betas
  Run 4: Extracted 8 color betas
  Run 5: Extracted 8 color betas
  Run 6: Extracted 8 color betas
  Total shape: (6, 8, 310)

[5/5] Classification with feature selection + regularization
  Feature selection: SelectKBest (k=30)
  Regularization: LogisticRegression(C=0.01, penalty='l2')
/home/connectome/haba6030/.conda/envs/nilearn/lib/python3.10/site-packages/sklearn/feature_selection/_univariate_selection.py:111: RuntimeWarning: divide by zero encountered in divide
  f = msb / msw
/home/connectome/haba6030/.conda/envs/nilearn/lib/python3.10/site-packages/sklearn/linear_model/_logistic.py:1272: FutureWarning: 'multi_class' was deprecated in version 1.5 and will be removed in 1.8. From then on, it will always use 'multinomial'. Leave it to its default value to avoid this warning.
  warnings.warn(
  Test run 1: 1.000 (100.0%)
/home/connectome/haba6030/.conda/envs/nilearn/lib/python3.10/site-packages/sklearn/feature_selection/_univariate_selection.py:111: RuntimeWarning: divide by zero encountered in divide
  f = msb / msw
/home/connectome/haba6030/.conda/envs/nilearn/lib/python3.10/site-packages/sklearn/linear_model/_logistic.py:1272: FutureWarning: 'multi_class' was deprecated in version 1.5 and will be removed in 1.8. From then on, it will always use 'multinomial'. Leave it to its default value to avoid this warning.
  warnings.warn(
  Test run 2: 1.000 (100.0%)
/home/connectome/haba6030/.conda/envs/nilearn/lib/python3.10/site-packages/sklearn/feature_selection/_univariate_selection.py:111: RuntimeWarning: divide by zero encountered in divide
  f = msb / msw
/home/connectome/haba6030/.conda/envs/nilearn/lib/python3.10/site-packages/sklearn/linear_model/_logistic.py:1272: FutureWarning: 'multi_class' was deprecated in version 1.5 and will be removed in 1.8. From then on, it will always use 'multinomial'. Leave it to its default value to avoid this warning.
  warnings.warn(
  Test run 3: 1.000 (100.0%)
/home/connectome/haba6030/.conda/envs/nilearn/lib/python3.10/site-packages/sklearn/feature_selection/_univariate_selection.py:111: RuntimeWarning: divide by zero encountered in divide
  f = msb / msw
/home/connectome/haba6030/.conda/envs/nilearn/lib/python3.10/site-packages/sklearn/linear_model/_logistic.py:1272: FutureWarning: 'multi_class' was deprecated in version 1.5 and will be removed in 1.8. From then on, it will always use 'multinomial'. Leave it to its default value to avoid this warning.
  warnings.warn(
  Test run 4: 1.000 (100.0%)
/home/connectome/haba6030/.conda/envs/nilearn/lib/python3.10/site-packages/sklearn/feature_selection/_univariate_selection.py:111: RuntimeWarning: divide by zero encountered in divide
  f = msb / msw
/home/connectome/haba6030/.conda/envs/nilearn/lib/python3.10/site-packages/sklearn/linear_model/_logistic.py:1272: FutureWarning: 'multi_class' was deprecated in version 1.5 and will be removed in 1.8. From then on, it will always use 'multinomial'. Leave it to its default value to avoid this warning.
  warnings.warn(
  Test run 5: 1.000 (100.0%)
/home/connectome/haba6030/.conda/envs/nilearn/lib/python3.10/site-packages/sklearn/feature_selection/_univariate_selection.py:111: RuntimeWarning: divide by zero encountered in divide
  f = msb / msw
/home/connectome/haba6030/.conda/envs/nilearn/lib/python3.10/site-packages/sklearn/linear_model/_logistic.py:1272: FutureWarning: 'multi_class' was deprecated in version 1.5 and will be removed in 1.8. From then on, it will always use 'multinomial'. Leave it to its default value to avoid this warning.
  warnings.warn(
  Test run 6: 1.000 (100.0%)

Mean accuracy: 1.000 (100.0%)
Baseline (chance): 0.125 (12.5%)

Effective parameters: 217
Training samples: 40
Samples per parameter: 0.184

======================================================================
FIR Test with Regularization Complete
======================================================================

✅ SUCCESS: FIR with regularization shows above-chance classification!
   Accuracy: 100.0% vs chance 12.5%

This suggests:
  1. FIR captures real signal better than canonical HRF
  2. Regularization helps prevent overfitting
  3. Can proceed with full reconstruction pipeline
======================================================================
