========================================================================
FIR Reconstruction - Array Job 3
========================================================================
Job ID: 64150
Array Job ID: 64146
Array Task ID: 3
Node: node2
ROI: V4
Use PCA: 1
PCA components: 20
Save z-maps: 1
Working directory: /scratch/connectome/haba6030/colorBlind
========================================================================

Activating nilearn environment...
Environment activated: /home/connectome/haba6030/.conda/envs/nilearn/bin/python
Python version: Python 3.10.14

Starting FIR reconstruction for ROI: V4
Start time: 2025. 11. 06. (목) 17:01:11 KST

Command: python fir_reconstruction.py --roi V4 --use-pca --n-components 20 --save-zmaps

======================================================================
FIR-based Color Reconstruction Pipeline
======================================================================
Subject: sub-01
ROI: V4
Use PCA: True
PCA components: 20
Output directory: derivatives/sub-01/fir_reconstruction/V4

ERROR: ROI mask not found: derivatives/sub-01/roi/sub-01_V4_mask.nii.gz

Exit code: 1
End time: 2025. 11. 06. (목) 17:01:13 KST

❌ V4 failed with exit code 1

Check error log: logs/fir_recon_64146_3.err
========================================================================
