========================================================================
FIR Reconstruction - UNIVERSAL HRF (B&H 2009 Method)
========================================================================
Job ID: 64188
Node: node2
ROI: hV4
Use PCA: 1
PCA components: 20
Save z-maps: 1
Working directory: /scratch/connectome/haba6030/colorBlind
========================================================================

Activating nilearn environment...
Environment activated: /home/connectome/haba6030/.conda/envs/nilearn/bin/python
Python version: Python 3.10.14

Starting UNIVERSAL HRF FIR reconstruction for ROI: hV4
Start time: 2025. 11. 07. (금) 14:56:10 KST

Command: python fir_reconstruction_universal_hrf.py --roi hV4 --use-pca --n-components 20 --save-zmaps

======================================================================
Universal HRF Reconstruction Pipeline (B&H 2009)
======================================================================
Subject: sub-01
ROI: hV4
Method: Two-stage universal HRF
Use PCA: True
PCA components: 20
Output directory: derivatives/sub-01/fir_reconstruction/hV4_universal_hrf

[1/8] Loading ROI mask: hV4
  Path: derivatives/sub-01/roi/sub-01_hV4_mask.nii.gz
  Number of voxels: 55

[2/8] Loading 6 runs of functional data and events
  Run 1: (97, 115, 97, 284), 72 events
