======================================================================
FIR Test with Diagonal LDA (Option B+C)
======================================================================
Subject: sub-01

Overfitting mitigation:
  1. Diagonal Linear Discriminant (paper method)
     - Assumes independent voxels (diagonal covariance)
     - More parameter-efficient than logistic regression
  2. PCA dimensionality reduction: 20 components

[1/5] Loading ROI mask: V2
  Path: derivatives/sub-01/roi/sub-01_V2_mask.nii.gz
  ROI fitted successfully

[2/5] Loading 6 runs of functional data and events
  Run 1: (97, 115, 97, 284), 72 events
  Run 2: (97, 115, 97, 271), 72 events
  Run 3: (97, 115, 97, 271), 72 events
  Run 4: (97, 115, 97, 271), 72 events
  Run 5: (97, 115, 97, 271), 72 events
  Run 6: (97, 115, 97, 271), 72 events
  Total: 6 runs loaded

[3/5] Fitting FIR model (this may take 5-10 minutes)
  Using hrf_model='fir' with 10 time bins
  Each voxel gets its own response curve
  Fitting model...
/scratch/connectome/haba6030/colorBlind/fir_test_diagonal_lda.py:147: UserWarning: Mean values of 0 observed. The data have probably been centered. Scaling might not work as expected.
  fir_model.fit(func_imgs, events_list, confounds_list)
  FIR model fitted successfully!

[4/5] Extracting beta estimates for 8 colors
/scratch/connectome/haba6030/colorBlind/fir_test_diagonal_lda.py:171: RuntimeWarning: The same contrast will be used for all 6 runs. If the design matrices are not the same for all runs, (for example with different column names or column order across runs) you should pass contrast as an expression using the name of the conditions as they appear in the design matrices.
  contrast_map = fir_model.compute_contrast(contrast_name, output_type='effect_size')
  Run 1: Extracted 8 color betas
  Run 2: Extracted 8 color betas
  Run 3: Extracted 8 color betas
  Run 4: Extracted 8 color betas
  Run 5: Extracted 8 color betas
  Run 6: Extracted 8 color betas
  Total shape: (6, 8, 310)

[5/5] Classification with diagonal LDA
  PCA: Reducing to 20 components
  Classifier: Diagonal Linear Discriminant (paper method)
  Test run 1: 1.000 (100.0%)
  Test run 2: 1.000 (100.0%)
  Test run 3: 1.000 (100.0%)
  Test run 4: 1.000 (100.0%)
  Test run 5: 1.000 (100.0%)
  Test run 6: 1.000 (100.0%)

Mean accuracy: 1.000 (100.0%)
Baseline (chance): 0.125 (12.5%)

Model parameters:
  Features: 20
  Parameters per class: 40 (mean + variance)
  Total parameters: 320
  Training samples: 40
  Samples per parameter: 0.125

======================================================================
FIR Test with Diagonal LDA Complete
======================================================================

✅ SUCCESS: FIR with diagonal LDA shows above-chance classification!
   Accuracy: 100.0% vs chance 12.5%

This suggests:
  1. FIR captures real signal better than canonical HRF
  2. Diagonal LDA provides good parameter efficiency
  3. Can proceed with full reconstruction pipeline

======================================================================
