========================================================================
FIR Reconstruction - Array Job 2
========================================================================
Job ID: 64149
Array Job ID: 64146
Array Task ID: 2
Node: node2
ROI: V3
Use PCA: 1
PCA components: 20
Save z-maps: 1
Working directory: /scratch/connectome/haba6030/colorBlind
========================================================================

Activating nilearn environment...
Environment activated: /home/connectome/haba6030/.conda/envs/nilearn/bin/python
Python version: Python 3.10.14

Starting FIR reconstruction for ROI: V3
Start time: 2025. 11. 06. (목) 17:01:11 KST

Command: python fir_reconstruction.py --roi V3 --use-pca --n-components 20 --save-zmaps

======================================================================
FIR-based Color Reconstruction Pipeline
======================================================================
Subject: sub-01
ROI: V3
Use PCA: True
PCA components: 20
Output directory: derivatives/sub-01/fir_reconstruction/V3

[1/8] Loading ROI mask: V3
  Path: derivatives/sub-01/roi/sub-01_V3_mask.nii.gz
  Number of voxels: 89

[2/8] Loading 6 runs of functional data and events
  Run 1: (97, 115, 97, 284), 72 events
  Run 2: (97, 115, 97, 271), 72 events
  Run 3: (97, 115, 97, 271), 72 events
  Run 4: (97, 115, 97, 271), 72 events
  Run 5: (97, 115, 97, 271), 72 events
  Run 6: (97, 115, 97, 271), 72 events
  Total: 6 runs loaded

[3/8] Fitting FIR model (may take 5-10 minutes)
  Using hrf_model='fir' with 10 time bins
  Each voxel gets its own response curve
/scratch/connectome/haba6030/colorBlind/fir_reconstruction.py:218: UserWarning: Mean values of 0 observed. The data have probably been centered. Scaling might not work as expected.
  fir_model.fit(func_imgs, events_list, confounds_list)
  FIR model fitted successfully!

[4/8] Visualizing mean HRF estimated from FIR
/scratch/connectome/haba6030/colorBlind/fir_reconstruction.py:240: RuntimeWarning: The same contrast will be used for all 6 runs. If the design matrices are not the same for all runs, (for example with different column names or column order across runs) you should pass contrast as an expression using the name of the conditions as they appear in the design matrices.
  contrast_map = fir_model.compute_contrast(contrast_name, output_type='effect_size')
  Saved: derivatives/sub-01/fir_reconstruction/V3/figures/V3_mean_hrf.png

[5/8] Extracting beta estimates for 8 colors
/scratch/connectome/haba6030/colorBlind/fir_reconstruction.py:293: RuntimeWarning: The same contrast will be used for all 6 runs. If the design matrices are not the same for all runs, (for example with different column names or column order across runs) you should pass contrast as an expression using the name of the conditions as they appear in the design matrices.
  contrast_map = fir_model.compute_contrast(contrast_name, output_type='effect_size')
/scratch/connectome/haba6030/colorBlind/fir_reconstruction.py:299: RuntimeWarning: The same contrast will be used for all 6 runs. If the design matrices are not the same for all runs, (for example with different column names or column order across runs) you should pass contrast as an expression using the name of the conditions as they appear in the design matrices.
  z_map = fir_model.compute_contrast(contrast_name, output_type='z_score')
  Run 1: Extracted 8 color betas
  Run 2: Extracted 8 color betas
  Run 3: Extracted 8 color betas
  Run 4: Extracted 8 color betas
  Run 5: Extracted 8 color betas
  Run 6: Extracted 8 color betas
  Total shape: (6, 8, 89)

  Saving z-maps for each color...
/scratch/connectome/haba6030/colorBlind/fir_reconstruction.py:329: UserWarning: empty mask
  display = plotting.plot_stat_map(
  Saved z-maps to: derivatives/sub-01/fir_reconstruction/V3/zmaps

[6/8] Classification with diagonal LDA (leave-one-run-out)
  Using PCA: 20 components
  Test run 1: 1.000 (100.0%)
  Test run 2: 1.000 (100.0%)
  Test run 3: 1.000 (100.0%)
  Test run 4: 1.000 (100.0%)
  Test run 5: 1.000 (100.0%)
  Test run 6: 1.000 (100.0%)

Mean classification accuracy: 1.000 (100.0%)
Baseline (chance): 0.125 (12.5%)

Confusion matrix (aggregated across runs):
        c  1c  2c  3c  4c  5c  6c  7c  8
  c1:   6   0   0   0   0   0   0   0 
  c2:   0   6   0   0   0   0   0   0 
  c3:   0   0   6   0   0   0   0   0 
  c4:   0   0   0   6   0   0   0   0 
  c5:   0   0   0   0   6   0   0   0 
  c6:   0   0   0   0   0   6   0   0 
  c7:   0   0   0   0   0   0   6   0 
  c8:   0   0   0   0   0   0   0   6 

Per-color classification accuracy:
  color_1: 1.000 (6/6)
  color_2: 1.000 (6/6)
  color_3: 1.000 (6/6)
  color_4: 1.000 (6/6)
  color_5: 1.000 (6/6)
  color_6: 1.000 (6/6)
  color_7: 1.000 (6/6)
  color_8: 1.000 (6/6)

[7/8] Reconstruction with B&H forward model

  === Detailed reconstruction for test run 1 ===
  color_1 (true: 182.1°):
    Reconstructed: 190° (error: 7.9°)
    Estimated channels: [-0.255, -0.263, -0.089, 0.823, 0.237, -0.234]
    Top 5 correlations: 190°(0.999) 191°(0.999) 189°(0.999) 192°(0.998) 188°(0.998) 
  color_2 (true: 288.0°):
    Reconstructed: 282° (error: 6.0°)
    Estimated channels: [-0.106, -0.183, -0.254, -0.259, 0.279, 0.542]
    Top 5 correlations: 282°(0.991) 281°(0.990) 283°(0.990) 280°(0.990) 284°(0.989) 
  color_3 (true: 305.2°):
    Reconstructed: 298° (error: 7.2°)
    Estimated channels: [0.057, -0.317, -0.414, -0.294, 0.116, 0.752]
    Top 5 correlations: 298°(0.979) 297°(0.978) 299°(0.978) 296°(0.978) 300°(0.977) 
  color_4 (true: 330.2°):
    Reconstructed: 335° (error: 4.8°)
    Estimated channels: [0.466, -0.257, -0.304, -0.214, -0.126, 0.337]
    Top 5 correlations: 335°(0.984) 334°(0.984) 336°(0.983) 333°(0.983) 337°(0.982) 
  color_5 (true: 35.3°):
    Reconstructed: 34° (error: 1.3°)
    Estimated channels: [0.487, 0.618, -0.285, -0.274, -0.117, -0.287]
    Top 5 correlations: 34°(0.988) 33°(0.988) 35°(0.987) 32°(0.987) 36°(0.986) 
  color_6 (true: 73.4°):
    Reconstructed: 72° (error: 1.4°)
    Estimated channels: [-0.168, 0.714, 0.179, -0.210, -0.116, -0.367]
    Top 5 correlations: 72°(0.978) 71°(0.978) 73°(0.977) 70°(0.977) 74°(0.976) 
  color_7 (true: 125.6°):
    Reconstructed: 133° (error: 7.4°)
    Estimated channels: [-0.336, -0.202, 0.559, 0.124, -0.015, -0.223]
    Top 5 correlations: 133°(0.943) 132°(0.943) 134°(0.942) 131°(0.942) 135°(0.941) 
  color_8 (true: 143.9°):
    Reconstructed: 138° (error: 5.9°)
    Estimated channels: [-0.145, -0.111, 0.606, 0.304, -0.259, -0.520]
    Top 5 correlations: 138°(0.942) 137°(0.942) 139°(0.942) 136°(0.942) 140°(0.941) 

  Test run 1: Mean error = 5.2°
  Test run 2: Mean error = 5.2°
  Test run 3: Mean error = 5.2°
  Test run 4: Mean error = 5.2°
  Test run 5: Mean error = 5.2°
  Test run 6: Mean error = 5.2°

Mean reconstruction error: 5.2°
Chance level (expected): 90.0° (uniform circular distribution)

[8/8] Leave-one-color-out reconstruction (novel colors)
  color_1: Mean error = 54.1°
  color_2: Mean error = 66.0°
  color_3: Mean error = 11.8°
  color_4: Mean error = 16.2°
  color_5: Mean error = 67.3°
  color_6: Mean error = 3.6°
  color_7: Mean error = 147.4°
  color_8: Mean error = 62.9°

Mean error (novel colors): 53.7°

Saving results...
  Saved: derivatives/sub-01/fir_reconstruction/V3/results.pkl
  Saved: derivatives/sub-01/fir_reconstruction/V3/summary.csv

======================================================================
FIR Reconstruction Complete
======================================================================

ROI: V3
Voxels: 89
PCA: 20 components

Results:
  Classification accuracy: 100.0% (chance: 12.5%)
  Reconstruction error: 5.2° (chance: 90.0°)
  Novel color error: 53.7°

Output directory: derivatives/sub-01/fir_reconstruction/V3
======================================================================
Exception ignored in: Exception ignored in sys.unraisablehook
Exit code: 120
End time: 2025. 11. 06. (목) 17:09:11 KST

❌ V3 failed with exit code 120

Check error log: logs/fir_recon_64146_2.err
========================================================================
