========================================================================
FIR Reconstruction - UNIVERSAL HRF (B&H 2009 Method)
========================================================================
Job ID: 64185
Node: node2
ROI: V1
Use PCA: 1
PCA components: 20
Save z-maps: 1
Working directory: /scratch/connectome/haba6030/colorBlind
========================================================================

Activating nilearn environment...
Environment activated: /home/connectome/haba6030/.conda/envs/nilearn/bin/python
Python version: Python 3.10.14

Starting UNIVERSAL HRF FIR reconstruction for ROI: V1
Start time: 2025. 11. 07. (금) 14:56:12 KST

Command: python fir_reconstruction_universal_hrf.py --roi V1 --use-pca --n-components 20 --save-zmaps

======================================================================
Universal HRF Reconstruction Pipeline (B&H 2009)
======================================================================
Subject: sub-01
ROI: V1
Method: Two-stage universal HRF
Use PCA: True
PCA components: 20
Output directory: derivatives/sub-01/fir_reconstruction/V1_universal_hrf

[1/8] Loading ROI mask: V1
  Path: derivatives/sub-01/roi/sub-01_V1_mask.nii.gz
  Number of voxels: 511

[2/8] Loading 6 runs of functional data and events
