========================================================================
FIR Reconstruction - Array Job 4
========================================================================
Job ID: 64151
Array Job ID: 64146
Array Task ID: 4
Node: node2
ROI: hV4
Use PCA: 1
PCA components: 20
Save z-maps: 1
Working directory: /scratch/connectome/haba6030/colorBlind
========================================================================

Activating nilearn environment...
Environment activated: /home/connectome/haba6030/.conda/envs/nilearn/bin/python
Python version: Python 3.10.14

Starting FIR reconstruction for ROI: hV4
Start time: 2025. 11. 06. (목) 17:01:11 KST

Command: python fir_reconstruction.py --roi hV4 --use-pca --n-components 20 --save-zmaps

======================================================================
FIR-based Color Reconstruction Pipeline
======================================================================
Subject: sub-01
ROI: hV4
Use PCA: True
PCA components: 20
Output directory: derivatives/sub-01/fir_reconstruction/hV4

[1/8] Loading ROI mask: hV4
  Path: derivatives/sub-01/roi/sub-01_hV4_mask.nii.gz
  Number of voxels: 55

[2/8] Loading 6 runs of functional data and events
  Run 1: (97, 115, 97, 284), 72 events
  Run 2: (97, 115, 97, 271), 72 events
  Run 3: (97, 115, 97, 271), 72 events
  Run 4: (97, 115, 97, 271), 72 events
  Run 5: (97, 115, 97, 271), 72 events
  Run 6: (97, 115, 97, 271), 72 events
  Total: 6 runs loaded

[3/8] Fitting FIR model (may take 5-10 minutes)
  Using hrf_model='fir' with 10 time bins
  Each voxel gets its own response curve
/scratch/connectome/haba6030/colorBlind/fir_reconstruction.py:218: UserWarning: Mean values of 0 observed. The data have probably been centered. Scaling might not work as expected.
  fir_model.fit(func_imgs, events_list, confounds_list)
  FIR model fitted successfully!

[4/8] Visualizing mean HRF estimated from FIR
/scratch/connectome/haba6030/colorBlind/fir_reconstruction.py:240: RuntimeWarning: The same contrast will be used for all 6 runs. If the design matrices are not the same for all runs, (for example with different column names or column order across runs) you should pass contrast as an expression using the name of the conditions as they appear in the design matrices.
  contrast_map = fir_model.compute_contrast(contrast_name, output_type='effect_size')
  Saved: derivatives/sub-01/fir_reconstruction/hV4/figures/hV4_mean_hrf.png

[5/8] Extracting beta estimates for 8 colors
/scratch/connectome/haba6030/colorBlind/fir_reconstruction.py:293: RuntimeWarning: The same contrast will be used for all 6 runs. If the design matrices are not the same for all runs, (for example with different column names or column order across runs) you should pass contrast as an expression using the name of the conditions as they appear in the design matrices.
  contrast_map = fir_model.compute_contrast(contrast_name, output_type='effect_size')
/scratch/connectome/haba6030/colorBlind/fir_reconstruction.py:299: RuntimeWarning: The same contrast will be used for all 6 runs. If the design matrices are not the same for all runs, (for example with different column names or column order across runs) you should pass contrast as an expression using the name of the conditions as they appear in the design matrices.
  z_map = fir_model.compute_contrast(contrast_name, output_type='z_score')
  Run 1: Extracted 8 color betas
  Run 2: Extracted 8 color betas
  Run 3: Extracted 8 color betas
  Run 4: Extracted 8 color betas
  Run 5: Extracted 8 color betas
  Run 6: Extracted 8 color betas
  Total shape: (6, 8, 55)

  Saving z-maps for each color...
/scratch/connectome/haba6030/colorBlind/fir_reconstruction.py:329: UserWarning: empty mask
  display = plotting.plot_stat_map(
  Saved z-maps to: derivatives/sub-01/fir_reconstruction/hV4/zmaps

[6/8] Classification with diagonal LDA (leave-one-run-out)
  Using PCA: 20 components
  Test run 1: 1.000 (100.0%)
  Test run 2: 1.000 (100.0%)
  Test run 3: 1.000 (100.0%)
  Test run 4: 1.000 (100.0%)
  Test run 5: 1.000 (100.0%)
  Test run 6: 1.000 (100.0%)

Mean classification accuracy: 1.000 (100.0%)
Baseline (chance): 0.125 (12.5%)

Confusion matrix (aggregated across runs):
        c  1c  2c  3c  4c  5c  6c  7c  8
  c1:   6   0   0   0   0   0   0   0 
  c2:   0   6   0   0   0   0   0   0 
  c3:   0   0   6   0   0   0   0   0 
  c4:   0   0   0   6   0   0   0   0 
  c5:   0   0   0   0   6   0   0   0 
  c6:   0   0   0   0   0   6   0   0 
  c7:   0   0   0   0   0   0   6   0 
  c8:   0   0   0   0   0   0   0   6 

Per-color classification accuracy:
  color_1: 1.000 (6/6)
  color_2: 1.000 (6/6)
  color_3: 1.000 (6/6)
  color_4: 1.000 (6/6)
  color_5: 1.000 (6/6)
  color_6: 1.000 (6/6)
  color_7: 1.000 (6/6)
  color_8: 1.000 (6/6)

[7/8] Reconstruction with B&H forward model

  === Detailed reconstruction for test run 1 ===
  color_1 (true: 182.1°):
    Reconstructed: 188° (error: 5.9°)
    Estimated channels: [-0.272, -0.294, -0.044, 0.850, 0.218, -0.255]
    Top 5 correlations: 188°(0.997) 189°(0.997) 187°(0.996) 190°(0.996) 186°(0.995) 
  color_2 (true: 288.0°):
    Reconstructed: 283° (error: 5.0°)
    Estimated channels: [-0.083, -0.156, -0.306, -0.338, 0.300, 0.606]
    Top 5 correlations: 283°(0.975) 284°(0.975) 282°(0.975) 285°(0.974) 281°(0.974) 
  color_3 (true: 305.2°):
    Reconstructed: 297° (error: 8.2°)
    Estimated channels: [0.025, -0.335, -0.354, -0.139, 0.093, 0.625]
    Top 5 correlations: 297°(0.966) 298°(0.966) 296°(0.966) 299°(0.965) 295°(0.965) 
  color_4 (true: 330.2°):
    Reconstructed: 332° (error: 1.8°)
    Estimated channels: [0.478, -0.267, -0.317, -0.319, -0.122, 0.423]
    Top 5 correlations: 332°(0.981) 331°(0.981) 333°(0.981) 330°(0.980) 334°(0.980) 
  color_5 (true: 35.3°):
    Reconstructed: 34° (error: 1.3°)
    Estimated channels: [0.484, 0.635, -0.291, -0.213, -0.114, -0.338]
    Top 5 correlations: 34°(0.983) 35°(0.983) 33°(0.983) 36°(0.982) 32°(0.981) 
  color_6 (true: 73.4°):
    Reconstructed: 71° (error: 2.4°)
    Estimated channels: [-0.159, 0.708, 0.170, -0.281, -0.112, -0.309]
    Top 5 correlations: 71°(0.984) 72°(0.984) 70°(0.984) 73°(0.983) 69°(0.983) 
  color_7 (true: 125.6°):
    Reconstructed: 136° (error: 10.4°)
    Estimated channels: [-0.375, -0.256, 0.653, 0.235, -0.053, -0.312]
    Top 5 correlations: 136°(0.960) 137°(0.960) 135°(0.959) 138°(0.959) 134°(0.958) 
  color_8 (true: 143.9°):
    Reconstructed: 134° (error: 9.9°)
    Estimated channels: [-0.098, -0.035, 0.489, 0.203, -0.211, -0.440]
    Top 5 correlations: 134°(0.920) 133°(0.920) 135°(0.919) 132°(0.919) 136°(0.919) 

  Test run 1: Mean error = 5.6°
  Test run 2: Mean error = 5.6°
  Test run 3: Mean error = 5.6°
  Test run 4: Mean error = 5.6°
  Test run 5: Mean error = 5.6°
  Test run 6: Mean error = 5.6°

Mean reconstruction error: 5.6°
Chance level (expected): 90.0° (uniform circular distribution)

[8/8] Leave-one-color-out reconstruction (novel colors)
  color_1: Mean error = 120.9°
  color_2: Mean error = 146.0°
  color_3: Mean error = 114.2°
  color_4: Mean error = 160.2°
  color_5: Mean error = 80.3°
  color_6: Mean error = 6.6°
  color_7: Mean error = 34.4°
  color_8: Mean error = 115.9°

Mean error (novel colors): 97.3°

Saving results...
  Saved: derivatives/sub-01/fir_reconstruction/hV4/results.pkl
  Saved: derivatives/sub-01/fir_reconstruction/hV4/summary.csv

======================================================================
FIR Reconstruction Complete
======================================================================

ROI: hV4
Voxels: 55
PCA: 20 components

Results:
  Classification accuracy: 100.0% (chance: 12.5%)
  Reconstruction error: 5.6° (chance: 90.0°)
  Novel color error: 97.3°

Output directory: derivatives/sub-01/fir_reconstruction/hV4
======================================================================
Exception ignored in: Exception ignored in sys.unraisablehook
Exit code: 120
End time: 2025. 11. 06. (목) 17:09:06 KST

❌ hV4 failed with exit code 120

Check error log: logs/fir_recon_64146_4.err
========================================================================
