=========================================
fMRIPrep Full Preprocessing (anat + func)
=========================================
Output directory: /storage/connectome/haba6030/fmriprep_out
Work directory:   /storage/connectome/haba6030/fmriprep_work
=========================================

Processing participants: sub-02 sub-03 sub-04
Start time: 2025. 11. 08. (토) 02:36:13 KST

251108-02:36:43,908 nipype.workflow IMPORTANT:
	 Running fMRIPrep version 23.2.3

         License NOTICE ##################################################
         fMRIPrep 23.2.3
         Copyright 2023 The NiPreps Developers.
         
         This product includes software developed by
         the NiPreps Community (https://nipreps.org/).
         
         Portions of this software were developed at the Department of
         Psychology at Stanford University, Stanford, CA, US.
         
         This software is also distributed as a Docker container image.
         The bootstrapping file for the image ("Dockerfile") is licensed
         under the MIT License.
         
         This software may be distributed through an add-on package called
         "Docker Wrapper" that is under the BSD 3-clause License.
         #################################################################
251108-02:36:45,426 nipype.workflow IMPORTANT:
	 Building fMRIPrep's workflow:
           * BIDS dataset path: /data.
           * Participant list: ['02', '03', '04'].
           * Run identifier: 20251108-023619_ef26735f-dd48-49bf-ad3b-6d7873c71bf6.
           * Output spaces: T1w fsaverage:den-164k MNI152NLin2009cAsym:res-2.
           * Pre-run FreeSurfer's SUBJECTS_DIR: /out/sourcedata/freesurfer.
251108-02:36:47,444 nipype.workflow INFO:
	 ANAT Stage 1: Adding template workflow
251108-02:36:48,456 nipype.workflow INFO:
	 ANAT Stage 2: Preparing brain extraction workflow
251108-02:36:48,657 nipype.workflow INFO:
	 ANAT Stage 3: Preparing segmentation workflow
251108-02:36:48,666 nipype.workflow INFO:
	 ANAT Stage 4: Preparing normalization workflow for ['MNI152NLin2009cAsym']
251108-02:36:48,679 nipype.workflow INFO:
	 ANAT Stage 5: Preparing surface reconstruction workflow
251108-02:36:48,714 nipype.workflow INFO:
	 ANAT Stage 6: Preparing mask refinement workflow
251108-02:36:48,719 nipype.workflow INFO:
	 ANAT No T2w images provided - skipping Stage 7
251108-02:36:48,719 nipype.workflow INFO:
	 ANAT Stage 8: Creating GIFTI surfaces for ['white', 'pial', 'midthickness', 'sphere_reg', 'sphere']
251108-02:36:48,746 nipype.workflow INFO:
	 ANAT Stage 8: Creating GIFTI metrics for ['thickness', 'sulc']
251108-02:36:48,757 nipype.workflow INFO:
	 ANAT Stage 8a: Creating cortical ribbon mask
251108-02:36:48,763 nipype.workflow INFO:
	 ANAT Stage 9: Creating fsLR registration sphere
251108-02:36:48,770 nipype.workflow INFO:
	 ANAT Stage 10: Creating MSM-Sulc registration sphere
251108-02:36:51,591 nipype.workflow INFO:
	 B0 field inhomogeneity map will be estimated with the following 1 estimator(s): [<EstimatorType.PHASEDIFF: 3>].
251108-02:36:51,663 nipype.workflow INFO:
	 Setting-up fieldmap "auto_00000" (EstimatorType.PHASEDIFF) with <sub-02_acq-mprage_phasediff.nii.gz, sub-02_acq-mprage_magnitude1.nii.gz, sub-02_acq-mprage_magnitude2.nii.gz>
251108-02:36:51,901 nipype.workflow INFO:
	 No single-band-reference found for sub-02_task-rsvp_run-1_bold.nii.gz.
251108-02:36:52,18 nipype.workflow INFO:
	 Stage 1: Adding HMC boldref workflow
251108-02:36:52,31 nipype.workflow INFO:
	 Stage 2: Adding motion correction workflow
251108-02:36:52,46 nipype.workflow INFO:
	 Stage 3: Adding coregistration boldref workflow
251108-02:36:52,203 nipype.workflow IMPORTANT:
	 BOLD series will be slice-timing corrected to an offset of 0.709s.
251108-02:36:53,47 nipype.workflow INFO:
	 No single-band-reference found for sub-02_task-rsvp_run-2_bold.nii.gz.
251108-02:36:53,139 nipype.workflow INFO:
	 Stage 1: Adding HMC boldref workflow
251108-02:36:53,148 nipype.workflow INFO:
	 Stage 2: Adding motion correction workflow
251108-02:36:53,156 nipype.workflow INFO:
	 Stage 3: Adding coregistration boldref workflow
251108-02:36:53,303 nipype.workflow IMPORTANT:
	 BOLD series will be slice-timing corrected to an offset of 0.71s.
251108-02:36:55,921 nipype.workflow INFO:
	 No single-band-reference found for sub-02_task-rsvp_run-3_bold.nii.gz.
251108-02:36:56,16 nipype.workflow INFO:
	 Stage 1: Adding HMC boldref workflow
251108-02:36:56,25 nipype.workflow INFO:
	 Stage 2: Adding motion correction workflow
251108-02:36:56,33 nipype.workflow INFO:
	 Stage 3: Adding coregistration boldref workflow
251108-02:36:56,163 nipype.workflow IMPORTANT:
	 BOLD series will be slice-timing corrected to an offset of 0.709s.
251108-02:36:56,490 nipype.workflow INFO:
	 No single-band-reference found for sub-02_task-rsvp_run-4_bold.nii.gz.
251108-02:36:56,591 nipype.workflow INFO:
	 Stage 1: Adding HMC boldref workflow
251108-02:36:56,600 nipype.workflow INFO:
	 Stage 2: Adding motion correction workflow
251108-02:36:56,608 nipype.workflow INFO:
	 Stage 3: Adding coregistration boldref workflow
251108-02:36:56,745 nipype.workflow IMPORTANT:
	 BOLD series will be slice-timing corrected to an offset of 0.709s.
251108-02:36:57,75 nipype.workflow INFO:
	 No single-band-reference found for sub-02_task-rsvp_run-5_bold.nii.gz.
251108-02:36:57,167 nipype.workflow INFO:
	 Stage 1: Adding HMC boldref workflow
251108-02:36:57,176 nipype.workflow INFO:
	 Stage 2: Adding motion correction workflow
251108-02:36:57,184 nipype.workflow INFO:
	 Stage 3: Adding coregistration boldref workflow
251108-02:36:57,316 nipype.workflow IMPORTANT:
	 BOLD series will be slice-timing corrected to an offset of 0.709s.
251108-02:36:57,668 nipype.workflow INFO:
	 No single-band-reference found for sub-02_task-rsvp_run-6_bold.nii.gz.
251108-02:36:57,772 nipype.workflow INFO:
	 Stage 1: Adding HMC boldref workflow
251108-02:36:57,781 nipype.workflow INFO:
	 Stage 2: Adding motion correction workflow
251108-02:36:57,789 nipype.workflow INFO:
	 Stage 3: Adding coregistration boldref workflow
251108-02:36:57,927 nipype.workflow IMPORTANT:
	 BOLD series will be slice-timing corrected to an offset of 0.709s.
251108-02:36:58,891 nipype.workflow INFO:
	 ANAT Stage 1: Adding template workflow
251108-02:36:58,897 nipype.workflow INFO:
	 ANAT Stage 2: Preparing brain extraction workflow
251108-02:36:59,662 nipype.workflow INFO:
	 ANAT Stage 3: Preparing segmentation workflow
251108-02:36:59,669 nipype.workflow INFO:
	 ANAT Stage 4: Preparing normalization workflow for ['MNI152NLin2009cAsym']
251108-02:36:59,683 nipype.workflow INFO:
	 ANAT Stage 5: Preparing surface reconstruction workflow
251108-02:36:59,716 nipype.workflow INFO:
	 ANAT Stage 6: Preparing mask refinement workflow
251108-02:36:59,720 nipype.workflow INFO:
	 ANAT No T2w images provided - skipping Stage 7
251108-02:36:59,720 nipype.workflow INFO:
	 ANAT Stage 8: Creating GIFTI surfaces for ['white', 'pial', 'midthickness', 'sphere_reg', 'sphere']
251108-02:36:59,749 nipype.workflow INFO:
	 ANAT Stage 8: Creating GIFTI metrics for ['thickness', 'sulc']
251108-02:36:59,761 nipype.workflow INFO:
	 ANAT Stage 8a: Creating cortical ribbon mask
251108-02:36:59,767 nipype.workflow INFO:
	 ANAT Stage 9: Creating fsLR registration sphere
251108-02:36:59,777 nipype.workflow INFO:
	 ANAT Stage 10: Creating MSM-Sulc registration sphere
251108-02:37:02,796 nipype.workflow INFO:
	 B0 field inhomogeneity map will be estimated with the following 1 estimator(s): [<EstimatorType.PHASEDIFF: 3>].
251108-02:37:02,860 nipype.workflow INFO:
	 Setting-up fieldmap "auto_00001" (EstimatorType.PHASEDIFF) with <sub-03_acq-mprage_phasediff.nii.gz, sub-03_acq-mprage_magnitude1.nii.gz, sub-03_acq-mprage_magnitude2.nii.gz>
251108-02:37:03,73 nipype.workflow INFO:
	 No single-band-reference found for sub-03_task-rsvp_run-1_bold.nii.gz.
251108-02:37:03,164 nipype.workflow INFO:
	 Stage 1: Adding HMC boldref workflow
251108-02:37:03,173 nipype.workflow INFO:
	 Stage 2: Adding motion correction workflow
251108-02:37:03,181 nipype.workflow INFO:
	 Stage 3: Adding coregistration boldref workflow
251108-02:37:03,345 nipype.workflow IMPORTANT:
	 BOLD series will be slice-timing corrected to an offset of 0.709s.
251108-02:37:03,699 nipype.workflow INFO:
	 No single-band-reference found for sub-03_task-rsvp_run-2_bold.nii.gz.
251108-02:37:03,801 nipype.workflow INFO:
	 Stage 1: Adding HMC boldref workflow
251108-02:37:03,810 nipype.workflow INFO:
	 Stage 2: Adding motion correction workflow
251108-02:37:03,818 nipype.workflow INFO:
	 Stage 3: Adding coregistration boldref workflow
251108-02:37:03,948 nipype.workflow IMPORTANT:
	 BOLD series will be slice-timing corrected to an offset of 0.71s.
251108-02:37:04,268 nipype.workflow INFO:
	 No single-band-reference found for sub-03_task-rsvp_run-3_bold.nii.gz.
251108-02:37:04,370 nipype.workflow INFO:
	 Stage 1: Adding HMC boldref workflow
251108-02:37:04,379 nipype.workflow INFO:
	 Stage 2: Adding motion correction workflow
251108-02:37:04,387 nipype.workflow INFO:
	 Stage 3: Adding coregistration boldref workflow
251108-02:37:04,523 nipype.workflow IMPORTANT:
	 BOLD series will be slice-timing corrected to an offset of 0.709s.
251108-02:37:04,861 nipype.workflow INFO:
	 No single-band-reference found for sub-03_task-rsvp_run-4_bold.nii.gz.
251108-02:37:04,959 nipype.workflow INFO:
	 Stage 1: Adding HMC boldref workflow
251108-02:37:04,983 nipype.workflow INFO:
	 Stage 2: Adding motion correction workflow
251108-02:37:04,992 nipype.workflow INFO:
	 Stage 3: Adding coregistration boldref workflow
251108-02:37:05,125 nipype.workflow IMPORTANT:
	 BOLD series will be slice-timing corrected to an offset of 0.709s.
251108-02:37:05,483 nipype.workflow INFO:
	 No single-band-reference found for sub-03_task-rsvp_run-5_bold.nii.gz.
251108-02:37:05,579 nipype.workflow INFO:
	 Stage 1: Adding HMC boldref workflow
251108-02:37:05,588 nipype.workflow INFO:
	 Stage 2: Adding motion correction workflow
251108-02:37:05,596 nipype.workflow INFO:
	 Stage 3: Adding coregistration boldref workflow
251108-02:37:05,729 nipype.workflow IMPORTANT:
	 BOLD series will be slice-timing corrected to an offset of 0.709s.
251108-02:37:06,35 nipype.workflow INFO:
	 No single-band-reference found for sub-03_task-rsvp_run-6_bold.nii.gz.
251108-02:37:06,126 nipype.workflow INFO:
	 Stage 1: Adding HMC boldref workflow
251108-02:37:06,135 nipype.workflow INFO:
	 Stage 2: Adding motion correction workflow
251108-02:37:06,143 nipype.workflow INFO:
	 Stage 3: Adding coregistration boldref workflow
251108-02:37:06,980 nipype.workflow IMPORTANT:
	 BOLD series will be slice-timing corrected to an offset of 0.71s.
251108-02:37:10,181 nipype.workflow INFO:
	 ANAT Stage 1: Adding template workflow
251108-02:37:10,187 nipype.workflow INFO:
	 ANAT Stage 2: Preparing brain extraction workflow
251108-02:37:10,340 nipype.workflow INFO:
	 ANAT Stage 3: Preparing segmentation workflow
251108-02:37:10,348 nipype.workflow INFO:
	 ANAT Stage 4: Preparing normalization workflow for ['MNI152NLin2009cAsym']
251108-02:37:10,360 nipype.workflow INFO:
	 ANAT Stage 5: Preparing surface reconstruction workflow
251108-02:37:10,387 nipype.workflow INFO:
	 ANAT Stage 6: Preparing mask refinement workflow
251108-02:37:10,391 nipype.workflow INFO:
	 ANAT No T2w images provided - skipping Stage 7
251108-02:37:10,392 nipype.workflow INFO:
	 ANAT Stage 8: Creating GIFTI surfaces for ['white', 'pial', 'midthickness', 'sphere_reg', 'sphere']
251108-02:37:10,421 nipype.workflow INFO:
	 ANAT Stage 8: Creating GIFTI metrics for ['thickness', 'sulc']
251108-02:37:10,433 nipype.workflow INFO:
	 ANAT Stage 8a: Creating cortical ribbon mask
251108-02:37:10,438 nipype.workflow INFO:
	 ANAT Stage 9: Creating fsLR registration sphere
251108-02:37:10,445 nipype.workflow INFO:
	 ANAT Stage 10: Creating MSM-Sulc registration sphere
251108-02:37:11,235 nipype.workflow INFO:
	 B0 field inhomogeneity map will be estimated with the following 1 estimator(s): [<EstimatorType.PHASEDIFF: 3>].
251108-02:37:11,301 nipype.workflow INFO:
	 Setting-up fieldmap "auto_00002" (EstimatorType.PHASEDIFF) with <sub-04_acq-mprage_phasediff.nii.gz, sub-04_acq-mprage_magnitude1.nii.gz, sub-04_acq-mprage_magnitude2.nii.gz>
251108-02:37:11,498 nipype.workflow INFO:
	 No single-band-reference found for sub-04_task-rsvp_run-1_bold.nii.gz.
251108-02:37:11,591 nipype.workflow INFO:
	 Stage 1: Adding HMC boldref workflow
251108-02:37:11,600 nipype.workflow INFO:
	 Stage 2: Adding motion correction workflow
251108-02:37:11,608 nipype.workflow INFO:
	 Stage 3: Adding coregistration boldref workflow
251108-02:37:11,741 nipype.workflow IMPORTANT:
	 BOLD series will be slice-timing corrected to an offset of 0.709s.
251108-02:37:12,53 nipype.workflow INFO:
	 No single-band-reference found for sub-04_task-rsvp_run-2_bold.nii.gz.
251108-02:37:12,152 nipype.workflow INFO:
	 Stage 1: Adding HMC boldref workflow
251108-02:37:12,162 nipype.workflow INFO:
	 Stage 2: Adding motion correction workflow
251108-02:37:12,170 nipype.workflow INFO:
	 Stage 3: Adding coregistration boldref workflow
251108-02:37:12,316 nipype.workflow IMPORTANT:
	 BOLD series will be slice-timing corrected to an offset of 0.709s.
251108-02:37:12,648 nipype.workflow INFO:
	 No single-band-reference found for sub-04_task-rsvp_run-3_bold.nii.gz.
251108-02:37:12,740 nipype.workflow INFO:
	 Stage 1: Adding HMC boldref workflow
251108-02:37:12,750 nipype.workflow INFO:
	 Stage 2: Adding motion correction workflow
251108-02:37:12,758 nipype.workflow INFO:
	 Stage 3: Adding coregistration boldref workflow
251108-02:37:12,907 nipype.workflow IMPORTANT:
	 BOLD series will be slice-timing corrected to an offset of 0.71s.
251108-02:37:13,229 nipype.workflow INFO:
	 No single-band-reference found for sub-04_task-rsvp_run-4_bold.nii.gz.
251108-02:37:13,335 nipype.workflow INFO:
	 Stage 1: Adding HMC boldref workflow
251108-02:37:13,345 nipype.workflow INFO:
	 Stage 2: Adding motion correction workflow
251108-02:37:13,353 nipype.workflow INFO:
	 Stage 3: Adding coregistration boldref workflow
251108-02:37:13,491 nipype.workflow IMPORTANT:
	 BOLD series will be slice-timing corrected to an offset of 0.709s.
251108-02:37:13,827 nipype.workflow INFO:
	 No single-band-reference found for sub-04_task-rsvp_run-5_bold.nii.gz.
251108-02:37:13,921 nipype.workflow INFO:
	 Stage 1: Adding HMC boldref workflow
251108-02:37:13,930 nipype.workflow INFO:
	 Stage 2: Adding motion correction workflow
251108-02:37:13,938 nipype.workflow INFO:
	 Stage 3: Adding coregistration boldref workflow
251108-02:37:14,90 nipype.workflow IMPORTANT:
	 BOLD series will be slice-timing corrected to an offset of 0.709s.
251108-02:37:14,420 nipype.workflow INFO:
	 No single-band-reference found for sub-04_task-rsvp_run-6_bold.nii.gz.
251108-02:37:14,532 nipype.workflow INFO:
	 Stage 1: Adding HMC boldref workflow
251108-02:37:14,546 nipype.workflow INFO:
	 Stage 2: Adding motion correction workflow
251108-02:37:14,554 nipype.workflow INFO:
	 Stage 3: Adding coregistration boldref workflow
251108-02:37:14,691 nipype.workflow IMPORTANT:
	 BOLD series will be slice-timing corrected to an offset of 0.709s.
