Starting ROI analysis...
================================================================================
ROI-BASED RECONSTRUCTION TEST
================================================================================

Checking ROI availability...
  ❌ V1: derivatives/sub-01/roi/sub-01_acq-mprage_space-MNI152NLin2009cAsym_res-2_desc-V1_mask.nii.gz
  ❌ V2: derivatives/sub-01/roi/sub-01_acq-mprage_space-MNI152NLin2009cAsym_res-2_desc-V2_mask.nii.gz
  ❌ V3: derivatives/sub-01/roi/sub-01_acq-mprage_space-MNI152NLin2009cAsym_res-2_desc-V3_mask.nii.gz
  ❌ hV4: derivatives/sub-01/roi/sub-01_acq-mprage_space-MNI152NLin2009cAsym_res-2_desc-hV4_mask.nii.gz
  ✅ brain: output/pilot/sub-01/anat/sub-01_acq-mprage_space-MNI152NLin2009cAsym_res-2_desc-brain_mask.nii.gz

Found 1 available ROIs

Loading brain mask results for comparison...
  Brain mask: 0.229 hit rate, p=0.401

================================================================================
TESTING RECONSTRUCTION WITH DIFFERENT ROIs
================================================================================

⚠️  Skipping V1 (not available)
⚠️  Skipping V2 (not available)
⚠️  Skipping V3 (not available)
⚠️  Skipping hV4 (not available)

================================================================================
Testing: brain
================================================================================
✅ Loading cached results from ./hrf_test_outputs/cache_brain/reconstruction_results.joblib

📊 RESULTS for brain:
   Mean hit rate: 0.229
   Mean p-value:  0.401
   Significant:   ❌ NO

   Per-run breakdown:
     Run 1: hit=0.125, p=0.615
     Run 2: hit=0.250, p=0.327
     Run 3: hit=0.375, p=0.083
     Run 4: hit=0.000, p=1.000
     Run 5: hit=0.375, p=0.072
     Run 6: hit=0.250, p=0.308

================================================================================
SUMMARY: Reconstruction Performance by ROI
================================================================================

  ROI  Hit Rate  p-value Significant Status
brain  0.229167 0.400766          No      ❌

================================================================================
RECOMMENDATIONS
================================================================================

❌ No ROI achieved significant reconstruction (p<0.05)

Next steps:
  1. Try FIR model (bh_anal.py) instead of canonical HRF
  2. Optimize regularization parameter (try lambda=0.1, 1.0, 10.0)
  3. Combine V1+V2+V3+hV4 into single mask
  4. Consider data quality issues (motion, attention)
  5. Switch to main experiment data (better color spacing)

================================================================================
To run analysis for a specific ROI:
  1. Edit naive_analysis.py line ~950 to specify ROI path
  2. Run: python naive_analysis.py
  3. Re-run this script to see updated results
================================================================================
analysis complete!
