Starting diagnostic analysis...
============================================================
NAIVE_ANALYSIS.PY STARTED
Subject: sub-01, Task: rsvp, Space: MNI152NLin2009cAsym
Output directory: ./hrf_test_outputs
Working directory: /scratch/connectome/haba6030/colorBlind
============================================================

[INFO] Discovering ROI masks...
[INFO] Available ROI masks:
  - brain: output/pilot/sub-01/anat/sub-01_acq-mprage_space-MNI152NLin2009cAsym_res-2_desc-brain_mask.nii.gz
[INFO] Loading ROI mask: output/pilot/sub-01/anat/sub-01_acq-mprage_space-MNI152NLin2009cAsym_res-2_desc-brain_mask.nii.gz
[INFO] This may take 2-3 minutes on slow filesystems...
[INFO] Mask loaded successfully!
[INFO] Fitting NiftiMasker (this may take 1-2 minutes)...
[INFO] NiftiMasker fitted successfully!

[INFO] Configured 6 BOLD runs for analysis

[INFO] Checking for existing TR regressor CSV files...
[INFO] All TR regressor CSV files found. Skipping generation (saves ~8GB and computation time).

완료: 각 run별 HRF 파형 PNG + TR시점 리그래서 CSV가 생성되었습니다.
※ amplitude 미지정 시 1로 가정했습니다(공식 시그니처: [onset, duration, amplitude]).

[INFO] Checking for existing design matrix CSV files...
[INFO] Loading existing design matrices from CSV files (saves computation time)...
Loaded: ./hrf_test_outputs/sub-01_rsvp_run-1_design_matrix.csv
Loaded: ./hrf_test_outputs/sub-01_rsvp_run-2_design_matrix.csv
Loaded: ./hrf_test_outputs/sub-01_rsvp_run-3_design_matrix.csv
Loaded: ./hrf_test_outputs/sub-01_rsvp_run-4_design_matrix.csv
Loaded: ./hrf_test_outputs/sub-01_rsvp_run-5_design_matrix.csv
Loaded: ./hrf_test_outputs/sub-01_rsvp_run-6_design_matrix.csv

[INFO] Loading existing first-level model from ./hrf_test_outputs/sub-01_rsvp_firstlevel.joblib (saves ~8GB and fitting time)...
[INFO] First-level model loaded successfully.

[INFO] Computing and saving contrast maps...
Loading existing: ./hrf_test_outputs/sub-01_rsvp_color_1minusblank_zmap.nii.gz
Loading existing: ./hrf_test_outputs/sub-01_rsvp_color_2minusblank_zmap.nii.gz
Loading existing: ./hrf_test_outputs/sub-01_rsvp_color_3minusblank_zmap.nii.gz
Loading existing: ./hrf_test_outputs/sub-01_rsvp_color_4minusblank_zmap.nii.gz
Loading existing: ./hrf_test_outputs/sub-01_rsvp_color_5minusblank_zmap.nii.gz
Loading existing: ./hrf_test_outputs/sub-01_rsvp_color_6minusblank_zmap.nii.gz
Loading existing: ./hrf_test_outputs/sub-01_rsvp_color_7minusblank_zmap.nii.gz
Loading existing: ./hrf_test_outputs/sub-01_rsvp_color_8minusblank_zmap.nii.gz
Loading existing: ./hrf_test_outputs/sub-01_rsvp_avg_colorsminusblank_zmap.nii.gz

[INFO] Generating PNG thumbnails...
Saved: ./hrf_test_outputs/sub-01_rsvp_brain_run1_observed_predicted_residuals.csv
Saved: ./hrf_test_outputs/sub-01_rsvp_brain_run2_observed_predicted_residuals.csv
Saved: ./hrf_test_outputs/sub-01_rsvp_brain_run3_observed_predicted_residuals.csv
Saved: ./hrf_test_outputs/sub-01_rsvp_brain_run4_observed_predicted_residuals.csv
Saved: ./hrf_test_outputs/sub-01_rsvp_brain_run5_observed_predicted_residuals.csv
Saved: ./hrf_test_outputs/sub-01_rsvp_brain_run6_observed_predicted_residuals.csv
Saved metrics: ./hrf_test_outputs/sub-01_rsvp_brain_observed_predicted_residual_metrics.csv

Metrics summary:
 run  corr_obs_pred          R2  residual_RMSE
   1      -0.339576    0.109305       1.672390
   2       0.172884 -292.084432       9.956498
   3      -0.211384 -148.956115       7.891382
   4       0.248238 -168.286669       7.058651
   5       0.020989 -324.671742      11.915200
   6       0.092918  -12.770159       3.160725
Loaded: avg_colorsminusblank (97, 115, 97)
Loaded: color_1minusblank (97, 115, 97)
Loaded: color_7minusblank (97, 115, 97)
Loaded: color_5minusblank (97, 115, 97)
Loaded: color_8minusblank (97, 115, 97)
Loaded: color_2minusblank (97, 115, 97)
Loaded: color_6minusblank (97, 115, 97)
Loaded: color_4minusblank (97, 115, 97)
Loaded: color_3minusblank (97, 115, 97)
Saved: ./hrf_test_outputs/sub-01_rsvp_avgColorsVsBlank_left_surf.png
Saved: ./hrf_test_outputs/sub-01_rsvp_avgColorsVsBlank_right_surf.png
Saved: ./hrf_test_outputs/sub-01_rsvp_avgColor_1_VsBlank_left_surf.png
Saved: ./hrf_test_outputs/sub-01_rsvp_avgColor_1_VsBlank_right_surf.png
Saved: ./hrf_test_outputs/sub-01_rsvp_avgColor_2_VsBlank_left_surf.png
Saved: ./hrf_test_outputs/sub-01_rsvp_avgColor_2_VsBlank_right_surf.png
Saved: ./hrf_test_outputs/sub-01_rsvp_avgColor_3_VsBlank_left_surf.png
Saved: ./hrf_test_outputs/sub-01_rsvp_avgColor_3_VsBlank_right_surf.png
Saved: ./hrf_test_outputs/sub-01_rsvp_avgColor_4_VsBlank_left_surf.png
Saved: ./hrf_test_outputs/sub-01_rsvp_avgColor_4_VsBlank_right_surf.png
Saved: ./hrf_test_outputs/sub-01_rsvp_avgColor_5_VsBlank_left_surf.png
Saved: ./hrf_test_outputs/sub-01_rsvp_avgColor_5_VsBlank_right_surf.png
Saved: ./hrf_test_outputs/sub-01_rsvp_avgColor_6_VsBlank_left_surf.png
Saved: ./hrf_test_outputs/sub-01_rsvp_avgColor_6_VsBlank_right_surf.png
Saved: ./hrf_test_outputs/sub-01_rsvp_avgColor_7_VsBlank_left_surf.png
Saved: ./hrf_test_outputs/sub-01_rsvp_avgColor_7_VsBlank_right_surf.png
Saved: ./hrf_test_outputs/sub-01_rsvp_avgColor_8_VsBlank_left_surf.png
Saved: ./hrf_test_outputs/sub-01_rsvp_avgColor_8_VsBlank_right_surf.png

[INFO] Running ROI-dependent analyses for 'brain' mask
[INFO] No cached run_mats found. Computing from scratch...
[OK] Using 6 runs with a common voxel set. Each run matrix shape: (230768, 9)
[INFO] Saved run_mats to ./hrf_test_outputs/cache_brain/run_mats_k.joblib
[INFO] Dropping non-color conditions: [np.str_('blank')]
[OK] Selected top 5000 voxels based on mean |z| scores.

[INFO] No cached classification results found. Computing...
[Classification][brain] Test 1: acc=0.625
[Classification][brain] Test 2: acc=0.750
[Classification][brain] Test 3: acc=0.625
[Classification][brain] Test 4: acc=0.750
[Classification][brain] Test 5: acc=0.750
[Classification][brain] Test 6: acc=0.750
[INFO] Saved classification results to ./hrf_test_outputs/cache_brain/classification_results.joblib
[INFO] Saved classification summary to ./hrf_test_outputs/cache_brain/classification_results.csv

[Classification][brain] Per-color accuracy:
  color_7: 1.000
  color_6: 1.000
  color_5: 1.000
  color_8: 0.833
  color_4: 0.833
  color_1: 0.667
  color_3: 0.333
  color_2: 0.000

[Classification][brain] Best color: color_7 (1.000)
[Classification][brain] Worst color: color_2 (0.000)
[Classification][brain] Worst color misclassified mostly as color_1 (2 errors)
[Classification][brain] Best color had zero misclassifications.
[Diag-MLC][brain] Run 1: acc=0.625, p=0.001, thr=0.375
[Diag-MLC][brain] Run 2: acc=0.750, p=0.001, thr=0.375
[Diag-MLC][brain] Run 3: acc=0.625, p=0.001, thr=0.375
[Diag-MLC][brain] Run 4: acc=0.750, p=0.001, thr=0.375
[Diag-MLC][brain] Run 5: acc=0.750, p=0.001, thr=0.375
[Diag-MLC][brain] Run 6: acc=0.750, p=0.001, thr=0.375
[[1.         0.99969541 0.99878203 ... 0.99726095 0.99878203 0.99969541]
 [0.25       0.26526422 0.28081443 ... 0.20610737 0.22040355 0.23504037]
 [0.         0.         0.         ... 0.         0.         0.        ]
 [0.         0.         0.         ... 0.         0.         0.        ]
 [0.         0.         0.         ... 0.         0.         0.        ]
 [0.25       0.23504037 0.22040355 ... 0.29663168 0.28081443 0.26526422]]
[ForwardModel-Recon][brain] Test 1 hues: [101  36 144 147 150 162 263  32]
[ForwardModel-Recon][brain] Test 2 hues: [286  18 322  52 182 284 156 216]
[ForwardModel-Recon][brain] Test 3 hues: [151 329 128 139 135 295 265  30]
[ForwardModel-Recon][brain] Test 4 hues: [ 67 329 162 277 267 148  18 151]
[ForwardModel-Recon][brain] Test 5 hues: [ 51 252 119  24 155 116 271 313]
[ForwardModel-Recon][brain] Test 6 hues: [104 274 201 104  78 291 277  95]
Diagnostic analysis complete!
