/home/connectome/haba6030/.conda/envs/nilearn/lib/python3.10/site-packages/numpy/lib/_function_base_impl.py:3045: RuntimeWarning: invalid value encountered in divide
  c /= stddev[:, None]
/home/connectome/haba6030/.conda/envs/nilearn/lib/python3.10/site-packages/numpy/lib/_function_base_impl.py:3046: RuntimeWarning: invalid value encountered in divide
  c /= stddev[None, :]
/scratch/connectome/haba6030/colorBlind/naive_analysis_hV4_temp.py:681: DeprecationWarning: The `darkness` parameter will be deprecated in release 0.13. We recommend setting `darkness` to None
  fig = plotting.plot_surf_stat_map(mesh, tex, hemi=hemi, view="lateral",
/scratch/connectome/haba6030/colorBlind/naive_analysis_hV4_temp.py:708: DeprecationWarning: The `darkness` parameter will be deprecated in release 0.13. We recommend setting `darkness` to None
  fig = plotting.plot_surf_stat_map(mesh, tex, hemi=hemi, view="lateral",
/scratch/connectome/haba6030/colorBlind/naive_analysis_hV4_temp.py:708: DeprecationWarning: The `darkness` parameter will be deprecated in release 0.13. We recommend setting `darkness` to None
  fig = plotting.plot_surf_stat_map(mesh, tex, hemi=hemi, view="lateral",
/scratch/connectome/haba6030/colorBlind/naive_analysis_hV4_temp.py:708: DeprecationWarning: The `darkness` parameter will be deprecated in release 0.13. We recommend setting `darkness` to None
  fig = plotting.plot_surf_stat_map(mesh, tex, hemi=hemi, view="lateral",
/scratch/connectome/haba6030/colorBlind/naive_analysis_hV4_temp.py:708: DeprecationWarning: The `darkness` parameter will be deprecated in release 0.13. We recommend setting `darkness` to None
  fig = plotting.plot_surf_stat_map(mesh, tex, hemi=hemi, view="lateral",
/scratch/connectome/haba6030/colorBlind/naive_analysis_hV4_temp.py:708: DeprecationWarning: The `darkness` parameter will be deprecated in release 0.13. We recommend setting `darkness` to None
  fig = plotting.plot_surf_stat_map(mesh, tex, hemi=hemi, view="lateral",
/scratch/connectome/haba6030/colorBlind/naive_analysis_hV4_temp.py:708: DeprecationWarning: The `darkness` parameter will be deprecated in release 0.13. We recommend setting `darkness` to None
  fig = plotting.plot_surf_stat_map(mesh, tex, hemi=hemi, view="lateral",
/scratch/connectome/haba6030/colorBlind/naive_analysis_hV4_temp.py:708: DeprecationWarning: The `darkness` parameter will be deprecated in release 0.13. We recommend setting `darkness` to None
  fig = plotting.plot_surf_stat_map(mesh, tex, hemi=hemi, view="lateral",
/scratch/connectome/haba6030/colorBlind/naive_analysis_hV4_temp.py:708: DeprecationWarning: The `darkness` parameter will be deprecated in release 0.13. We recommend setting `darkness` to None
  fig = plotting.plot_surf_stat_map(mesh, tex, hemi=hemi, view="lateral",
/scratch/connectome/haba6030/colorBlind/naive_analysis_hV4_temp.py:769: UserWarning: Mean values of 0 observed. The data have probably been centered. Scaling might not work as expected.
  glm = FirstLevelModel(
/scratch/connectome/haba6030/colorBlind/naive_analysis_hV4_temp.py:769: UserWarning: Mean values of 0 observed. The data have probably been centered. Scaling might not work as expected.
  glm = FirstLevelModel(
/scratch/connectome/haba6030/colorBlind/naive_analysis_hV4_temp.py:769: UserWarning: Mean values of 0 observed. The data have probably been centered. Scaling might not work as expected.
  glm = FirstLevelModel(
/scratch/connectome/haba6030/colorBlind/naive_analysis_hV4_temp.py:769: UserWarning: Mean values of 0 observed. The data have probably been centered. Scaling might not work as expected.
  glm = FirstLevelModel(
/scratch/connectome/haba6030/colorBlind/naive_analysis_hV4_temp.py:769: UserWarning: Mean values of 0 observed. The data have probably been centered. Scaling might not work as expected.
  glm = FirstLevelModel(
/scratch/connectome/haba6030/colorBlind/naive_analysis_hV4_temp.py:769: UserWarning: Mean values of 0 observed. The data have probably been centered. Scaling might not work as expected.
  glm = FirstLevelModel(
