Starting diagnostic analysis...
============================================================
NAIVE_ANALYSIS.PY STARTED
Subject: sub-01, Task: rsvp, Space: MNI152NLin2009cAsym
Output directory: ./hrf_test_outputs
Working directory: /scratch/connectome/haba6030/colorBlind
============================================================

[INFO] Discovering ROI masks...
[INFO] Available ROI masks:
  - brain: output/pilot/sub-01/anat/sub-01_acq-mprage_space-MNI152NLin2009cAsym_res-2_desc-brain_mask.nii.gz
  - BrainMask: derivatives/sub-01/roi/sub-01_BrainMask_mask.nii.gz
  - EarlyVisual: derivatives/sub-01/roi/sub-01_EarlyVisual_fixed_mask.nii.gz
  - V1: derivatives/sub-01/roi/sub-01_V1_mask.nii.gz
  - V2: derivatives/sub-01/roi/sub-01_V2_mask.nii.gz
  - V3: derivatives/sub-01/roi/sub-01_V3_mask.nii.gz
  - Ventral: derivatives/sub-01/roi/sub-01_Ventral_fixed_mask.nii.gz
  - preproc: derivatives/sub-01/roi/sub-01_acq-mprage_space-MNI152NLin2009cAsym_res-2_desc-preproc_T1w_anat_mask.nii.gz
  - ribbon: derivatives/sub-01/roi/sub-01_acq-mprage_desc-ribbon_anat_mask.nii.gz
  - sub-01_acq-mprage_dseg_anat_mask: derivatives/sub-01/roi/sub-01_acq-mprage_dseg_anat_mask.nii.gz
  - sub-01_acq-mprage_space-MNI152NLin2009cAsym_res-2_dseg_anat_mask: derivatives/sub-01/roi/sub-01_acq-mprage_space-MNI152NLin2009cAsym_res-2_dseg_anat_mask.nii.gz
  - sub-01_functional_mask: derivatives/sub-01/roi/sub-01_functional_mask.nii.gz
  - hV4: derivatives/sub-01/roi/sub-01_hV4_mask.nii.gz
[INFO] Loading ROI mask: derivatives/sub-01/roi/sub-01_V2_mask.nii.gz
[INFO] This may take 2-3 minutes on slow filesystems...
[INFO] Mask loaded successfully!
[INFO] Fitting NiftiMasker (this may take 1-2 minutes)...
[INFO] NiftiMasker fitted successfully!

[INFO] Configured 6 BOLD runs for analysis

[INFO] Checking for existing TR regressor CSV files...
[INFO] All TR regressor CSV files found. Skipping generation (saves ~8GB and computation time).

완료: 각 run별 HRF 파형 PNG + TR시점 리그래서 CSV가 생성되었습니다.
※ amplitude 미지정 시 1로 가정했습니다(공식 시그니처: [onset, duration, amplitude]).

[INFO] Checking for existing design matrix CSV files...
[INFO] Loading existing design matrices from CSV files (saves computation time)...
Loaded: ./hrf_test_outputs/sub-01_rsvp_run-1_design_matrix.csv
Loaded: ./hrf_test_outputs/sub-01_rsvp_run-2_design_matrix.csv
Loaded: ./hrf_test_outputs/sub-01_rsvp_run-3_design_matrix.csv
Loaded: ./hrf_test_outputs/sub-01_rsvp_run-4_design_matrix.csv
Loaded: ./hrf_test_outputs/sub-01_rsvp_run-5_design_matrix.csv
Loaded: ./hrf_test_outputs/sub-01_rsvp_run-6_design_matrix.csv

[INFO] Loading existing first-level model from ./hrf_test_outputs/sub-01_rsvp_firstlevel.joblib (saves ~8GB and fitting time)...
[INFO] First-level model loaded successfully.

[INFO] Computing and saving contrast maps...
Loading existing: ./hrf_test_outputs/sub-01_rsvp_color_1minusblank_zmap.nii.gz
Loading existing: ./hrf_test_outputs/sub-01_rsvp_color_2minusblank_zmap.nii.gz
Loading existing: ./hrf_test_outputs/sub-01_rsvp_color_3minusblank_zmap.nii.gz
Loading existing: ./hrf_test_outputs/sub-01_rsvp_color_4minusblank_zmap.nii.gz
Loading existing: ./hrf_test_outputs/sub-01_rsvp_color_5minusblank_zmap.nii.gz
Loading existing: ./hrf_test_outputs/sub-01_rsvp_color_6minusblank_zmap.nii.gz
Loading existing: ./hrf_test_outputs/sub-01_rsvp_color_7minusblank_zmap.nii.gz
Loading existing: ./hrf_test_outputs/sub-01_rsvp_color_8minusblank_zmap.nii.gz
Loading existing: ./hrf_test_outputs/sub-01_rsvp_avg_colorsminusblank_zmap.nii.gz

[INFO] Generating PNG thumbnails...
Saved: ./hrf_test_outputs/sub-01_rsvp_V2_run1_observed_predicted_residuals.csv
Saved: ./hrf_test_outputs/sub-01_rsvp_V2_run2_observed_predicted_residuals.csv
Saved: ./hrf_test_outputs/sub-01_rsvp_V2_run3_observed_predicted_residuals.csv
Saved: ./hrf_test_outputs/sub-01_rsvp_V2_run4_observed_predicted_residuals.csv
