==================================================================
Preprocessing Grid Search for B&H (2009) Pipeline
Job ID: 65209
Node: node2
Started: 2025. 11. 23. (일) 01:01:39 KST
==================================================================

================================================================================
COMPREHENSIVE PREPROCESSING GRID SEARCH
================================================================================
Subject: 01
ROI: V1
Total configurations: 36


================================================================================
Config 00/35
================================================================================
  Smoothing: 0 mm
  High-pass: None
  Drift model: None
  Confounds: None
  Voxel norm: None
  Loading data with config 0...
  Estimating HRF...
  DEBUG: Building design matrices...
    Run 1: func_data shape = (284, 481), n_scans = 284
    Run 2: func_data shape = (284, 481), n_scans = 284
    Run 3: func_data shape = (284, 481), n_scans = 284
    Run 4: func_data shape = (284, 481), n_scans = 284
    Run 5: func_data shape = (284, 481), n_scans = 284
    Run 6: func_data shape = (284, 481), n_scans = 284
    Run 1: X_run shape = (284, 8)
    Run 2: X_run shape = (284, 8)
    Run 3: X_run shape = (284, 8)
    Run 4: X_run shape = (284, 8)
    Run 5: X_run shape = (284, 8)
    Run 6: X_run shape = (284, 8)
  DEBUG: X_all shape = (1704, 8), y_all shape = (1704, 481)
  DEBUG: X_fir shape = (1704, 8)
  Computing metrics...
  ✓ Completed in 61.8s
  R²: 0.0027, tSNR: 9.8, HRF corr: 0.968

================================================================================
Config 01/35
================================================================================
  Smoothing: 0 mm
  High-pass: None
  Drift model: None
  Confounds: None
  Voxel norm: demean
  Loading data with config 1...
  Estimating HRF...
  DEBUG: Building design matrices...
    Run 1: func_data shape = (284, 481), n_scans = 284
    Run 2: func_data shape = (284, 481), n_scans = 284
    Run 3: func_data shape = (284, 481), n_scans = 284
    Run 4: func_data shape = (284, 481), n_scans = 284
    Run 5: func_data shape = (284, 481), n_scans = 284
    Run 6: func_data shape = (284, 481), n_scans = 284
    Run 1: X_run shape = (284, 8)
    Run 2: X_run shape = (284, 8)
    Run 3: X_run shape = (284, 8)
    Run 4: X_run shape = (284, 8)
    Run 5: X_run shape = (284, 8)
    Run 6: X_run shape = (284, 8)
  DEBUG: X_all shape = (1704, 8), y_all shape = (1704, 481)
  DEBUG: X_fir shape = (1704, 8)
  Computing metrics...
  ✓ Completed in 60.8s
  R²: 0.0027, tSNR: 9.8, HRF corr: 0.968

================================================================================
Config 02/35
================================================================================
  Smoothing: 0 mm
  High-pass: None
  Drift model: None
  Confounds: motion_6
  Voxel norm: None
  Loading data with config 2...
  Estimating HRF...
  DEBUG: Building design matrices...
    Run 1: func_data shape = (284, 481), n_scans = 284
    Run 2: func_data shape = (284, 481), n_scans = 284
    Run 3: func_data shape = (284, 481), n_scans = 284
    Run 4: func_data shape = (284, 481), n_scans = 284
    Run 5: func_data shape = (284, 481), n_scans = 284
    Run 6: func_data shape = (284, 481), n_scans = 284
    Run 1: X_run shape = (284, 8)
    Run 2: X_run shape = (284, 8)
    Run 3: X_run shape = (284, 8)
    Run 4: X_run shape = (284, 8)
    Run 5: X_run shape = (284, 8)
    Run 6: X_run shape = (284, 8)
  DEBUG: X_all shape = (1704, 8), y_all shape = (1704, 481)
  DEBUG: X_fir shape = (1704, 8)
  Computing metrics...
  ✓ Completed in 60.9s
  R²: 0.0016, tSNR: 10.1, HRF corr: 0.985

================================================================================
Config 03/35
================================================================================
  Smoothing: 0 mm
  High-pass: None
  Drift model: None
  Confounds: motion_6
  Voxel norm: demean
  Loading data with config 3...
  Estimating HRF...
  DEBUG: Building design matrices...
    Run 1: func_data shape = (284, 481), n_scans = 284
    Run 2: func_data shape = (284, 481), n_scans = 284
    Run 3: func_data shape = (284, 481), n_scans = 284
    Run 4: func_data shape = (284, 481), n_scans = 284
    Run 5: func_data shape = (284, 481), n_scans = 284
    Run 6: func_data shape = (284, 481), n_scans = 284
    Run 1: X_run shape = (284, 8)
    Run 2: X_run shape = (284, 8)
    Run 3: X_run shape = (284, 8)
    Run 4: X_run shape = (284, 8)
    Run 5: X_run shape = (284, 8)
    Run 6: X_run shape = (284, 8)
  DEBUG: X_all shape = (1704, 8), y_all shape = (1704, 481)
  DEBUG: X_fir shape = (1704, 8)
  Computing metrics...
  ✓ Completed in 61.0s
  R²: 0.0016, tSNR: 10.1, HRF corr: 0.985

================================================================================
Config 04/35
================================================================================
  Smoothing: 0 mm
  High-pass: None
  Drift model: polynomial
  Confounds: None
  Voxel norm: None
  Loading data with config 4...
  Estimating HRF...
  DEBUG: Building design matrices...
    Run 1: func_data shape = (284, 481), n_scans = 284
    Run 2: func_data shape = (284, 481), n_scans = 284
    Run 3: func_data shape = (284, 481), n_scans = 284
    Run 4: func_data shape = (284, 481), n_scans = 284
    Run 5: func_data shape = (284, 481), n_scans = 284
    Run 6: func_data shape = (284, 481), n_scans = 284
    Run 1: X_run shape = (284, 10)
    Run 2: X_run shape = (284, 10)
    Run 3: X_run shape = (284, 10)
    Run 4: X_run shape = (284, 10)
    Run 5: X_run shape = (284, 10)
    Run 6: X_run shape = (284, 10)
  DEBUG: X_all shape = (1704, 10), y_all shape = (1704, 481)
  DEBUG: X_fir shape = (1704, 8)
  Computing metrics...
  ✓ Completed in 60.5s
  R²: 0.0027, tSNR: 9.8, HRF corr: 0.968

================================================================================
Config 05/35
================================================================================
  Smoothing: 0 mm
  High-pass: None
  Drift model: polynomial
  Confounds: None
  Voxel norm: demean
  Loading data with config 5...
  Estimating HRF...
  DEBUG: Building design matrices...
    Run 1: func_data shape = (284, 481), n_scans = 284
    Run 2: func_data shape = (284, 481), n_scans = 284
    Run 3: func_data shape = (284, 481), n_scans = 284
    Run 4: func_data shape = (284, 481), n_scans = 284
    Run 5: func_data shape = (284, 481), n_scans = 284
    Run 6: func_data shape = (284, 481), n_scans = 284
    Run 1: X_run shape = (284, 10)
    Run 2: X_run shape = (284, 10)
    Run 3: X_run shape = (284, 10)
    Run 4: X_run shape = (284, 10)
    Run 5: X_run shape = (284, 10)
    Run 6: X_run shape = (284, 10)
  DEBUG: X_all shape = (1704, 10), y_all shape = (1704, 481)
  DEBUG: X_fir shape = (1704, 8)
  Computing metrics...
  ✓ Completed in 60.6s
  R²: 0.0027, tSNR: 9.8, HRF corr: 0.968

================================================================================
Config 06/35
================================================================================
  Smoothing: 0 mm
  High-pass: None
  Drift model: polynomial
  Confounds: motion_6
  Voxel norm: None
  Loading data with config 6...
  Estimating HRF...
  DEBUG: Building design matrices...
    Run 1: func_data shape = (284, 481), n_scans = 284
    Run 2: func_data shape = (284, 481), n_scans = 284
    Run 3: func_data shape = (284, 481), n_scans = 284
    Run 4: func_data shape = (284, 481), n_scans = 284
    Run 5: func_data shape = (284, 481), n_scans = 284
    Run 6: func_data shape = (284, 481), n_scans = 284
    Run 1: X_run shape = (284, 10)
    Run 2: X_run shape = (284, 10)
    Run 3: X_run shape = (284, 10)
    Run 4: X_run shape = (284, 10)
    Run 5: X_run shape = (284, 10)
    Run 6: X_run shape = (284, 10)
  DEBUG: X_all shape = (1704, 10), y_all shape = (1704, 481)
  DEBUG: X_fir shape = (1704, 8)
  Computing metrics...
  ✓ Completed in 60.9s
  R²: 0.0016, tSNR: 10.1, HRF corr: 0.985

================================================================================
Config 07/35
================================================================================
  Smoothing: 0 mm
  High-pass: None
  Drift model: polynomial
  Confounds: motion_6
  Voxel norm: demean
  Loading data with config 7...
  Estimating HRF...
  DEBUG: Building design matrices...
    Run 1: func_data shape = (284, 481), n_scans = 284
    Run 2: func_data shape = (284, 481), n_scans = 284
    Run 3: func_data shape = (284, 481), n_scans = 284
    Run 4: func_data shape = (284, 481), n_scans = 284
    Run 5: func_data shape = (284, 481), n_scans = 284
    Run 6: func_data shape = (284, 481), n_scans = 284
    Run 1: X_run shape = (284, 10)
    Run 2: X_run shape = (284, 10)
    Run 3: X_run shape = (284, 10)
    Run 4: X_run shape = (284, 10)
    Run 5: X_run shape = (284, 10)
    Run 6: X_run shape = (284, 10)
  DEBUG: X_all shape = (1704, 10), y_all shape = (1704, 481)
  DEBUG: X_fir shape = (1704, 8)
  Computing metrics...
  ✓ Completed in 60.8s
  R²: 0.0016, tSNR: 10.1, HRF corr: 0.985

================================================================================
Config 08/35
================================================================================
  Smoothing: 0 mm
  High-pass: 0.0078125
  Drift model: None
  Confounds: None
  Voxel norm: None
  Loading data with config 8...
  Estimating HRF...
  DEBUG: Building design matrices...
    Run 1: func_data shape = (284, 481), n_scans = 284
    Run 2: func_data shape = (284, 481), n_scans = 284
    Run 3: func_data shape = (284, 481), n_scans = 284
    Run 4: func_data shape = (284, 481), n_scans = 284
    Run 5: func_data shape = (284, 481), n_scans = 284
    Run 6: func_data shape = (284, 481), n_scans = 284
    Run 1: X_run shape = (284, 8)
    Run 2: X_run shape = (284, 8)
    Run 3: X_run shape = (284, 8)
    Run 4: X_run shape = (284, 8)
    Run 5: X_run shape = (284, 8)
    Run 6: X_run shape = (284, 8)
  DEBUG: X_all shape = (1704, 8), y_all shape = (1704, 481)
  DEBUG: X_fir shape = (1704, 8)
  Computing metrics...
  ✓ Completed in 61.2s
  R²: 0.0039, tSNR: -0.0, HRF corr: 0.087

================================================================================
Config 09/35
================================================================================
  Smoothing: 0 mm
  High-pass: 0.0078125
  Drift model: None
  Confounds: None
  Voxel norm: demean
  Loading data with config 9...
  Estimating HRF...
  DEBUG: Building design matrices...
    Run 1: func_data shape = (284, 481), n_scans = 284
    Run 2: func_data shape = (284, 481), n_scans = 284
    Run 3: func_data shape = (284, 481), n_scans = 284
    Run 4: func_data shape = (284, 481), n_scans = 284
    Run 5: func_data shape = (284, 481), n_scans = 284
    Run 6: func_data shape = (284, 481), n_scans = 284
    Run 1: X_run shape = (284, 8)
    Run 2: X_run shape = (284, 8)
    Run 3: X_run shape = (284, 8)
    Run 4: X_run shape = (284, 8)
    Run 5: X_run shape = (284, 8)
    Run 6: X_run shape = (284, 8)
  DEBUG: X_all shape = (1704, 8), y_all shape = (1704, 481)
  DEBUG: X_fir shape = (1704, 8)
  Computing metrics...
  ✓ Completed in 61.2s
  R²: 0.0039, tSNR: -0.0, HRF corr: 0.087

================================================================================
Config 10/35
================================================================================
  Smoothing: 0 mm
  High-pass: 0.0078125
  Drift model: None
  Confounds: motion_6
  Voxel norm: None
  Loading data with config 10...
  Estimating HRF...
  DEBUG: Building design matrices...
    Run 1: func_data shape = (284, 481), n_scans = 284
    Run 2: func_data shape = (284, 481), n_scans = 284
    Run 3: func_data shape = (284, 481), n_scans = 284
    Run 4: func_data shape = (284, 481), n_scans = 284
    Run 5: func_data shape = (284, 481), n_scans = 284
    Run 6: func_data shape = (284, 481), n_scans = 284
    Run 1: X_run shape = (284, 8)
    Run 2: X_run shape = (284, 8)
    Run 3: X_run shape = (284, 8)
    Run 4: X_run shape = (284, 8)
    Run 5: X_run shape = (284, 8)
    Run 6: X_run shape = (284, 8)
  DEBUG: X_all shape = (1704, 8), y_all shape = (1704, 481)
  DEBUG: X_fir shape = (1704, 8)
  Computing metrics...
  ✓ Completed in 61.7s
  R²: 0.0041, tSNR: -0.0, HRF corr: 0.045

================================================================================
Config 11/35
================================================================================
  Smoothing: 0 mm
  High-pass: 0.0078125
  Drift model: None
  Confounds: motion_6
  Voxel norm: demean
  Loading data with config 11...
  Estimating HRF...
  DEBUG: Building design matrices...
    Run 1: func_data shape = (284, 481), n_scans = 284
    Run 2: func_data shape = (284, 481), n_scans = 284
    Run 3: func_data shape = (284, 481), n_scans = 284
    Run 4: func_data shape = (284, 481), n_scans = 284
    Run 5: func_data shape = (284, 481), n_scans = 284
    Run 6: func_data shape = (284, 481), n_scans = 284
    Run 1: X_run shape = (284, 8)
    Run 2: X_run shape = (284, 8)
    Run 3: X_run shape = (284, 8)
    Run 4: X_run shape = (284, 8)
    Run 5: X_run shape = (284, 8)
    Run 6: X_run shape = (284, 8)
  DEBUG: X_all shape = (1704, 8), y_all shape = (1704, 481)
  DEBUG: X_fir shape = (1704, 8)
  Computing metrics...
  ✓ Completed in 61.7s
  R²: 0.0041, tSNR: -0.0, HRF corr: 0.045

================================================================================
Config 12/35
================================================================================
  Smoothing: 6 mm
  High-pass: None
  Drift model: None
  Confounds: None
  Voxel norm: None
  Loading data with config 12...
  Estimating HRF...
  DEBUG: Building design matrices...
    Run 1: func_data shape = (284, 481), n_scans = 284
    Run 2: func_data shape = (284, 481), n_scans = 284
    Run 3: func_data shape = (284, 481), n_scans = 284
    Run 4: func_data shape = (284, 481), n_scans = 284
    Run 5: func_data shape = (284, 481), n_scans = 284
    Run 6: func_data shape = (284, 481), n_scans = 284
    Run 1: X_run shape = (284, 8)
    Run 2: X_run shape = (284, 8)
    Run 3: X_run shape = (284, 8)
    Run 4: X_run shape = (284, 8)
    Run 5: X_run shape = (284, 8)
    Run 6: X_run shape = (284, 8)
  DEBUG: X_all shape = (1704, 8), y_all shape = (1704, 481)
  DEBUG: X_fir shape = (1704, 8)
  Computing metrics...
  ✓ Completed in 101.4s
  R²: nan, tSNR: 51.3, HRF corr: 0.945

================================================================================
Config 13/35
================================================================================
  Smoothing: 6 mm
  High-pass: None
  Drift model: None
  Confounds: None
  Voxel norm: demean
  Loading data with config 13...
  Estimating HRF...
  DEBUG: Building design matrices...
    Run 1: func_data shape = (284, 481), n_scans = 284
    Run 2: func_data shape = (284, 481), n_scans = 284
    Run 3: func_data shape = (284, 481), n_scans = 284
    Run 4: func_data shape = (284, 481), n_scans = 284
    Run 5: func_data shape = (284, 481), n_scans = 284
    Run 6: func_data shape = (284, 481), n_scans = 284
    Run 1: X_run shape = (284, 8)
    Run 2: X_run shape = (284, 8)
    Run 3: X_run shape = (284, 8)
    Run 4: X_run shape = (284, 8)
    Run 5: X_run shape = (284, 8)
    Run 6: X_run shape = (284, 8)
  DEBUG: X_all shape = (1704, 8), y_all shape = (1704, 481)
  DEBUG: X_fir shape = (1704, 8)
  Computing metrics...
  ✓ Completed in 101.6s
  R²: nan, tSNR: 51.3, HRF corr: 0.945

================================================================================
Config 14/35
================================================================================
  Smoothing: 6 mm
  High-pass: None
  Drift model: None
  Confounds: motion_6
  Voxel norm: None
  Loading data with config 14...
  Estimating HRF...
  DEBUG: Building design matrices...
    Run 1: func_data shape = (284, 481), n_scans = 284
    Run 2: func_data shape = (284, 481), n_scans = 284
    Run 3: func_data shape = (284, 481), n_scans = 284
    Run 4: func_data shape = (284, 481), n_scans = 284
    Run 5: func_data shape = (284, 481), n_scans = 284
    Run 6: func_data shape = (284, 481), n_scans = 284
    Run 1: X_run shape = (284, 8)
    Run 2: X_run shape = (284, 8)
    Run 3: X_run shape = (284, 8)
    Run 4: X_run shape = (284, 8)
    Run 5: X_run shape = (284, 8)
    Run 6: X_run shape = (284, 8)
  DEBUG: X_all shape = (1704, 8), y_all shape = (1704, 481)
  DEBUG: X_fir shape = (1704, 8)
  Computing metrics...
  ✓ Completed in 101.2s
  R²: nan, tSNR: 59.5, HRF corr: 0.997

================================================================================
Config 15/35
================================================================================
  Smoothing: 6 mm
  High-pass: None
  Drift model: None
  Confounds: motion_6
  Voxel norm: demean
  Loading data with config 15...
  Estimating HRF...
  DEBUG: Building design matrices...
    Run 1: func_data shape = (284, 481), n_scans = 284
    Run 2: func_data shape = (284, 481), n_scans = 284
    Run 3: func_data shape = (284, 481), n_scans = 284
    Run 4: func_data shape = (284, 481), n_scans = 284
    Run 5: func_data shape = (284, 481), n_scans = 284
    Run 6: func_data shape = (284, 481), n_scans = 284
    Run 1: X_run shape = (284, 8)
    Run 2: X_run shape = (284, 8)
    Run 3: X_run shape = (284, 8)
    Run 4: X_run shape = (284, 8)
    Run 5: X_run shape = (284, 8)
    Run 6: X_run shape = (284, 8)
  DEBUG: X_all shape = (1704, 8), y_all shape = (1704, 481)
  DEBUG: X_fir shape = (1704, 8)
  Computing metrics...
  ✓ Completed in 102.3s
  R²: nan, tSNR: 59.5, HRF corr: 0.997

================================================================================
Config 16/35
================================================================================
  Smoothing: 6 mm
  High-pass: None
  Drift model: polynomial
  Confounds: None
  Voxel norm: None
  Loading data with config 16...
  Estimating HRF...
  DEBUG: Building design matrices...
    Run 1: func_data shape = (284, 481), n_scans = 284
    Run 2: func_data shape = (284, 481), n_scans = 284
    Run 3: func_data shape = (284, 481), n_scans = 284
    Run 4: func_data shape = (284, 481), n_scans = 284
    Run 5: func_data shape = (284, 481), n_scans = 284
    Run 6: func_data shape = (284, 481), n_scans = 284
    Run 1: X_run shape = (284, 10)
    Run 2: X_run shape = (284, 10)
    Run 3: X_run shape = (284, 10)
    Run 4: X_run shape = (284, 10)
    Run 5: X_run shape = (284, 10)
    Run 6: X_run shape = (284, 10)
  DEBUG: X_all shape = (1704, 10), y_all shape = (1704, 481)
  DEBUG: X_fir shape = (1704, 8)
  Computing metrics...
  ✓ Completed in 101.1s
  R²: nan, tSNR: 51.3, HRF corr: 0.945

================================================================================
Config 17/35
================================================================================
  Smoothing: 6 mm
  High-pass: None
  Drift model: polynomial
  Confounds: None
  Voxel norm: demean
  Loading data with config 17...
  Estimating HRF...
  DEBUG: Building design matrices...
    Run 1: func_data shape = (284, 481), n_scans = 284
    Run 2: func_data shape = (284, 481), n_scans = 284
    Run 3: func_data shape = (284, 481), n_scans = 284
    Run 4: func_data shape = (284, 481), n_scans = 284
    Run 5: func_data shape = (284, 481), n_scans = 284
    Run 6: func_data shape = (284, 481), n_scans = 284
    Run 1: X_run shape = (284, 10)
    Run 2: X_run shape = (284, 10)
    Run 3: X_run shape = (284, 10)
    Run 4: X_run shape = (284, 10)
    Run 5: X_run shape = (284, 10)
    Run 6: X_run shape = (284, 10)
  DEBUG: X_all shape = (1704, 10), y_all shape = (1704, 481)
  DEBUG: X_fir shape = (1704, 8)
  Computing metrics...
  ✓ Completed in 101.1s
  R²: nan, tSNR: 51.3, HRF corr: 0.945

================================================================================
Config 18/35
================================================================================
  Smoothing: 6 mm
  High-pass: None
  Drift model: polynomial
  Confounds: motion_6
  Voxel norm: None
  Loading data with config 18...
  Estimating HRF...
  DEBUG: Building design matrices...
    Run 1: func_data shape = (284, 481), n_scans = 284
    Run 2: func_data shape = (284, 481), n_scans = 284
    Run 3: func_data shape = (284, 481), n_scans = 284
    Run 4: func_data shape = (284, 481), n_scans = 284
    Run 5: func_data shape = (284, 481), n_scans = 284
    Run 6: func_data shape = (284, 481), n_scans = 284
    Run 1: X_run shape = (284, 10)
    Run 2: X_run shape = (284, 10)
    Run 3: X_run shape = (284, 10)
    Run 4: X_run shape = (284, 10)
    Run 5: X_run shape = (284, 10)
    Run 6: X_run shape = (284, 10)
  DEBUG: X_all shape = (1704, 10), y_all shape = (1704, 481)
  DEBUG: X_fir shape = (1704, 8)
  Computing metrics...
  ✓ Completed in 101.3s
  R²: nan, tSNR: 59.5, HRF corr: 0.997

================================================================================
Config 19/35
================================================================================
  Smoothing: 6 mm
  High-pass: None
  Drift model: polynomial
  Confounds: motion_6
  Voxel norm: demean
  Loading data with config 19...
  Estimating HRF...
  DEBUG: Building design matrices...
    Run 1: func_data shape = (284, 481), n_scans = 284
    Run 2: func_data shape = (284, 481), n_scans = 284
    Run 3: func_data shape = (284, 481), n_scans = 284
    Run 4: func_data shape = (284, 481), n_scans = 284
    Run 5: func_data shape = (284, 481), n_scans = 284
    Run 6: func_data shape = (284, 481), n_scans = 284
    Run 1: X_run shape = (284, 10)
    Run 2: X_run shape = (284, 10)
    Run 3: X_run shape = (284, 10)
    Run 4: X_run shape = (284, 10)
    Run 5: X_run shape = (284, 10)
    Run 6: X_run shape = (284, 10)
  DEBUG: X_all shape = (1704, 10), y_all shape = (1704, 481)
  DEBUG: X_fir shape = (1704, 8)
  Computing metrics...
  ✓ Completed in 101.3s
  R²: nan, tSNR: 59.5, HRF corr: 0.997

================================================================================
Config 20/35
================================================================================
  Smoothing: 6 mm
  High-pass: 0.0078125
  Drift model: None
  Confounds: None
  Voxel norm: None
  Loading data with config 20...
  Estimating HRF...
  DEBUG: Building design matrices...
    Run 1: func_data shape = (284, 481), n_scans = 284
    Run 2: func_data shape = (284, 481), n_scans = 284
    Run 3: func_data shape = (284, 481), n_scans = 284
    Run 4: func_data shape = (284, 481), n_scans = 284
    Run 5: func_data shape = (284, 481), n_scans = 284
    Run 6: func_data shape = (284, 481), n_scans = 284
    Run 1: X_run shape = (284, 8)
    Run 2: X_run shape = (284, 8)
    Run 3: X_run shape = (284, 8)
    Run 4: X_run shape = (284, 8)
    Run 5: X_run shape = (284, 8)
    Run 6: X_run shape = (284, 8)
  DEBUG: X_all shape = (1704, 8), y_all shape = (1704, 481)
  DEBUG: X_fir shape = (1704, 8)
  Computing metrics...
  ✓ Completed in 101.8s
  R²: 0.0038, tSNR: 0.0, HRF corr: 0.438

================================================================================
Config 21/35
================================================================================
  Smoothing: 6 mm
  High-pass: 0.0078125
  Drift model: None
  Confounds: None
  Voxel norm: demean
  Loading data with config 21...
  Estimating HRF...
  DEBUG: Building design matrices...
    Run 1: func_data shape = (284, 481), n_scans = 284
    Run 2: func_data shape = (284, 481), n_scans = 284
    Run 3: func_data shape = (284, 481), n_scans = 284
    Run 4: func_data shape = (284, 481), n_scans = 284
    Run 5: func_data shape = (284, 481), n_scans = 284
    Run 6: func_data shape = (284, 481), n_scans = 284
    Run 1: X_run shape = (284, 8)
    Run 2: X_run shape = (284, 8)
    Run 3: X_run shape = (284, 8)
    Run 4: X_run shape = (284, 8)
    Run 5: X_run shape = (284, 8)
    Run 6: X_run shape = (284, 8)
  DEBUG: X_all shape = (1704, 8), y_all shape = (1704, 481)
  DEBUG: X_fir shape = (1704, 8)
  Computing metrics...
  ✓ Completed in 101.3s
  R²: 0.0038, tSNR: 0.0, HRF corr: 0.438

================================================================================
Config 22/35
================================================================================
  Smoothing: 6 mm
  High-pass: 0.0078125
  Drift model: None
  Confounds: motion_6
  Voxel norm: None
  Loading data with config 22...
  Estimating HRF...
  DEBUG: Building design matrices...
    Run 1: func_data shape = (284, 481), n_scans = 284
    Run 2: func_data shape = (284, 481), n_scans = 284
    Run 3: func_data shape = (284, 481), n_scans = 284
    Run 4: func_data shape = (284, 481), n_scans = 284
    Run 5: func_data shape = (284, 481), n_scans = 284
    Run 6: func_data shape = (284, 481), n_scans = 284
    Run 1: X_run shape = (284, 8)
    Run 2: X_run shape = (284, 8)
    Run 3: X_run shape = (284, 8)
    Run 4: X_run shape = (284, 8)
    Run 5: X_run shape = (284, 8)
    Run 6: X_run shape = (284, 8)
  DEBUG: X_all shape = (1704, 8), y_all shape = (1704, 481)
  DEBUG: X_fir shape = (1704, 8)
  Computing metrics...
  ✓ Completed in 101.0s
  R²: 0.0038, tSNR: 0.0, HRF corr: -0.012

================================================================================
Config 23/35
================================================================================
  Smoothing: 6 mm
  High-pass: 0.0078125
  Drift model: None
  Confounds: motion_6
  Voxel norm: demean
  Loading data with config 23...
  Estimating HRF...
  DEBUG: Building design matrices...
    Run 1: func_data shape = (284, 481), n_scans = 284
    Run 2: func_data shape = (284, 481), n_scans = 284
    Run 3: func_data shape = (284, 481), n_scans = 284
    Run 4: func_data shape = (284, 481), n_scans = 284
    Run 5: func_data shape = (284, 481), n_scans = 284
    Run 6: func_data shape = (284, 481), n_scans = 284
    Run 1: X_run shape = (284, 8)
    Run 2: X_run shape = (284, 8)
    Run 3: X_run shape = (284, 8)
    Run 4: X_run shape = (284, 8)
    Run 5: X_run shape = (284, 8)
    Run 6: X_run shape = (284, 8)
  DEBUG: X_all shape = (1704, 8), y_all shape = (1704, 481)
  DEBUG: X_fir shape = (1704, 8)
  Computing metrics...
  ✓ Completed in 101.1s
  R²: 0.0038, tSNR: 0.0, HRF corr: -0.012

================================================================================
Config 24/35
================================================================================
  Smoothing: 8 mm
  High-pass: None
  Drift model: None
  Confounds: None
  Voxel norm: None
  Loading data with config 24...
  Estimating HRF...
  DEBUG: Building design matrices...
    Run 1: func_data shape = (284, 481), n_scans = 284
    Run 2: func_data shape = (284, 481), n_scans = 284
    Run 3: func_data shape = (284, 481), n_scans = 284
    Run 4: func_data shape = (284, 481), n_scans = 284
    Run 5: func_data shape = (284, 481), n_scans = 284
    Run 6: func_data shape = (284, 481), n_scans = 284
    Run 1: X_run shape = (284, 8)
    Run 2: X_run shape = (284, 8)
    Run 3: X_run shape = (284, 8)
    Run 4: X_run shape = (284, 8)
    Run 5: X_run shape = (284, 8)
    Run 6: X_run shape = (284, 8)
  DEBUG: X_all shape = (1704, 8), y_all shape = (1704, 481)
  DEBUG: X_fir shape = (1704, 8)
  Computing metrics...
  ✓ Completed in 107.0s
  R²: nan, tSNR: 71.7, HRF corr: 0.994

================================================================================
Config 25/35
================================================================================
  Smoothing: 8 mm
  High-pass: None
  Drift model: None
  Confounds: None
  Voxel norm: demean
  Loading data with config 25...
  Estimating HRF...
  DEBUG: Building design matrices...
    Run 1: func_data shape = (284, 481), n_scans = 284
    Run 2: func_data shape = (284, 481), n_scans = 284
    Run 3: func_data shape = (284, 481), n_scans = 284
    Run 4: func_data shape = (284, 481), n_scans = 284
    Run 5: func_data shape = (284, 481), n_scans = 284
    Run 6: func_data shape = (284, 481), n_scans = 284
    Run 1: X_run shape = (284, 8)
    Run 2: X_run shape = (284, 8)
    Run 3: X_run shape = (284, 8)
    Run 4: X_run shape = (284, 8)
    Run 5: X_run shape = (284, 8)
    Run 6: X_run shape = (284, 8)
  DEBUG: X_all shape = (1704, 8), y_all shape = (1704, 481)
  DEBUG: X_fir shape = (1704, 8)
  Computing metrics...
  ✓ Completed in 107.1s
  R²: nan, tSNR: 71.7, HRF corr: 0.994

================================================================================
Config 26/35
================================================================================
  Smoothing: 8 mm
  High-pass: None
  Drift model: None
  Confounds: motion_6
  Voxel norm: None
  Loading data with config 26...
  Estimating HRF...
  DEBUG: Building design matrices...
    Run 1: func_data shape = (284, 481), n_scans = 284
    Run 2: func_data shape = (284, 481), n_scans = 284
    Run 3: func_data shape = (284, 481), n_scans = 284
    Run 4: func_data shape = (284, 481), n_scans = 284
    Run 5: func_data shape = (284, 481), n_scans = 284
    Run 6: func_data shape = (284, 481), n_scans = 284
    Run 1: X_run shape = (284, 8)
    Run 2: X_run shape = (284, 8)
    Run 3: X_run shape = (284, 8)
    Run 4: X_run shape = (284, 8)
    Run 5: X_run shape = (284, 8)
    Run 6: X_run shape = (284, 8)
  DEBUG: X_all shape = (1704, 8), y_all shape = (1704, 481)
  DEBUG: X_fir shape = (1704, 8)
  Computing metrics...
  ✓ Completed in 110.5s
  R²: nan, tSNR: 89.5, HRF corr: 1.000

================================================================================
Config 27/35
================================================================================
  Smoothing: 8 mm
  High-pass: None
  Drift model: None
  Confounds: motion_6
  Voxel norm: demean
  Loading data with config 27...
  Estimating HRF...
  DEBUG: Building design matrices...
    Run 1: func_data shape = (284, 481), n_scans = 284
    Run 2: func_data shape = (284, 481), n_scans = 284
    Run 3: func_data shape = (284, 481), n_scans = 284
    Run 4: func_data shape = (284, 481), n_scans = 284
    Run 5: func_data shape = (284, 481), n_scans = 284
    Run 6: func_data shape = (284, 481), n_scans = 284
    Run 1: X_run shape = (284, 8)
    Run 2: X_run shape = (284, 8)
    Run 3: X_run shape = (284, 8)
    Run 4: X_run shape = (284, 8)
    Run 5: X_run shape = (284, 8)
    Run 6: X_run shape = (284, 8)
  DEBUG: X_all shape = (1704, 8), y_all shape = (1704, 481)
  DEBUG: X_fir shape = (1704, 8)
  Computing metrics...
  ✓ Completed in 107.3s
  R²: nan, tSNR: 89.5, HRF corr: 1.000

================================================================================
Config 28/35
================================================================================
  Smoothing: 8 mm
  High-pass: None
  Drift model: polynomial
  Confounds: None
  Voxel norm: None
  Loading data with config 28...
  Estimating HRF...
  DEBUG: Building design matrices...
    Run 1: func_data shape = (284, 481), n_scans = 284
    Run 2: func_data shape = (284, 481), n_scans = 284
    Run 3: func_data shape = (284, 481), n_scans = 284
    Run 4: func_data shape = (284, 481), n_scans = 284
    Run 5: func_data shape = (284, 481), n_scans = 284
    Run 6: func_data shape = (284, 481), n_scans = 284
    Run 1: X_run shape = (284, 10)
    Run 2: X_run shape = (284, 10)
    Run 3: X_run shape = (284, 10)
    Run 4: X_run shape = (284, 10)
    Run 5: X_run shape = (284, 10)
    Run 6: X_run shape = (284, 10)
  DEBUG: X_all shape = (1704, 10), y_all shape = (1704, 481)
  DEBUG: X_fir shape = (1704, 8)
  Computing metrics...
  ✓ Completed in 107.3s
  R²: nan, tSNR: 71.7, HRF corr: 0.994

================================================================================
Config 29/35
================================================================================
  Smoothing: 8 mm
  High-pass: None
  Drift model: polynomial
  Confounds: None
  Voxel norm: demean
  Loading data with config 29...
  Estimating HRF...
  DEBUG: Building design matrices...
    Run 1: func_data shape = (284, 481), n_scans = 284
    Run 2: func_data shape = (284, 481), n_scans = 284
    Run 3: func_data shape = (284, 481), n_scans = 284
    Run 4: func_data shape = (284, 481), n_scans = 284
    Run 5: func_data shape = (284, 481), n_scans = 284
    Run 6: func_data shape = (284, 481), n_scans = 284
    Run 1: X_run shape = (284, 10)
    Run 2: X_run shape = (284, 10)
    Run 3: X_run shape = (284, 10)
    Run 4: X_run shape = (284, 10)
    Run 5: X_run shape = (284, 10)
    Run 6: X_run shape = (284, 10)
  DEBUG: X_all shape = (1704, 10), y_all shape = (1704, 481)
  DEBUG: X_fir shape = (1704, 8)
  Computing metrics...
  ✓ Completed in 107.7s
  R²: nan, tSNR: 71.7, HRF corr: 0.994

================================================================================
Config 30/35
================================================================================
  Smoothing: 8 mm
  High-pass: None
  Drift model: polynomial
  Confounds: motion_6
  Voxel norm: None
  Loading data with config 30...
  Estimating HRF...
  DEBUG: Building design matrices...
    Run 1: func_data shape = (284, 481), n_scans = 284
    Run 2: func_data shape = (284, 481), n_scans = 284
    Run 3: func_data shape = (284, 481), n_scans = 284
    Run 4: func_data shape = (284, 481), n_scans = 284
    Run 5: func_data shape = (284, 481), n_scans = 284
    Run 6: func_data shape = (284, 481), n_scans = 284
    Run 1: X_run shape = (284, 10)
    Run 2: X_run shape = (284, 10)
    Run 3: X_run shape = (284, 10)
    Run 4: X_run shape = (284, 10)
    Run 5: X_run shape = (284, 10)
    Run 6: X_run shape = (284, 10)
  DEBUG: X_all shape = (1704, 10), y_all shape = (1704, 481)
  DEBUG: X_fir shape = (1704, 8)
  Computing metrics...
  ✓ Completed in 107.6s
  R²: nan, tSNR: 89.5, HRF corr: 1.000

================================================================================
Config 31/35
================================================================================
  Smoothing: 8 mm
  High-pass: None
  Drift model: polynomial
  Confounds: motion_6
  Voxel norm: demean
  Loading data with config 31...
  Estimating HRF...
  DEBUG: Building design matrices...
    Run 1: func_data shape = (284, 481), n_scans = 284
    Run 2: func_data shape = (284, 481), n_scans = 284
    Run 3: func_data shape = (284, 481), n_scans = 284
    Run 4: func_data shape = (284, 481), n_scans = 284
    Run 5: func_data shape = (284, 481), n_scans = 284
    Run 6: func_data shape = (284, 481), n_scans = 284
    Run 1: X_run shape = (284, 10)
    Run 2: X_run shape = (284, 10)
    Run 3: X_run shape = (284, 10)
    Run 4: X_run shape = (284, 10)
    Run 5: X_run shape = (284, 10)
    Run 6: X_run shape = (284, 10)
  DEBUG: X_all shape = (1704, 10), y_all shape = (1704, 481)
  DEBUG: X_fir shape = (1704, 8)
  Computing metrics...
  ✓ Completed in 107.7s
  R²: nan, tSNR: 89.5, HRF corr: 1.000

================================================================================
Config 32/35
================================================================================
  Smoothing: 8 mm
  High-pass: 0.0078125
  Drift model: None
  Confounds: None
  Voxel norm: None
  Loading data with config 32...
  Estimating HRF...
  DEBUG: Building design matrices...
    Run 1: func_data shape = (284, 481), n_scans = 284
    Run 2: func_data shape = (284, 481), n_scans = 284
    Run 3: func_data shape = (284, 481), n_scans = 284
    Run 4: func_data shape = (284, 481), n_scans = 284
    Run 5: func_data shape = (284, 481), n_scans = 284
    Run 6: func_data shape = (284, 481), n_scans = 284
    Run 1: X_run shape = (284, 8)
    Run 2: X_run shape = (284, 8)
    Run 3: X_run shape = (284, 8)
    Run 4: X_run shape = (284, 8)
    Run 5: X_run shape = (284, 8)
    Run 6: X_run shape = (284, 8)
  DEBUG: X_all shape = (1704, 8), y_all shape = (1704, 481)
  DEBUG: X_fir shape = (1704, 8)
  Computing metrics...
  ✓ Completed in 108.0s
  R²: 0.0037, tSNR: 0.0, HRF corr: 0.533

================================================================================
Config 33/35
================================================================================
  Smoothing: 8 mm
  High-pass: 0.0078125
  Drift model: None
  Confounds: None
  Voxel norm: demean
  Loading data with config 33...
  Estimating HRF...
  DEBUG: Building design matrices...
    Run 1: func_data shape = (284, 481), n_scans = 284
    Run 2: func_data shape = (284, 481), n_scans = 284
    Run 3: func_data shape = (284, 481), n_scans = 284
    Run 4: func_data shape = (284, 481), n_scans = 284
    Run 5: func_data shape = (284, 481), n_scans = 284
    Run 6: func_data shape = (284, 481), n_scans = 284
    Run 1: X_run shape = (284, 8)
    Run 2: X_run shape = (284, 8)
    Run 3: X_run shape = (284, 8)
    Run 4: X_run shape = (284, 8)
    Run 5: X_run shape = (284, 8)
    Run 6: X_run shape = (284, 8)
  DEBUG: X_all shape = (1704, 8), y_all shape = (1704, 481)
  DEBUG: X_fir shape = (1704, 8)
  Computing metrics...
  ✓ Completed in 108.0s
  R²: 0.0037, tSNR: 0.0, HRF corr: 0.533

================================================================================
Config 34/35
================================================================================
  Smoothing: 8 mm
  High-pass: 0.0078125
  Drift model: None
  Confounds: motion_6
  Voxel norm: None
  Loading data with config 34...
  Estimating HRF...
  DEBUG: Building design matrices...
    Run 1: func_data shape = (284, 481), n_scans = 284
    Run 2: func_data shape = (284, 481), n_scans = 284
    Run 3: func_data shape = (284, 481), n_scans = 284
    Run 4: func_data shape = (284, 481), n_scans = 284
    Run 5: func_data shape = (284, 481), n_scans = 284
    Run 6: func_data shape = (284, 481), n_scans = 284
    Run 1: X_run shape = (284, 8)
    Run 2: X_run shape = (284, 8)
    Run 3: X_run shape = (284, 8)
    Run 4: X_run shape = (284, 8)
    Run 5: X_run shape = (284, 8)
    Run 6: X_run shape = (284, 8)
  DEBUG: X_all shape = (1704, 8), y_all shape = (1704, 481)
  DEBUG: X_fir shape = (1704, 8)
  Computing metrics...
  ✓ Completed in 108.2s
  R²: 0.0037, tSNR: 0.0, HRF corr: 0.009

================================================================================
Config 35/35
================================================================================
  Smoothing: 8 mm
  High-pass: 0.0078125
  Drift model: None
  Confounds: motion_6
  Voxel norm: demean
  Loading data with config 35...
  Estimating HRF...
  DEBUG: Building design matrices...
    Run 1: func_data shape = (284, 481), n_scans = 284
    Run 2: func_data shape = (284, 481), n_scans = 284
    Run 3: func_data shape = (284, 481), n_scans = 284
    Run 4: func_data shape = (284, 481), n_scans = 284
    Run 5: func_data shape = (284, 481), n_scans = 284
    Run 6: func_data shape = (284, 481), n_scans = 284
    Run 1: X_run shape = (284, 8)
    Run 2: X_run shape = (284, 8)
    Run 3: X_run shape = (284, 8)
    Run 4: X_run shape = (284, 8)
    Run 5: X_run shape = (284, 8)
    Run 6: X_run shape = (284, 8)
  DEBUG: X_all shape = (1704, 8), y_all shape = (1704, 481)
  DEBUG: X_fir shape = (1704, 8)
  Computing metrics...
  ✓ Completed in 108.2s
  R²: 0.0037, tSNR: 0.0, HRF corr: 0.009

================================================================================
GRID SEARCH COMPLETE
================================================================================

Best Configuration (by HRF correlation):
  Config ID: 27
  Smoothing: 8 mm
  High-pass: nan
  Drift model: None
  Confounds: motion_6
  Voxel norm: demean
  Metrics:
    R²: nan
    tSNR: 89.5
    HRF correlation: 1.000

Results saved to: derivatives/grid_search_01_V1
================================================================================

==================================================================
✓ Grid search completed successfully
Finished: 2025. 11. 23. (일) 01:55:52 KST
==================================================================
