Starting V1 ROI analysis...
Working directory: /scratch/connectome/haba6030/colorBlind

Cleared cache: hrf_test_outputs/cache_V1/

============================================================
NAIVE_ANALYSIS.PY STARTED
Subject: sub-01, Task: rsvp, Space: MNI152NLin2009cAsym
Output directory: ./hrf_test_outputs
Working directory: /scratch/connectome/haba6030/colorBlind
============================================================

[INFO] Discovering ROI masks...
[INFO] Available ROI masks:
  - brain: output/pilot/sub-01/anat/sub-01_acq-mprage_space-MNI152NLin2009cAsym_res-2_desc-brain_mask.nii.gz
  - BrainMask: derivatives/sub-01/roi/sub-01_BrainMask_mask.nii.gz
  - EarlyVisual: derivatives/sub-01/roi/sub-01_EarlyVisual_fixed_mask.nii.gz
  - V1: derivatives/sub-01/roi/sub-01_V1_mask.nii.gz
  - V2: derivatives/sub-01/roi/sub-01_V2_mask.nii.gz
  - V3: derivatives/sub-01/roi/sub-01_V3_mask.nii.gz
  - Ventral: derivatives/sub-01/roi/sub-01_Ventral_fixed_mask.nii.gz
  - preproc: derivatives/sub-01/roi/sub-01_acq-mprage_space-MNI152NLin2009cAsym_res-2_desc-preproc_T1w_anat_mask.nii.gz
  - ribbon: derivatives/sub-01/roi/sub-01_acq-mprage_desc-ribbon_anat_mask.nii.gz
  - sub-01_acq-mprage_dseg_anat_mask: derivatives/sub-01/roi/sub-01_acq-mprage_dseg_anat_mask.nii.gz
  - sub-01_acq-mprage_space-MNI152NLin2009cAsym_res-2_dseg_anat_mask: derivatives/sub-01/roi/sub-01_acq-mprage_space-MNI152NLin2009cAsym_res-2_dseg_anat_mask.nii.gz
  - sub-01_functional_mask: derivatives/sub-01/roi/sub-01_functional_mask.nii.gz
  - hV4: derivatives/sub-01/roi/sub-01_hV4_mask.nii.gz
[INFO] Loading ROI mask: derivatives/sub-01/roi/sub-01_V1_mask.nii.gz
[INFO] This may take 2-3 minutes on slow filesystems...
[INFO] Mask loaded successfully!
[INFO] Fitting NiftiMasker (this may take 1-2 minutes)...
[INFO] NiftiMasker fitted successfully!

[INFO] Configured 6 BOLD runs for analysis

[INFO] Checking for existing TR regressor CSV files...
[INFO] All TR regressor CSV files found. Skipping generation (saves ~8GB and computation time).

완료: 각 run별 HRF 파형 PNG + TR시점 리그래서 CSV가 생성되었습니다.
※ amplitude 미지정 시 1로 가정했습니다(공식 시그니처: [onset, duration, amplitude]).

[INFO] Checking for existing design matrix CSV files...
[INFO] Loading existing design matrices from CSV files (saves computation time)...
Loaded: ./hrf_test_outputs/sub-01_rsvp_run-1_design_matrix.csv
Loaded: ./hrf_test_outputs/sub-01_rsvp_run-2_design_matrix.csv
Loaded: ./hrf_test_outputs/sub-01_rsvp_run-3_design_matrix.csv
Loaded: ./hrf_test_outputs/sub-01_rsvp_run-4_design_matrix.csv
Loaded: ./hrf_test_outputs/sub-01_rsvp_run-5_design_matrix.csv
Loaded: ./hrf_test_outputs/sub-01_rsvp_run-6_design_matrix.csv

[INFO] Loading existing first-level model from ./hrf_test_outputs/sub-01_rsvp_firstlevel.joblib (saves ~8GB and fitting time)...
[INFO] First-level model loaded successfully.

[INFO] Computing and saving contrast maps...
Loading existing: ./hrf_test_outputs/sub-01_rsvp_color_1minusblank_zmap.nii.gz
Loading existing: ./hrf_test_outputs/sub-01_rsvp_color_2minusblank_zmap.nii.gz
Loading existing: ./hrf_test_outputs/sub-01_rsvp_color_3minusblank_zmap.nii.gz
Loading existing: ./hrf_test_outputs/sub-01_rsvp_color_4minusblank_zmap.nii.gz
Loading existing: ./hrf_test_outputs/sub-01_rsvp_color_5minusblank_zmap.nii.gz
Loading existing: ./hrf_test_outputs/sub-01_rsvp_color_6minusblank_zmap.nii.gz
Loading existing: ./hrf_test_outputs/sub-01_rsvp_color_7minusblank_zmap.nii.gz
Loading existing: ./hrf_test_outputs/sub-01_rsvp_color_8minusblank_zmap.nii.gz
Loading existing: ./hrf_test_outputs/sub-01_rsvp_avg_colorsminusblank_zmap.nii.gz

[INFO] Generating PNG thumbnails...
Saved: ./hrf_test_outputs/sub-01_rsvp_V1_run1_observed_predicted_residuals.csv
Saved: ./hrf_test_outputs/sub-01_rsvp_V1_run2_observed_predicted_residuals.csv
Saved: ./hrf_test_outputs/sub-01_rsvp_V1_run3_observed_predicted_residuals.csv
Saved: ./hrf_test_outputs/sub-01_rsvp_V1_run4_observed_predicted_residuals.csv
Saved: ./hrf_test_outputs/sub-01_rsvp_V1_run5_observed_predicted_residuals.csv
Saved: ./hrf_test_outputs/sub-01_rsvp_V1_run6_observed_predicted_residuals.csv
Saved metrics: ./hrf_test_outputs/sub-01_rsvp_V1_observed_predicted_residual_metrics.csv

Metrics summary:
 run  corr_obs_pred           R2  residual_RMSE
   1       0.268002    -0.066796       8.126942
   2       0.849455     0.999340       0.204628
   3       0.305451 -1536.821977      42.789487
   4       0.425432  -798.762097      42.351783
   5            NaN          NaN      44.091825
   6       0.668201    -4.952294       5.600756
Loaded: avg_colorsminusblank (97, 115, 97)
Loaded: color_1minusblank (97, 115, 97)
Loaded: color_7minusblank (97, 115, 97)
Loaded: color_5minusblank (97, 115, 97)
Loaded: color_8minusblank (97, 115, 97)
Loaded: color_2minusblank (97, 115, 97)
Loaded: color_6minusblank (97, 115, 97)
Loaded: color_4minusblank (97, 115, 97)
Loaded: color_3minusblank (97, 115, 97)
Saved: ./hrf_test_outputs/sub-01_rsvp_avgColorsVsBlank_left_surf.png
Saved: ./hrf_test_outputs/sub-01_rsvp_avgColorsVsBlank_right_surf.png
Saved: ./hrf_test_outputs/sub-01_rsvp_avgColor_1_VsBlank_left_surf.png
Saved: ./hrf_test_outputs/sub-01_rsvp_avgColor_1_VsBlank_right_surf.png
Saved: ./hrf_test_outputs/sub-01_rsvp_avgColor_2_VsBlank_left_surf.png
Saved: ./hrf_test_outputs/sub-01_rsvp_avgColor_2_VsBlank_right_surf.png
Saved: ./hrf_test_outputs/sub-01_rsvp_avgColor_3_VsBlank_left_surf.png
Saved: ./hrf_test_outputs/sub-01_rsvp_avgColor_3_VsBlank_right_surf.png
Saved: ./hrf_test_outputs/sub-01_rsvp_avgColor_4_VsBlank_left_surf.png
Saved: ./hrf_test_outputs/sub-01_rsvp_avgColor_4_VsBlank_right_surf.png
Saved: ./hrf_test_outputs/sub-01_rsvp_avgColor_5_VsBlank_left_surf.png
Saved: ./hrf_test_outputs/sub-01_rsvp_avgColor_5_VsBlank_right_surf.png
Saved: ./hrf_test_outputs/sub-01_rsvp_avgColor_6_VsBlank_left_surf.png
Saved: ./hrf_test_outputs/sub-01_rsvp_avgColor_6_VsBlank_right_surf.png
Saved: ./hrf_test_outputs/sub-01_rsvp_avgColor_7_VsBlank_left_surf.png
Saved: ./hrf_test_outputs/sub-01_rsvp_avgColor_7_VsBlank_right_surf.png
Saved: ./hrf_test_outputs/sub-01_rsvp_avgColor_8_VsBlank_left_surf.png
Saved: ./hrf_test_outputs/sub-01_rsvp_avgColor_8_VsBlank_right_surf.png

[INFO] Running ROI-dependent analyses for 'V1' mask
[INFO] No cached run_mats found. Computing from scratch...
[OK] Using 6 runs with a common voxel set. Each run matrix shape: (511, 9)
[INFO] Saved run_mats to ./hrf_test_outputs/cache_V1/run_mats_k.joblib
[INFO] Dropping non-color conditions: [np.str_('blank')]
[OK] Selected top 5000 voxels based on mean |z| scores.

[INFO] No cached classification results found. Computing...
[Classification][V1] Test 1: acc=0.000
[Classification][V1] Test 2: acc=0.125
[Classification][V1] Test 3: acc=0.125
[Classification][V1] Test 4: acc=0.125
[Classification][V1] Test 5: acc=0.125
[Classification][V1] Test 6: acc=0.125
[INFO] Saved classification results to ./hrf_test_outputs/cache_V1/classification_results.joblib
[INFO] Saved classification summary to ./hrf_test_outputs/cache_V1/classification_results.csv

[Classification][V1] Per-color accuracy:
  color_8: 0.333
  color_7: 0.333
  color_2: 0.167
  color_6: 0.000
  color_5: 0.000
  color_4: 0.000
  color_3: 0.000
  color_1: 0.000

[Classification][V1] Best color: color_8 (0.333)
[Classification][V1] Worst color: color_1 (0.000)
[Classification][V1] Worst color misclassified mostly as color_7 (3 errors)
[Classification][V1] Best color still misclassified as color_7 (3 errors)
[Diag-MLC][V1] Run 1: acc=0.000, p=1.000, thr=0.250
[Diag-MLC][V1] Run 2: acc=0.125, p=1.000, thr=0.125
[Diag-MLC][V1] Run 3: acc=0.125, p=0.980, thr=0.125
[Diag-MLC][V1] Run 4: acc=0.125, p=0.927, thr=0.250
[Diag-MLC][V1] Run 5: acc=0.125, p=1.000, thr=0.125
[Diag-MLC][V1] Run 6: acc=0.125, p=0.902, thr=0.250

[INFO] Skipping simple forward model test (will run full version with permutation test later)

[INFO] Using Lab hue values (perceptually uniform):
  color_1: 182.1°
  color_2: 288.0°
  color_3: 305.2°
  color_4: 330.2°
  color_5: 35.3°
  color_6: 73.4°
  color_7: 125.6°
  color_8: 143.9°

[INFO] Preparing reconstruction analysis with 6 runs
[INFO] Each run has 8 colors, 511 voxels

[INFO] No cached reconstruction results found. Computing...
[Forward-Recon][V1] Run 1: hit=0.250, p=0.357, thr=0.375 (tol=22.5°, lam=0.01, n_perm=1000)
[Forward-Recon][V1] Run 2: hit=0.000, p=1.000, thr=0.375 (tol=22.5°, lam=0.01, n_perm=1000)
[Forward-Recon][V1] Run 3: hit=0.000, p=1.000, thr=0.375 (tol=22.5°, lam=0.01, n_perm=1000)
[Forward-Recon][V1] Run 4: hit=0.250, p=0.461, thr=0.500 (tol=22.5°, lam=0.01, n_perm=1000)
[Forward-Recon][V1] Run 5: hit=0.000, p=1.000, thr=0.000 (tol=22.5°, lam=0.01, n_perm=1000)
[Forward-Recon][V1] Run 6: hit=0.125, p=0.668, thr=0.375 (tol=22.5°, lam=0.01, n_perm=1000)
[INFO] Saved reconstruction results to ./hrf_test_outputs/cache_V1/reconstruction_results.joblib
[INFO] Saved reconstruction summary to ./hrf_test_outputs/cache_V1/reconstruction_results.csv

[Forward-Recon][V1] MEAN hit=0.104, MEAN p=0.748, MEAN thr=0.333

[INFO] Generating polar plot visualization...
[INFO] Polar plot saved: ./hrf_test_outputs/forward_viz/all_runs_polar_clusters.png

============================================================
ALL ANALYSES COMPLETED SUCCESSFULLY!
============================================================

V1 analysis complete!
