/scratch/connectome/haba6030/colorBlind/naive_analysis.py:638: DeprecationWarning: The `darkness` parameter will be deprecated in release 0.13. We recommend setting `darkness` to None
  fig = plotting.plot_surf_stat_map(mesh, tex, hemi=hemi, view="lateral",
/scratch/connectome/haba6030/colorBlind/naive_analysis.py:665: DeprecationWarning: The `darkness` parameter will be deprecated in release 0.13. We recommend setting `darkness` to None
  fig = plotting.plot_surf_stat_map(mesh, tex, hemi=hemi, view="lateral",
/scratch/connectome/haba6030/colorBlind/naive_analysis.py:665: DeprecationWarning: The `darkness` parameter will be deprecated in release 0.13. We recommend setting `darkness` to None
  fig = plotting.plot_surf_stat_map(mesh, tex, hemi=hemi, view="lateral",
/scratch/connectome/haba6030/colorBlind/naive_analysis.py:665: DeprecationWarning: The `darkness` parameter will be deprecated in release 0.13. We recommend setting `darkness` to None
  fig = plotting.plot_surf_stat_map(mesh, tex, hemi=hemi, view="lateral",
/scratch/connectome/haba6030/colorBlind/naive_analysis.py:665: DeprecationWarning: The `darkness` parameter will be deprecated in release 0.13. We recommend setting `darkness` to None
  fig = plotting.plot_surf_stat_map(mesh, tex, hemi=hemi, view="lateral",
/scratch/connectome/haba6030/colorBlind/naive_analysis.py:665: DeprecationWarning: The `darkness` parameter will be deprecated in release 0.13. We recommend setting `darkness` to None
  fig = plotting.plot_surf_stat_map(mesh, tex, hemi=hemi, view="lateral",
/scratch/connectome/haba6030/colorBlind/naive_analysis.py:665: DeprecationWarning: The `darkness` parameter will be deprecated in release 0.13. We recommend setting `darkness` to None
  fig = plotting.plot_surf_stat_map(mesh, tex, hemi=hemi, view="lateral",
/scratch/connectome/haba6030/colorBlind/naive_analysis.py:665: DeprecationWarning: The `darkness` parameter will be deprecated in release 0.13. We recommend setting `darkness` to None
  fig = plotting.plot_surf_stat_map(mesh, tex, hemi=hemi, view="lateral",
/scratch/connectome/haba6030/colorBlind/naive_analysis.py:665: DeprecationWarning: The `darkness` parameter will be deprecated in release 0.13. We recommend setting `darkness` to None
  fig = plotting.plot_surf_stat_map(mesh, tex, hemi=hemi, view="lateral",
/scratch/connectome/haba6030/colorBlind/naive_analysis.py:726: UserWarning: Mean values of 0 observed. The data have probably been centered. Scaling might not work as expected.
  glm = FirstLevelModel(
/scratch/connectome/haba6030/colorBlind/naive_analysis.py:726: UserWarning: Mean values of 0 observed. The data have probably been centered. Scaling might not work as expected.
  glm = FirstLevelModel(
/scratch/connectome/haba6030/colorBlind/naive_analysis.py:726: UserWarning: Mean values of 0 observed. The data have probably been centered. Scaling might not work as expected.
  glm = FirstLevelModel(
/scratch/connectome/haba6030/colorBlind/naive_analysis.py:726: UserWarning: Mean values of 0 observed. The data have probably been centered. Scaling might not work as expected.
  glm = FirstLevelModel(
/scratch/connectome/haba6030/colorBlind/naive_analysis.py:726: UserWarning: Mean values of 0 observed. The data have probably been centered. Scaling might not work as expected.
  glm = FirstLevelModel(
/scratch/connectome/haba6030/colorBlind/naive_analysis.py:726: UserWarning: Mean values of 0 observed. The data have probably been centered. Scaling might not work as expected.
  glm = FirstLevelModel(
Traceback (most recent call last):
  File "/scratch/connectome/haba6030/colorBlind/naive_analysis.py", line 1245, in <module>
    run_mats_k, run_labels = _filter_color_columns(run_mats_k, run_labels)
  File "/scratch/connectome/haba6030/colorBlind/naive_analysis.py", line 1243, in _filter_color_columns
    return run_mats, run_labels
UnboundLocalError: local variable 'run_mats' referenced before assignment
